Using pre-set license
Built from '6000.0/staging' branch; Version is '6000.0.56f1 (9c7b5e468860) revision 10255198'; Using compiler version '193933523'; Build Type 'Release'
OS: 'Windows 11  (10.0.22631) 64bit Education' Language: 'en' Physical Memory: 32437 MB
BatchMode: 1, IsHumanControllingUs: 0, StartBugReporterOnCrash: 0, Is64bit: 1
Date: 2025-10-09T12:20:04Z

COMMAND LINE ARGUMENTS:
C:\Program Files\Unity\Hub\Editor\6000.0.56f1\Editor\Unity.exe
-adb2
-batchMode
-noUpm
-name
AssetImportWorker4
-projectPath
C:/Users/02MADDOX.GREENSPOON/Maddox Greenspoon/Repositories/Unity Essentials/Essentials
-logFile
Logs/AssetImportWorker4.log
-srvPort
54701
-job-worker-count
5
-background-job-worker-count
8
-gc-helper-count
1
-name
AssetImport
Successfully changed project path to: C:/Users/02MADDOX.GREENSPOON/Maddox Greenspoon/Repositories/Unity Essentials/Essentials
C:/Users/02MADDOX.GREENSPOON/Maddox Greenspoon/Repositories/Unity Essentials/Essentials
[UnityMemory] Configuration Parameters - Can be set up in boot.config
    "memorysetup-bucket-allocator-granularity=16"
    "memorysetup-bucket-allocator-bucket-count=8"
    "memorysetup-bucket-allocator-block-size=33554432"
    "memorysetup-bucket-allocator-block-count=8"
    "memorysetup-main-allocator-block-size=16777216"
    "memorysetup-thread-allocator-block-size=16777216"
    "memorysetup-gfx-main-allocator-block-size=16777216"
    "memorysetup-gfx-thread-allocator-block-size=16777216"
    "memorysetup-cache-allocator-block-size=4194304"
    "memorysetup-typetree-allocator-block-size=2097152"
    "memorysetup-profiler-bucket-allocator-granularity=16"
    "memorysetup-profiler-bucket-allocator-bucket-count=8"
    "memorysetup-profiler-bucket-allocator-block-size=33554432"
    "memorysetup-profiler-bucket-allocator-block-count=8"
    "memorysetup-profiler-allocator-block-size=16777216"
    "memorysetup-profiler-editor-allocator-block-size=1048576"
    "memorysetup-temp-allocator-size-main=16777216"
    "memorysetup-job-temp-allocator-block-size=2097152"
    "memorysetup-job-temp-allocator-block-size-background=1048576"
    "memorysetup-job-temp-allocator-reduction-small-platforms=262144"
    "memorysetup-allocator-temp-initial-block-size-main=262144"
    "memorysetup-allocator-temp-initial-block-size-worker=262144"
    "memorysetup-temp-allocator-size-background-worker=32768"
    "memorysetup-temp-allocator-size-job-worker=262144"
    "memorysetup-temp-allocator-size-preload-manager=33554432"
    "memorysetup-temp-allocator-size-nav-mesh-worker=65536"
    "memorysetup-temp-allocator-size-audio-worker=65536"
    "memorysetup-temp-allocator-size-cloud-worker=32768"
    "memorysetup-temp-allocator-size-gi-baking-worker=262144"
    "memorysetup-temp-allocator-size-gi-baking-worker=262144"
    "memorysetup-temp-allocator-size-gi-baking-worker=262144"
    "memorysetup-temp-allocator-size-gi-baking-worker=262144"
    "memorysetup-temp-allocator-size-gi-baking-worker=262144"
    "memorysetup-temp-allocator-size-gfx=262144"
Player connection [4240]  Target information:

Player connection [4240]  * "[IP] 10.202.144.9 [Port] 0 [Flags] 2 [Guid] 1775297811 [EditorId] 1775297811 [Version] 1048832 [Id] WindowsEditor(7,GUL-HS-2211SD09) [Debug] 1 [PackageName] WindowsEditor [ProjectName] Editor" 

Player connection [4240]  * "[IP] 192.168.247.1 [Port] 0 [Flags] 2 [Guid] 1775297811 [EditorId] 1775297811 [Version] 1048832 [Id] WindowsEditor(7,GUL-HS-2211SD09) [Debug] 1 [PackageName] WindowsEditor [ProjectName] Editor" 

Player connection [4240]  * "[IP] 192.168.2.1 [Port] 0 [Flags] 2 [Guid] 1775297811 [EditorId] 1775297811 [Version] 1048832 [Id] WindowsEditor(7,GUL-HS-2211SD09) [Debug] 1 [PackageName] WindowsEditor [ProjectName] Editor" 

Player connection [4240]  * "[IP] 192.168.56.1 [Port] 0 [Flags] 2 [Guid] 1775297811 [EditorId] 1775297811 [Version] 1048832 [Id] WindowsEditor(7,GUL-HS-2211SD09) [Debug] 1 [PackageName] WindowsEditor [ProjectName] Editor" 

Player connection [4240] Host joined multi-casting on [225.0.0.222:54997]...
Player connection [4240] Host joined alternative multi-casting on [225.0.0.222:34997]...
JobSystem: Creating JobQueue using job-worker-count value 5
Input System module state changed to: Initialized.
[Physics::Module] Initialized fallback backend.
[Physics::Module] Id: 0xdecafbad
Library Redirect Path: Library/
[Physics::Module] Selected backend.
[Physics::Module] Name: PhysX
[Physics::Module] Id: 0xf2b8ea05
[Physics::Module] SDK Version: 4.1.2
[Physics::Module] Integration Version: 1.0.0
[Physics::Module] Threading Mode: Multi-Threaded
Refreshing native plugins compatible for Editor in 5.64 ms, found 3 plugins.
Preloading 0 native plugins for Editor in 0.00 ms.
Initialize engine version: 6000.0.56f1 (9c7b5e468860)
[Subsystems] Discovering subsystems at path C:/Program Files/Unity/Hub/Editor/6000.0.56f1/Editor/Data/Resources/UnitySubsystems
[Subsystems] Discovering subsystems at path C:/Users/02MADDOX.GREENSPOON/Maddox Greenspoon/Repositories/Unity Essentials/Essentials/Assets
GfxDevice: creating device client; kGfxThreadingModeNonThreaded
Direct3D:
    Version:  Direct3D 11.0 [level 11.1]
    Renderer: NVIDIA T400 4GB (ID=0x1ff2)
    Vendor:   NVIDIA
    VRAM:     3943 MB
    Driver:   32.0.15.7216
Initialize mono
Mono path[0] = 'C:/Program Files/Unity/Hub/Editor/6000.0.56f1/Editor/Data/Managed'
Mono path[1] = 'C:/Program Files/Unity/Hub/Editor/6000.0.56f1/Editor/Data/MonoBleedingEdge/lib/mono/unityjit-win32'
Mono config path = 'C:/Program Files/Unity/Hub/Editor/6000.0.56f1/Editor/Data/MonoBleedingEdge/etc'
Using monoOptions --debugger-agent=transport=dt_socket,embedding=1,server=y,suspend=n,address=127.0.0.1:56032
Begin MonoManager ReloadAssembly
Registering precompiled unity dll's ...
Register platform support module: C:/Program Files/Unity/Hub/Editor/6000.0.56f1/Editor/Data/PlaybackEngines/WebGLSupport/UnityEditor.WebGL.Extensions.dll
Register platform support module: C:/Program Files/Unity/Hub/Editor/6000.0.56f1/Editor/Data/PlaybackEngines/WindowsStandaloneSupport/UnityEditor.WindowsStandalone.Extensions.dll
Register platform support module: C:/Program Files/Unity/Hub/Editor/6000.0.56f1/Editor/Data/PlaybackEngines/MetroSupport/UnityEditor.UWP.Extensions.dll
Registered in 0.004314 seconds.
- Loaded All Assemblies, in  0.454 seconds
Native extension for UWP target not found
Native extension for WindowsStandalone target not found
Native extension for WebGL target not found
Mono: successfully reloaded assembly
- Finished resetting the current domain, in  0.375 seconds
Domain Reload Profiling: 827ms
	BeginReloadAssembly (163ms)
		ExecutionOrderSort (0ms)
		DisableScriptedObjects (0ms)
		BackupInstance (0ms)
		ReleaseScriptingObjects (0ms)
		CreateAndSetChildDomain (1ms)
	RebuildCommonClasses (38ms)
	RebuildNativeTypeToScriptingClass (13ms)
	initialDomainReloadingComplete (50ms)
	LoadAllAssembliesAndSetupDomain (187ms)
		LoadAssemblies (162ms)
		RebuildTransferFunctionScriptingTraits (0ms)
		AnalyzeDomain (184ms)
			TypeCache.Refresh (183ms)
				TypeCache.ScanAssembly (167ms)
			BuildScriptInfoCaches (0ms)
			ResolveRequiredComponents (0ms)
	FinalizeReload (375ms)
		ReleaseScriptCaches (0ms)
		RebuildScriptCaches (0ms)
		SetupLoadedEditorAssemblies (330ms)
			LogAssemblyErrors (0ms)
			InitializePlatformSupportModulesInManaged (71ms)
			SetLoadedEditorAssemblies (4ms)
			BeforeProcessingInitializeOnLoad (52ms)
			ProcessInitializeOnLoadAttributes (149ms)
			ProcessInitializeOnLoadMethodAttributes (53ms)
			AfterProcessingInitializeOnLoad (0ms)
			EditorAssembliesLoaded (0ms)
		ExecutionOrderSort2 (0ms)
		AwakeInstancesAfterBackupRestoration (0ms)
========================================================================
Worker process is ready to serve import requests
Import Worker Mode flag is 0x00
Begin MonoManager ReloadAssembly
Symbol file LoadedFromMemory is not a mono symbol file
- Loaded All Assemblies, in  0.887 seconds
Refreshing native plugins compatible for Editor in 3.59 ms, found 3 plugins.
Native extension for UWP target not found
Native extension for WindowsStandalone target not found
Native extension for WebGL target not found
Package Manager log level set to [2]
[Package Manager] Failed to launch server process. Reason: Unity was launched with the -noUpm command-line argument
[Package Manager] Unable to send message (not connected to server process).
[Package Manager] Cannot connect to Unity Package Manager local server
Refreshing native plugins compatible for Editor in 4.78 ms, found 3 plugins.
Mono: successfully reloaded assembly
- Finished resetting the current domain, in  0.804 seconds
Domain Reload Profiling: 1685ms
	BeginReloadAssembly (184ms)
		ExecutionOrderSort (0ms)
		DisableScriptedObjects (8ms)
		BackupInstance (0ms)
		ReleaseScriptingObjects (0ms)
		CreateAndSetChildDomain (31ms)
	RebuildCommonClasses (34ms)
	RebuildNativeTypeToScriptingClass (13ms)
	initialDomainReloadingComplete (35ms)
	LoadAllAssembliesAndSetupDomain (614ms)
		LoadAssemblies (441ms)
		RebuildTransferFunctionScriptingTraits (0ms)
		AnalyzeDomain (271ms)
			TypeCache.Refresh (194ms)
				TypeCache.ScanAssembly (172ms)
			BuildScriptInfoCaches (64ms)
			ResolveRequiredComponents (9ms)
	FinalizeReload (805ms)
		ReleaseScriptCaches (0ms)
		RebuildScriptCaches (0ms)
		SetupLoadedEditorAssemblies (617ms)
			LogAssemblyErrors (0ms)
			InitializePlatformSupportModulesInManaged (12ms)
			SetLoadedEditorAssemblies (3ms)
			BeforeProcessingInitializeOnLoad (109ms)
			ProcessInitializeOnLoadAttributes (325ms)
			ProcessInitializeOnLoadMethodAttributes (164ms)
			AfterProcessingInitializeOnLoad (3ms)
			EditorAssembliesLoaded (0ms)
		ExecutionOrderSort2 (0ms)
		AwakeInstancesAfterBackupRestoration (6ms)
Launched and connected shader compiler UnityShaderCompiler.exe after 0.03 seconds
Refreshing native plugins compatible for Editor in 7.06 ms, found 3 plugins.
Preloading 0 native plugins for Editor in 0.00 ms.
Unloading 14 Unused Serialized files (Serialized files now loaded: 0)
Unloading 6411 unused Assets / (4.7 MB). Loaded Objects now: 7130.
Memory consumption went from 153.4 MB to 148.7 MB.
Total: 13.819500 ms (FindLiveObjects: 0.570400 ms CreateObjectMapping: 0.610100 ms MarkObjects: 9.876300 ms  DeleteObjects: 2.761300 ms)

========================================================================
Received Import Request.
  Time since last request: 2586.389562 seconds.
  path: Assets/BrokenVector/LowPolyRoadPack/Models/Road Straight 2.dae
  artifactKey: Guid(23337dac036abd34499f9f5131a19858) Importer(815301076,1909f56bfc062723c751e8b465ee728b)
Start importing Assets/BrokenVector/LowPolyRoadPack/Models/Road Straight 2.dae using Guid(23337dac036abd34499f9f5131a19858) Importer(815301076,1909f56bfc062723c751e8b465ee728b) (PreviewImporter) -> (artifact id: '9d62445431bd60263d8b64d5923e20f6') in 1.0144206 seconds
Number of updated asset objects reloaded before import = 0Number of asset objects unloaded after import = 8

========================================================================
Received Import Request.
  Time since last request: 61.816350 seconds.
  path: Assets/KajamansRoads
  artifactKey: Guid(631ae97dbab4fd34ab3c73254cfcacd0) Importer(815301076,1909f56bfc062723c751e8b465ee728b)
Start importing Assets/KajamansRoads using Guid(631ae97dbab4fd34ab3c73254cfcacd0) Importer(815301076,1909f56bfc062723c751e8b465ee728b) (PreviewImporter) -> (artifact id: 'abb61d339f15afdae69881cac32058e1') in 0.0005706 seconds
Number of updated asset objects reloaded before import = 0Number of asset objects unloaded after import = 0

========================================================================
Received Import Request.
  Time since last request: 1.772307 seconds.
  path: Assets/KajamansRoads/Free
  artifactKey: Guid(d87f82d568bd0c046b56315a8719cc5d) Importer(815301076,1909f56bfc062723c751e8b465ee728b)
Start importing Assets/KajamansRoads/Free using Guid(d87f82d568bd0c046b56315a8719cc5d) Importer(815301076,1909f56bfc062723c751e8b465ee728b) (PreviewImporter) -> (artifact id: '31423c8ee388133f1b3f6ccfbe974ada') in 0.0007004 seconds
Number of updated asset objects reloaded before import = 0Number of asset objects unloaded after import = 0

========================================================================
Received Import Request.
  Time since last request: 1.056763 seconds.
  path: Assets/KajamansRoads/Free/Prefabs
  artifactKey: Guid(8c16c5dc6024c2648a394471c5e1a8be) Importer(815301076,1909f56bfc062723c751e8b465ee728b)
Start importing Assets/KajamansRoads/Free/Prefabs using Guid(8c16c5dc6024c2648a394471c5e1a8be) Importer(815301076,1909f56bfc062723c751e8b465ee728b) (PreviewImporter) -> (artifact id: '1751a2134072707494f28450790c134b') in 0.000474 seconds
Number of updated asset objects reloaded before import = 0Number of asset objects unloaded after import = 0

========================================================================
Received Import Request.
  Time since last request: 1.069674 seconds.
  path: Assets/KajamansRoads/Free/Prefabs/l10km_cc4_sl20_t(12123025)_A87113010_Alley.prefab
  artifactKey: Guid(7cc1045a0e531c442bdc048fdfbd1231) Importer(815301076,1909f56bfc062723c751e8b465ee728b)
Start importing Assets/KajamansRoads/Free/Prefabs/l10km_cc4_sl20_t(12123025)_A87113010_Alley.prefab using Guid(7cc1045a0e531c442bdc048fdfbd1231) Importer(815301076,1909f56bfc062723c751e8b465ee728b) (PreviewImporter) -> (artifact id: '60e166a528d5c153562a256c4c6cd567') in 0.0548545 seconds
Number of updated asset objects reloaded before import = 0Number of asset objects unloaded after import = 9

========================================================================
Received Import Request.
  Time since last request: 0.000026 seconds.
  path: Assets/KajamansRoads/Free/Prefabs/l10km_cc4_sl69_t(1212029)_rw12_wh15_n1_RsBtW_MeshV00_m.prefab
  artifactKey: Guid(6becd15d7262243478b14c339313ad72) Importer(815301076,1909f56bfc062723c751e8b465ee728b)
Start importing Assets/KajamansRoads/Free/Prefabs/l10km_cc4_sl69_t(1212029)_rw12_wh15_n1_RsBtW_MeshV00_m.prefab using Guid(6becd15d7262243478b14c339313ad72) Importer(815301076,1909f56bfc062723c751e8b465ee728b) (PreviewImporter) -> (artifact id: 'f07e3250c15ca5c7420f56d9786b27a8') in 0.1081214 seconds
Number of updated asset objects reloaded before import = 0Number of asset objects unloaded after import = 16

========================================================================
Received Import Request.
  Time since last request: 0.000033 seconds.
  path: Assets/KajamansRoads/Free/Prefabs/l20km_cc2_sl30_t(401509)_rw28_wh15_n1_RsBTW_MeshV00_m.prefab
  artifactKey: Guid(26419c6407d63bc4abd79bf3d120f522) Importer(815301076,1909f56bfc062723c751e8b465ee728b)
Start importing Assets/KajamansRoads/Free/Prefabs/l20km_cc2_sl30_t(401509)_rw28_wh15_n1_RsBTW_MeshV00_m.prefab using Guid(26419c6407d63bc4abd79bf3d120f522) Importer(815301076,1909f56bfc062723c751e8b465ee728b) (PreviewImporter) -> (artifact id: 'c8a817098b55b1fd84c3a08eb940b505') in 0.0463292 seconds
Number of updated asset objects reloaded before import = 0Number of asset objects unloaded after import = 19

========================================================================
Received Import Request.
  Time since last request: 0.000024 seconds.
  path: Assets/KajamansRoads/Free/Prefabs/l10km_cc4_sl20_t(12123025)_rw10_wh3_n3_RsBTW_MeshV00_m.prefab
  artifactKey: Guid(6215070e0f160d74998efe50358b3d5e) Importer(815301076,1909f56bfc062723c751e8b465ee728b)
Start importing Assets/KajamansRoads/Free/Prefabs/l10km_cc4_sl20_t(12123025)_rw10_wh3_n3_RsBTW_MeshV00_m.prefab using Guid(6215070e0f160d74998efe50358b3d5e) Importer(815301076,1909f56bfc062723c751e8b465ee728b) (PreviewImporter) -> (artifact id: '135d74e476469ad27bfc8a57c6c867f8') in 0.0523499 seconds
Number of updated asset objects reloaded before import = 0Number of asset objects unloaded after import = 16

========================================================================
Received Import Request.
  Time since last request: 0.000022 seconds.
  path: Assets/KajamansRoads/Free/Prefabs/l20km_cc2_sl30_t(401509)_rw28_wh15_n1_RsBTW_MeshV00.prefab
  artifactKey: Guid(a7e9891f686821e46ade0477d65446f6) Importer(815301076,1909f56bfc062723c751e8b465ee728b)
Start importing Assets/KajamansRoads/Free/Prefabs/l20km_cc2_sl30_t(401509)_rw28_wh15_n1_RsBTW_MeshV00.prefab using Guid(a7e9891f686821e46ade0477d65446f6) Importer(815301076,1909f56bfc062723c751e8b465ee728b) (PreviewImporter) -> (artifact id: 'd4c0355068f2979c28c0f49eff47cc74') in 0.0569846 seconds
Number of updated asset objects reloaded before import = 0Number of asset objects unloaded after import = 19

========================================================================
Received Import Request.
  Time since last request: 24.476666 seconds.
  path: Assets/Settings/2D Render Pipeline Asset.asset
  artifactKey: Guid(241c371eed30a4013aab2a4f78411bfc) Importer(2089858483,3d70f49cd1c2eb9ae422958d1c652c6b)
Start importing Assets/Settings/2D Render Pipeline Asset.asset using Guid(241c371eed30a4013aab2a4f78411bfc) Importer(2089858483,3d70f49cd1c2eb9ae422958d1c652c6b) (ScriptedImporter) -> (artifact id: 'e9eb5e36c7e3715b844378c75f668399') in 0.3409962 seconds
Number of updated asset objects reloaded before import = 0Number of asset objects unloaded after import = 1

========================================================================
Received Import Request.
  Time since last request: 0.000044 seconds.
  path: Assets/_Unity Essentials/Fonts/DancingScript-Regular SDF.asset
  artifactKey: Guid(2c331721f5d8f4557931a8cd6d2082c2) Importer(2089858483,3d70f49cd1c2eb9ae422958d1c652c6b)
Start importing Assets/_Unity Essentials/Fonts/DancingScript-Regular SDF.asset using Guid(2c331721f5d8f4557931a8cd6d2082c2) Importer(2089858483,3d70f49cd1c2eb9ae422958d1c652c6b) (ScriptedImporter) -> (artifact id: '5bce6bf7de9acd2a7e328bd6b777ed95') in 0.0567049 seconds
Number of updated asset objects reloaded before import = 0Number of asset objects unloaded after import = 2

========================================================================
Received Import Request.
  Time since last request: 0.000040 seconds.
  path: Assets/BrokenVector/LowPolyRoadPack/Prefabs/Car 2.prefab
  artifactKey: Guid(8a6f09027b5c26b4b8d2f6d00dbce6d1) Importer(2089858483,3d70f49cd1c2eb9ae422958d1c652c6b)
Start importing Assets/BrokenVector/LowPolyRoadPack/Prefabs/Car 2.prefab using Guid(8a6f09027b5c26b4b8d2f6d00dbce6d1) Importer(2089858483,3d70f49cd1c2eb9ae422958d1c652c6b) (ScriptedImporter) -> (artifact id: '2445407375f68e3bc34fd5864338e0c8') in 0.0358443 seconds
Number of updated asset objects reloaded before import = 0Number of asset objects unloaded after import = 35

========================================================================
Received Import Request.
  Time since last request: 0.000028 seconds.
  path: Assets/BrokenVector/LowPolyRoadPack/Prefabs/Highway Join Highway 2.prefab
  artifactKey: Guid(51c576822a7a42345b47955233d25adb) Importer(2089858483,3d70f49cd1c2eb9ae422958d1c652c6b)
Start importing Assets/BrokenVector/LowPolyRoadPack/Prefabs/Highway Join Highway 2.prefab using Guid(51c576822a7a42345b47955233d25adb) Importer(2089858483,3d70f49cd1c2eb9ae422958d1c652c6b) (ScriptedImporter) -> (artifact id: '11eb252655bda497a52299d9a1c0af46') in 0.0254301 seconds
Number of updated asset objects reloaded before import = 0Number of asset objects unloaded after import = 10

========================================================================
Received Import Request.
  Time since last request: 0.000023 seconds.
  path: Assets/BrokenVector/LowPolyRoadPack/Prefabs/SingleLane Join SingleLane.prefab
  artifactKey: Guid(82697fef831cee04ab4411218e725f9f) Importer(2089858483,3d70f49cd1c2eb9ae422958d1c652c6b)
Start importing Assets/BrokenVector/LowPolyRoadPack/Prefabs/SingleLane Join SingleLane.prefab using Guid(82697fef831cee04ab4411218e725f9f) Importer(2089858483,3d70f49cd1c2eb9ae422958d1c652c6b) (ScriptedImporter) -> (artifact id: 'f981d17fb8aad37be2e038225ae28c55') in 0.0248799 seconds
Number of updated asset objects reloaded before import = 0Number of asset objects unloaded after import = 9

========================================================================
Received Import Request.
  Time since last request: 0.000029 seconds.
  path: Assets/_Unity Essentials/Scenes/6_Bonus_Custom_Scene.unity
  artifactKey: Guid(9f23fd4a84396415f878719f61b600b0) Importer(2089858483,192608db42251d675da83286b1cce702)
Start importing Assets/_Unity Essentials/Scenes/6_Bonus_Custom_Scene.unity using Guid(9f23fd4a84396415f878719f61b600b0) Importer(2089858483,192608db42251d675da83286b1cce702) (ScriptedImporter) -> (artifact id: '461eb94bd5f90e9454ff7152fe5b3d0e') in 0.0260914 seconds
Number of updated asset objects reloaded before import = 0Number of asset objects unloaded after import = 1

========================================================================
Received Import Request.
  Time since last request: 0.000038 seconds.
  path: Assets/KajamansRoads/Textures/Guardrails01.png
  artifactKey: Guid(d0c8825c4e57ebc42ab4f1f4acaf14ed) Importer(2089858483,192608db42251d675da83286b1cce702)
Start importing Assets/KajamansRoads/Textures/Guardrails01.png using Guid(d0c8825c4e57ebc42ab4f1f4acaf14ed) Importer(2089858483,192608db42251d675da83286b1cce702) (ScriptedImporter) -> (artifact id: '44d2c3868de432c0c326a835e563141a') in 0.0964079 seconds
Number of updated asset objects reloaded before import = 0Number of asset objects unloaded after import = 1

========================================================================
Received Import Request.
  Time since last request: 0.000025 seconds.
  path: Assets/KajamansRoads/Textures/MyListTree02b.png
  artifactKey: Guid(fc603b4bb27e4ca419431f0579129b6e) Importer(2089858483,192608db42251d675da83286b1cce702)
Start importing Assets/KajamansRoads/Textures/MyListTree02b.png using Guid(fc603b4bb27e4ca419431f0579129b6e) Importer(2089858483,192608db42251d675da83286b1cce702) (ScriptedImporter) -> (artifact id: 'f7a2dce23ecd712e1cfc04397fabea36') in 0.0268874 seconds
Number of updated asset objects reloaded before import = 0Number of asset objects unloaded after import = 1

========================================================================
Received Import Request.
  Time since last request: 0.000030 seconds.
  path: Assets/Settings/Performant_PipelineAsset_ForwardRenderer.asset
  artifactKey: Guid(d9bce7b887bfea944acab1c1c29921ac) Importer(2089858483,192608db42251d675da83286b1cce702)
Start importing Assets/Settings/Performant_PipelineAsset_ForwardRenderer.asset using Guid(d9bce7b887bfea944acab1c1c29921ac) Importer(2089858483,192608db42251d675da83286b1cce702) (ScriptedImporter) -> (artifact id: '231f1ab7e9460a52784ca955802e2f2c') in 0.0833847 seconds
Number of updated asset objects reloaded before import = 0Number of asset objects unloaded after import = 1

========================================================================
Received Import Request.
  Time since last request: 0.000068 seconds.
  path: Assets/_Unity Essentials/Scenes/3_Kitchen_Audio_Scene.unity
  artifactKey: Guid(6ddeb5bb8dda34b6183a30b9409cd6a9) Importer(2089858483,3d70f49cd1c2eb9ae422958d1c652c6b)
Start importing Assets/_Unity Essentials/Scenes/3_Kitchen_Audio_Scene.unity using Guid(6ddeb5bb8dda34b6183a30b9409cd6a9) Importer(2089858483,3d70f49cd1c2eb9ae422958d1c652c6b) (ScriptedImporter)Opening scene 'Assets/_Unity Essentials/Scenes/3_Kitchen_Audio_Scene.unity additively'
LightingSettings: switching bake backend from 1 to 2.
Loaded scene 'Assets/_Unity Essentials/Scenes/3_Kitchen_Audio_Scene.unity'
	Deserialize:            4.118 ms
	Integration:            44.865 ms
	Integration of assets:  0.006 ms
	Thread Wait Time:       0.015 ms
	Total Operation Time:   49.005 ms
 -> (artifact id: '407f88df871dd5965adccad01d25b8b0') in 0.139029 seconds
Number of updated asset objects reloaded before import = 0Number of asset objects unloaded after import = 1236

========================================================================
Received Import Request.
  Time since last request: 0.000035 seconds.
  path: Assets/KajamansRoads/Textures/byKajaman.png
  artifactKey: Guid(46dddbf021c75a846ad5ca6eece444ef) Importer(2089858483,192608db42251d675da83286b1cce702)
Start importing Assets/KajamansRoads/Textures/byKajaman.png using Guid(46dddbf021c75a846ad5ca6eece444ef) Importer(2089858483,192608db42251d675da83286b1cce702) (ScriptedImporter) -> (artifact id: '2c53b3741b9db75bb853f84629d14b40') in 0.0379994 seconds
Number of updated asset objects reloaded before import = 0Number of asset objects unloaded after import = 3

========================================================================
Received Import Request.
  Time since last request: 0.000026 seconds.
  path: Assets/KajamansRoads/Materials/6RoadMat.mat
  artifactKey: Guid(81d5ef976824ab9448707292bc4a5884) Importer(2089858483,192608db42251d675da83286b1cce702)
Start importing Assets/KajamansRoads/Materials/6RoadMat.mat using Guid(81d5ef976824ab9448707292bc4a5884) Importer(2089858483,192608db42251d675da83286b1cce702) (ScriptedImporter) -> (artifact id: 'd411111506c891f3338cbadc809e2fde') in 0.0233061 seconds
Number of updated asset objects reloaded before import = 0Number of asset objects unloaded after import = 3

========================================================================
Received Import Request.
  Time since last request: 0.000034 seconds.
  path: Assets/KajamansRoads/Free/Prefabs/l10km_cc4_sl20_t(12123025)_A87113010_Alley_m.prefab
  artifactKey: Guid(7a5fccb891a9c954589776539299e74e) Importer(2089858483,192608db42251d675da83286b1cce702)
Start importing Assets/KajamansRoads/Free/Prefabs/l10km_cc4_sl20_t(12123025)_A87113010_Alley_m.prefab using Guid(7a5fccb891a9c954589776539299e74e) Importer(2089858483,192608db42251d675da83286b1cce702) (ScriptedImporter) -> (artifact id: '90e17d5510ca8f8524f8c074ce29565a') in 0.0572942 seconds
Number of updated asset objects reloaded before import = 0Number of asset objects unloaded after import = 8

========================================================================
Received Import Request.
  Time since last request: 0.000027 seconds.
  path: Assets/BrokenVector/LowPolyRoadPack/Prefabs/Highway Join Road.prefab
  artifactKey: Guid(517cd28356a64ae4ca59346763bafa76) Importer(2089858483,3d70f49cd1c2eb9ae422958d1c652c6b)
Start importing Assets/BrokenVector/LowPolyRoadPack/Prefabs/Highway Join Road.prefab using Guid(517cd28356a64ae4ca59346763bafa76) Importer(2089858483,3d70f49cd1c2eb9ae422958d1c652c6b) (ScriptedImporter) -> (artifact id: '1ddd5b4da1b9341620baff88cf520d52') in 0.0559479 seconds
Number of updated asset objects reloaded before import = 0Number of asset objects unloaded after import = 10

========================================================================
Received Import Request.
  Time since last request: 0.000058 seconds.
  path: Assets/KajamansRoads/Free/Prefabs/l10km_cc4_sl69_t(1212029)_rw12_wh15_n1_RsBtW_MeshV00_m.prefab
  artifactKey: Guid(6becd15d7262243478b14c339313ad72) Importer(2089858483,3d70f49cd1c2eb9ae422958d1c652c6b)
Start importing Assets/KajamansRoads/Free/Prefabs/l10km_cc4_sl69_t(1212029)_rw12_wh15_n1_RsBtW_MeshV00_m.prefab using Guid(6becd15d7262243478b14c339313ad72) Importer(2089858483,3d70f49cd1c2eb9ae422958d1c652c6b) (ScriptedImporter) -> (artifact id: '632f5d90f4c34c7ffe3c1a0df5d09228') in 0.0513319 seconds
Number of updated asset objects reloaded before import = 0Number of asset objects unloaded after import = 11

========================================================================
Received Import Request.
  Time since last request: 0.000036 seconds.
  path: Assets/_Unity Essentials/Scenes/5_TopDown_2D_Scene.unity
  artifactKey: Guid(8c9cfa26abfee488c85f1582747f6a02) Importer(2089858483,192608db42251d675da83286b1cce702)
Start importing Assets/_Unity Essentials/Scenes/5_TopDown_2D_Scene.unity using Guid(8c9cfa26abfee488c85f1582747f6a02) Importer(2089858483,192608db42251d675da83286b1cce702) (ScriptedImporter) -> (artifact id: 'c1960cdddd4542038b38caaa8c25f976') in 0.0356525 seconds
Number of updated asset objects reloaded before import = 0Number of asset objects unloaded after import = 1

========================================================================
Received Import Request.
  Time since last request: 0.000022 seconds.
  path: Assets/_Unity Essentials/Fonts/Margarine-Regular SDF.asset
  artifactKey: Guid(0f7e00fc7a9c3473a9bddc92b3015715) Importer(2089858483,3d70f49cd1c2eb9ae422958d1c652c6b)
Start importing Assets/_Unity Essentials/Fonts/Margarine-Regular SDF.asset using Guid(0f7e00fc7a9c3473a9bddc92b3015715) Importer(2089858483,3d70f49cd1c2eb9ae422958d1c652c6b) (ScriptedImporter) -> (artifact id: 'd9db24554a8463a6dbf3c174d15ff06f') in 0.0395643 seconds
Number of updated asset objects reloaded before import = 0Number of asset objects unloaded after import = 2

========================================================================
Received Import Request.
  Time since last request: 0.000022 seconds.
  path: Assets/_Unity Essentials/Materials/My Materials/Materials/John Lemon.mat
  artifactKey: Guid(a6192f5f19606d042b131e0e7122be39) Importer(2089858483,192608db42251d675da83286b1cce702)
Start importing Assets/_Unity Essentials/Materials/My Materials/Materials/John Lemon.mat using Guid(a6192f5f19606d042b131e0e7122be39) Importer(2089858483,192608db42251d675da83286b1cce702) (ScriptedImporter) -> (artifact id: '35289c8cdf5f5d55323443e54706df3f') in 0.0235407 seconds
Number of updated asset objects reloaded before import = 0Number of asset objects unloaded after import = 2

========================================================================
Received Import Request.
  Time since last request: 0.000028 seconds.
  path: Assets/_Unity Essentials/Source Files/Scripts/UpdateCollectibleCount.cs
  artifactKey: Guid(12b990e8d7f314383856263e97f1c328) Importer(2089858483,192608db42251d675da83286b1cce702)
Start importing Assets/_Unity Essentials/Source Files/Scripts/UpdateCollectibleCount.cs using Guid(12b990e8d7f314383856263e97f1c328) Importer(2089858483,192608db42251d675da83286b1cce702) (ScriptedImporter) -> (artifact id: 'e499214d96c17c08de4fe0d451ad55f0') in 0.0190277 seconds
Number of updated asset objects reloaded before import = 0Number of asset objects unloaded after import = 0

========================================================================
Received Import Request.
  Time since last request: 0.000034 seconds.
  path: Assets/BrokenVector/LowPolyRoadPack/Prefabs/Tunnel Straight 4.prefab
  artifactKey: Guid(a746d36c593c3134488d9e58478b528c) Importer(2089858483,3d70f49cd1c2eb9ae422958d1c652c6b)
Start importing Assets/BrokenVector/LowPolyRoadPack/Prefabs/Tunnel Straight 4.prefab using Guid(a746d36c593c3134488d9e58478b528c) Importer(2089858483,3d70f49cd1c2eb9ae422958d1c652c6b) (ScriptedImporter) -> (artifact id: 'a0dd52019ee815459b55ea54f7a52809') in 0.0194917 seconds
Number of updated asset objects reloaded before import = 0Number of asset objects unloaded after import = 9

========================================================================
Received Import Request.
  Time since last request: 0.000025 seconds.
  path: Assets/Settings/UniversalRenderPipelineGlobalSettings.asset
  artifactKey: Guid(18dc0cd2c080841dea60987a38ce93fa) Importer(2089858483,192608db42251d675da83286b1cce702)
Start importing Assets/Settings/UniversalRenderPipelineGlobalSettings.asset using Guid(18dc0cd2c080841dea60987a38ce93fa) Importer(2089858483,192608db42251d675da83286b1cce702) (ScriptedImporter) -> (artifact id: 'cadb409780ed714121f69f8cadf71706') in 0.0619002 seconds
Number of updated asset objects reloaded before import = 0Number of asset objects unloaded after import = 0

========================================================================
Received Import Request.
  Time since last request: 0.000027 seconds.
  path: Assets/BrokenVector/LowPolyRoadPack/Prefabs/Freeway Lift Highway.prefab
  artifactKey: Guid(401d27194e0344948b125cf0483f7637) Importer(2089858483,3d70f49cd1c2eb9ae422958d1c652c6b)
Start importing Assets/BrokenVector/LowPolyRoadPack/Prefabs/Freeway Lift Highway.prefab using Guid(401d27194e0344948b125cf0483f7637) Importer(2089858483,3d70f49cd1c2eb9ae422958d1c652c6b) (ScriptedImporter) -> (artifact id: '58be0dd7afece2d495f6f8ef0e17d2cc') in 0.0209383 seconds
Number of updated asset objects reloaded before import = 0Number of asset objects unloaded after import = 10

========================================================================
Received Import Request.
  Time since last request: 0.000029 seconds.
  path: Assets/Settings/Post Processing Profile.asset
  artifactKey: Guid(f966c51a705074a1e92fdf0cb2abfc0c) Importer(2089858483,3d70f49cd1c2eb9ae422958d1c652c6b)
Start importing Assets/Settings/Post Processing Profile.asset using Guid(f966c51a705074a1e92fdf0cb2abfc0c) Importer(2089858483,3d70f49cd1c2eb9ae422958d1c652c6b) (ScriptedImporter) -> (artifact id: '52544cec6f558cd7a19d2bd216caed27') in 0.0319889 seconds
Number of updated asset objects reloaded before import = 0Number of asset objects unloaded after import = 0

========================================================================
Received Import Request.
  Time since last request: 0.000055 seconds.
  path: Assets/_Unity Essentials/Scenes/5_TopDown_2D_Scene.unity
  artifactKey: Guid(8c9cfa26abfee488c85f1582747f6a02) Importer(2089858483,3d70f49cd1c2eb9ae422958d1c652c6b)
Start importing Assets/_Unity Essentials/Scenes/5_TopDown_2D_Scene.unity using Guid(8c9cfa26abfee488c85f1582747f6a02) Importer(2089858483,3d70f49cd1c2eb9ae422958d1c652c6b) (ScriptedImporter)Opening scene 'Assets/_Unity Essentials/Scenes/5_TopDown_2D_Scene.unity additively'
Loaded scene 'Assets/_Unity Essentials/Scenes/5_TopDown_2D_Scene.unity'
	Deserialize:            5.963 ms
	Integration:            178.821 ms
	Integration of assets:  0.009 ms
	Thread Wait Time:       0.147 ms
	Total Operation Time:   184.940 ms
 -> (artifact id: 'f12526c24e2777139bd3c2898f4b17b3') in 0.2468703 seconds
Number of updated asset objects reloaded before import = 0Number of asset objects unloaded after import = 117

========================================================================
Received Import Request.
  Time since last request: 0.000033 seconds.
  path: Assets/KajamansRoads/Materials/LeafyMat.mat
  artifactKey: Guid(1e696263d1ac49f409a7af13c0a40468) Importer(2089858483,192608db42251d675da83286b1cce702)
Start importing Assets/KajamansRoads/Materials/LeafyMat.mat using Guid(1e696263d1ac49f409a7af13c0a40468) Importer(2089858483,192608db42251d675da83286b1cce702) (ScriptedImporter) -> (artifact id: '929906737323d238d21b69b9911d54e9') in 0.0232268 seconds
Number of updated asset objects reloaded before import = 0Number of asset objects unloaded after import = 2

========================================================================
Received Import Request.
  Time since last request: 0.000062 seconds.
  path: Assets/TextMesh Pro/Resources/Fonts & Materials/LiberationSans SDF.asset
  artifactKey: Guid(8f586378b4e144a9851e7b34d9b748ee) Importer(2089858483,3d70f49cd1c2eb9ae422958d1c652c6b)
Start importing Assets/TextMesh Pro/Resources/Fonts & Materials/LiberationSans SDF.asset using Guid(8f586378b4e144a9851e7b34d9b748ee) Importer(2089858483,3d70f49cd1c2eb9ae422958d1c652c6b) (ScriptedImporter) -> (artifact id: 'cc6b13874cb21c91a62ad71013cf0968') in 0.0449828 seconds
Number of updated asset objects reloaded before import = 0Number of asset objects unloaded after import = 7

========================================================================
Received Import Request.
  Time since last request: 0.000025 seconds.
  path: Assets/_Unity Essentials/Scenes/1_Playground_Navigation_Scene.unity
  artifactKey: Guid(3c4aa835aa283484e86f037de178934c) Importer(2089858483,3d70f49cd1c2eb9ae422958d1c652c6b)
Start importing Assets/_Unity Essentials/Scenes/1_Playground_Navigation_Scene.unity using Guid(3c4aa835aa283484e86f037de178934c) Importer(2089858483,3d70f49cd1c2eb9ae422958d1c652c6b) (ScriptedImporter)Opening scene 'Assets/_Unity Essentials/Scenes/1_Playground_Navigation_Scene.unity additively'
LightingSettings: switching bake backend from 1 to 2.
Loaded scene 'Assets/_Unity Essentials/Scenes/1_Playground_Navigation_Scene.unity'
	Deserialize:            37.990 ms
	Integration:            62.678 ms
	Integration of assets:  1.581 ms
	Thread Wait Time:       -0.386 ms
	Total Operation Time:   101.864 ms
The method get_fontSharedMaterials was not found on Text (TMP). This property will not be indexed.
UnityEngine.Debug:ExtractStackTraceNoAlloc (byte*,int,string)
UnityEngine.StackTraceUtility:ExtractStackTrace ()
UnityEngine.DebugLogHandler:Internal_Log (UnityEngine.LogType,UnityEngine.LogOption,string,UnityEngine.Object)
UnityEngine.DebugLogHandler:LogFormat (UnityEngine.LogType,UnityEngine.Object,string,object[])
UnityEngine.Logger:Log (UnityEngine.LogType,object)
UnityEngine.Debug:LogWarning (object)
UnityEditor.Rendering.Universal.MaterialReferenceBuilder:GetMaterialFromMethod (System.Reflection.MethodInfo,UnityEngine.Object,System.Func`3<string, string, string>) (at ./Library/PackageCache/com.unity.render-pipelines.universal@ec146228694a/Editor/Converter/MaterialReferenceBuilder.cs:133)
UnityEditor.Rendering.Universal.ConversionIndexers:ConversionIndexer (UnityEditor.Search.CustomObjectIndexerTarget,UnityEditor.Search.ObjectIndexer) (at ./Library/PackageCache/com.unity.render-pipelines.universal@ec146228694a/Editor/Converter/ConversionIndexers.cs:21)
UnityEditor.Search.ObjectIndexer:CallCustomIndexers (string,int,UnityEngine.Object,UnityEditor.SerializedObject,bool)
UnityEditor.Search.ObjectIndexer:IndexCustomProperties (string,int,UnityEngine.Object)
UnityEditor.Search.AssetIndexer:IndexCustomGameObjectProperties (string,int,UnityEngine.GameObject)
UnityEditor.Search.AssetIndexer:IndexObjects (UnityEngine.GameObject[],string,string,string,bool)
UnityEditor.Search.AssetIndexer:IndexScene (string,bool)
UnityEditor.Search.AssetIndexer:IndexSceneDocument (string,bool)
UnityEditor.Search.AssetIndexer:IndexDocument (string,bool)
UnityEditor.Search.SearchIndexEntryImporter:OnImportAsset (UnityEditor.AssetImporters.AssetImportContext)
UnityEditor.AssetImporters.ScriptedImporter:GenerateAssetData (UnityEditor.AssetImporters.AssetImportContext)

(Filename: ./Library/PackageCache/com.unity.render-pipelines.universal@ec146228694a/Editor/Converter/MaterialReferenceBuilder.cs Line: 133)

 -> (artifact id: '222b555058fa5ce282e80ebacc3a2698') in 0.2185896 seconds
Number of updated asset objects reloaded before import = 0Number of asset objects unloaded after import = 490

========================================================================
Received Import Request.
  Time since last request: 0.000041 seconds.
  path: Assets/_Unity Essentials/Scenes/2_KidsRoom_3D_Scene.unity
  artifactKey: Guid(0007c1bb4959e43b9a37f3a226bc0343) Importer(2089858483,3d70f49cd1c2eb9ae422958d1c652c6b)
Start importing Assets/_Unity Essentials/Scenes/2_KidsRoom_3D_Scene.unity using Guid(0007c1bb4959e43b9a37f3a226bc0343) Importer(2089858483,3d70f49cd1c2eb9ae422958d1c652c6b) (ScriptedImporter)Opening scene 'Assets/_Unity Essentials/Scenes/2_KidsRoom_3D_Scene.unity additively'
LightingSettings: switching bake backend from 1 to 2.
Loaded scene 'Assets/_Unity Essentials/Scenes/2_KidsRoom_3D_Scene.unity'
	Deserialize:            3.045 ms
	Integration:            32.288 ms
	Integration of assets:  0.005 ms
	Thread Wait Time:       0.017 ms
	Total Operation Time:   35.355 ms
 -> (artifact id: 'a9b8f48bcde0df98526b52667de6a172') in 0.1521107 seconds
Number of updated asset objects reloaded before import = 0Number of asset objects unloaded after import = 673

========================================================================
Received Import Request.
  Time since last request: 0.000046 seconds.
  path: Assets/KajamansRoads/Materials/DirtRoadMob.mat
  artifactKey: Guid(bb1c5d5e8f23ff14c9a32795bfea3a76) Importer(2089858483,192608db42251d675da83286b1cce702)
Start importing Assets/KajamansRoads/Materials/DirtRoadMob.mat using Guid(bb1c5d5e8f23ff14c9a32795bfea3a76) Importer(2089858483,192608db42251d675da83286b1cce702) (ScriptedImporter) -> (artifact id: '964cb6e250f999f46fdb130a359462f3') in 0.0204858 seconds
Number of updated asset objects reloaded before import = 0Number of asset objects unloaded after import = 3

========================================================================
Received Import Request.
  Time since last request: 0.000027 seconds.
  path: Assets/BrokenVector/LowPolyRoadPack/Prefabs/Highway Curve 1.prefab
  artifactKey: Guid(68199663c6e51f44bae66172807b8014) Importer(2089858483,3d70f49cd1c2eb9ae422958d1c652c6b)
Start importing Assets/BrokenVector/LowPolyRoadPack/Prefabs/Highway Curve 1.prefab using Guid(68199663c6e51f44bae66172807b8014) Importer(2089858483,3d70f49cd1c2eb9ae422958d1c652c6b) (ScriptedImporter) -> (artifact id: '0794868d548f40f206f3582f679ca745') in 0.0197186 seconds
Number of updated asset objects reloaded before import = 0Number of asset objects unloaded after import = 10

========================================================================
Received Import Request.
  Time since last request: 0.000025 seconds.
  path: Assets/_Unity Essentials/Prefabs/Bedroom/RugRectangleSmall_Gray.prefab
  artifactKey: Guid(461d95629372d4be9a0e6bf6edc3f274) Importer(2089858483,3d70f49cd1c2eb9ae422958d1c652c6b)
Start importing Assets/_Unity Essentials/Prefabs/Bedroom/RugRectangleSmall_Gray.prefab using Guid(461d95629372d4be9a0e6bf6edc3f274) Importer(2089858483,3d70f49cd1c2eb9ae422958d1c652c6b) (ScriptedImporter) -> (artifact id: '598acddeb61205ec61136868a5029733') in 0.0194772 seconds
Number of updated asset objects reloaded before import = 0Number of asset objects unloaded after import = 8

========================================================================
Received Import Request.
  Time since last request: 0.000028 seconds.
  path: Assets/Awb-Free Low Poly Cars/Prefabs/Hatchback Car_15.prefab
  artifactKey: Guid(9c92406c14c380849bca38280c133c64) Importer(2089858483,3d70f49cd1c2eb9ae422958d1c652c6b)
Start importing Assets/Awb-Free Low Poly Cars/Prefabs/Hatchback Car_15.prefab using Guid(9c92406c14c380849bca38280c133c64) Importer(2089858483,3d70f49cd1c2eb9ae422958d1c652c6b) (ScriptedImporter) -> (artifact id: 'c604895f86dc3e31ca039013596fd9a3') in 0.020808 seconds
Number of updated asset objects reloaded before import = 0Number of asset objects unloaded after import = 30

========================================================================
Received Import Request.
  Time since last request: 0.000031 seconds.
  path: Assets/BrokenVector/LowPolyRoadPack/Prefabs/Freeway S-Curve.prefab
  artifactKey: Guid(b21431263a66fd84ebb8c5a9f3e51709) Importer(2089858483,3d70f49cd1c2eb9ae422958d1c652c6b)
Start importing Assets/BrokenVector/LowPolyRoadPack/Prefabs/Freeway S-Curve.prefab using Guid(b21431263a66fd84ebb8c5a9f3e51709) Importer(2089858483,3d70f49cd1c2eb9ae422958d1c652c6b) (ScriptedImporter) -> (artifact id: '2c66c7cf873e41426726780112aa39a6') in 0.0186114 seconds
Number of updated asset objects reloaded before import = 0Number of asset objects unloaded after import = 10

========================================================================
Received Import Request.
  Time since last request: 0.000041 seconds.
  path: Assets/KajamansRoads/Free/Obj/Materials/group3Mat.mat
  artifactKey: Guid(50caab0ac996c4845a6d2e031a8c9ab8) Importer(2089858483,192608db42251d675da83286b1cce702)
Start importing Assets/KajamansRoads/Free/Obj/Materials/group3Mat.mat using Guid(50caab0ac996c4845a6d2e031a8c9ab8) Importer(2089858483,192608db42251d675da83286b1cce702) (ScriptedImporter) -> (artifact id: '7f02745860c362cabc91a6cdbc4205e5') in 0.0232251 seconds
Number of updated asset objects reloaded before import = 0Number of asset objects unloaded after import = 1

========================================================================
Received Import Request.
  Time since last request: 0.000028 seconds.
  path: Assets/_Unity Essentials/Fonts/Caveat-Regular SDF.asset
  artifactKey: Guid(18eb93125c4dc48309f35bea3f9afe65) Importer(2089858483,3d70f49cd1c2eb9ae422958d1c652c6b)
Start importing Assets/_Unity Essentials/Fonts/Caveat-Regular SDF.asset using Guid(18eb93125c4dc48309f35bea3f9afe65) Importer(2089858483,3d70f49cd1c2eb9ae422958d1c652c6b) (ScriptedImporter) -> (artifact id: '3b5bc569e22f4d460df5d8f7d510d3c8') in 0.0521896 seconds
Number of updated asset objects reloaded before import = 0Number of asset objects unloaded after import = 2

========================================================================
Received Import Request.
  Time since last request: 0.000032 seconds.
  path: Assets/_Unity Essentials/Tutorials/TutorialsProject.asset
  artifactKey: Guid(801cf8a0e199669469d6ab016c592df7) Importer(2089858483,3d70f49cd1c2eb9ae422958d1c652c6b)
Start importing Assets/_Unity Essentials/Tutorials/TutorialsProject.asset using Guid(801cf8a0e199669469d6ab016c592df7) Importer(2089858483,3d70f49cd1c2eb9ae422958d1c652c6b) (ScriptedImporter) -> (artifact id: 'ad8adc502dea661ce01058d724390235') in 0.0447334 seconds
Number of updated asset objects reloaded before import = 0Number of asset objects unloaded after import = 1

========================================================================
Received Import Request.
  Time since last request: 0.000034 seconds.
  path: Assets/_Unity Essentials/Prefabs/Characters/Train.prefab
  artifactKey: Guid(0070ddc6631cb4a5890eda2dcb952e80) Importer(2089858483,3d70f49cd1c2eb9ae422958d1c652c6b)
Start importing Assets/_Unity Essentials/Prefabs/Characters/Train.prefab using Guid(0070ddc6631cb4a5890eda2dcb952e80) Importer(2089858483,3d70f49cd1c2eb9ae422958d1c652c6b) (ScriptedImporter) -> (artifact id: 'd0d10f1c4883a1e477f6e2cfed193ad1') in 0.0255694 seconds
Number of updated asset objects reloaded before import = 0Number of asset objects unloaded after import = 145

========================================================================
Received Import Request.
  Time since last request: 0.000037 seconds.
  path: Assets/_Unity Essentials/Prefabs/Collectibles/Collectible_Cheese.prefab
  artifactKey: Guid(f287407812e9f4dd295b424507a4c279) Importer(2089858483,3d70f49cd1c2eb9ae422958d1c652c6b)
Start importing Assets/_Unity Essentials/Prefabs/Collectibles/Collectible_Cheese.prefab using Guid(f287407812e9f4dd295b424507a4c279) Importer(2089858483,3d70f49cd1c2eb9ae422958d1c652c6b) (ScriptedImporter) -> (artifact id: 'a87a3ab467b5f0ade09db8e0418c90af') in 0.0203592 seconds
Number of updated asset objects reloaded before import = 0Number of asset objects unloaded after import = 9

========================================================================
Received Import Request.
  Time since last request: 0.000030 seconds.
  path: Assets/_Unity Essentials/Prefabs/Collectibles/Collectible_Heart.prefab
  artifactKey: Guid(599e32bb85a7e4227b8fedc45dfa2179) Importer(2089858483,3d70f49cd1c2eb9ae422958d1c652c6b)
Start importing Assets/_Unity Essentials/Prefabs/Collectibles/Collectible_Heart.prefab using Guid(599e32bb85a7e4227b8fedc45dfa2179) Importer(2089858483,3d70f49cd1c2eb9ae422958d1c652c6b) (ScriptedImporter) -> (artifact id: '40a43c9bcf95c3d43cd85714d38a0701') in 0.0248376 seconds
Number of updated asset objects reloaded before import = 0Number of asset objects unloaded after import = 11

========================================================================
Received Import Request.
  Time since last request: 0.000023 seconds.
  path: Assets/_Unity Essentials/Prefabs/Collectibles/Collectible_Dirt.prefab
  artifactKey: Guid(877fcd5487314487a9c51961ddf0b8e8) Importer(2089858483,3d70f49cd1c2eb9ae422958d1c652c6b)
Start importing Assets/_Unity Essentials/Prefabs/Collectibles/Collectible_Dirt.prefab using Guid(877fcd5487314487a9c51961ddf0b8e8) Importer(2089858483,3d70f49cd1c2eb9ae422958d1c652c6b) (ScriptedImporter) -> (artifact id: '5ff27406730b6c0b5e270dbeb7d1cb0c') in 0.0302481 seconds
Number of updated asset objects reloaded before import = 0Number of asset objects unloaded after import = 8

========================================================================
Received Import Request.
  Time since last request: 0.000028 seconds.
  path: Assets/KajamansRoads/Textures/Road_4lane_dark02.png
  artifactKey: Guid(26e5d3be41c3ec8488906cfe5a2327ab) Importer(2089858483,192608db42251d675da83286b1cce702)
Start importing Assets/KajamansRoads/Textures/Road_4lane_dark02.png using Guid(26e5d3be41c3ec8488906cfe5a2327ab) Importer(2089858483,192608db42251d675da83286b1cce702) (ScriptedImporter) -> (artifact id: '463c51523318ae8353a469ba3ee4059c') in 0.0305053 seconds
Number of updated asset objects reloaded before import = 0Number of asset objects unloaded after import = 1

========================================================================
Received Import Request.
  Time since last request: 0.000037 seconds.
  path: Assets/_Unity Essentials/Scenes/3_Kitchen_Audio_Scene.unity
  artifactKey: Guid(6ddeb5bb8dda34b6183a30b9409cd6a9) Importer(2089858483,192608db42251d675da83286b1cce702)
Start importing Assets/_Unity Essentials/Scenes/3_Kitchen_Audio_Scene.unity using Guid(6ddeb5bb8dda34b6183a30b9409cd6a9) Importer(2089858483,192608db42251d675da83286b1cce702) (ScriptedImporter) -> (artifact id: '224f08e9561423a7a33105323e12dd55') in 0.0535295 seconds
Number of updated asset objects reloaded before import = 0Number of asset objects unloaded after import = 1

========================================================================
Received Import Request.
  Time since last request: 0.000023 seconds.
  path: Assets/_Unity Essentials/Prefabs/Collectibles/Collectible_Star.prefab
  artifactKey: Guid(0188d362571e34eb3a9af2feb73521cf) Importer(2089858483,3d70f49cd1c2eb9ae422958d1c652c6b)
Start importing Assets/_Unity Essentials/Prefabs/Collectibles/Collectible_Star.prefab using Guid(0188d362571e34eb3a9af2feb73521cf) Importer(2089858483,3d70f49cd1c2eb9ae422958d1c652c6b) (ScriptedImporter) -> (artifact id: '0d5f89a8be2c7f48bc4d812e20d4386f') in 0.0184467 seconds
Number of updated asset objects reloaded before import = 0Number of asset objects unloaded after import = 11

========================================================================
Received Import Request.
  Time since last request: 0.000027 seconds.
  path: Assets/TextMesh Pro/Resources/Fonts & Materials/LiberationSans SDF - Fallback.asset
  artifactKey: Guid(2e498d1c8094910479dc3e1b768306a4) Importer(2089858483,3d70f49cd1c2eb9ae422958d1c652c6b)
Start importing Assets/TextMesh Pro/Resources/Fonts & Materials/LiberationSans SDF - Fallback.asset using Guid(2e498d1c8094910479dc3e1b768306a4) Importer(2089858483,3d70f49cd1c2eb9ae422958d1c652c6b) (ScriptedImporter) -> (artifact id: 'd1dd807e22303b58853d96f1b45439b0') in 0.0257331 seconds
Number of updated asset objects reloaded before import = 0Number of asset objects unloaded after import = 4

========================================================================
Received Import Request.
  Time since last request: 0.000034 seconds.
  path: Assets/Settings/Balanced_PipelineAsset.asset
  artifactKey: Guid(eb4cfc8c594ab6a43898d1122a3def1d) Importer(2089858483,192608db42251d675da83286b1cce702)
Start importing Assets/Settings/Balanced_PipelineAsset.asset using Guid(eb4cfc8c594ab6a43898d1122a3def1d) Importer(2089858483,192608db42251d675da83286b1cce702) (ScriptedImporter) -> (artifact id: '72f916e0504f61b7ab0300a2e6c08d3b') in 0.0758586 seconds
Number of updated asset objects reloaded before import = 0Number of asset objects unloaded after import = 2

========================================================================
Received Import Request.
  Time since last request: 0.000025 seconds.
  path: Assets/BrokenVector/LowPolyRoadPack/Demo/Low Poly Road Pack Demo.unity
  artifactKey: Guid(8d68a8c139112ee4387ec230ac89a4a2) Importer(2089858483,3d70f49cd1c2eb9ae422958d1c652c6b)
Start importing Assets/BrokenVector/LowPolyRoadPack/Demo/Low Poly Road Pack Demo.unity using Guid(8d68a8c139112ee4387ec230ac89a4a2) Importer(2089858483,3d70f49cd1c2eb9ae422958d1c652c6b) (ScriptedImporter)Opening scene 'Assets/BrokenVector/LowPolyRoadPack/Demo/Low Poly Road Pack Demo.unity additively'
Loaded scene 'Assets/BrokenVector/LowPolyRoadPack/Demo/Low Poly Road Pack Demo.unity'
	Deserialize:            58.593 ms
	Integration:            70.076 ms
	Integration of assets:  0.014 ms
	Thread Wait Time:       0.007 ms
	Total Operation Time:   128.689 ms
 -> (artifact id: '8f9f5d703c084f545694c5f32ab15eb3') in 0.4018051 seconds
Number of updated asset objects reloaded before import = 0Number of asset objects unloaded after import = 349

========================================================================
Received Import Request.
  Time since last request: 0.000044 seconds.
  path: Assets/KajamansRoads/Free/Prefabs/l10km_cc4_sl69_t(1212029)_rw12_wh15_n1_RsBtW_MeshV00.prefab
  artifactKey: Guid(52005168084e10d4998228ecb47015ee) Importer(2089858483,192608db42251d675da83286b1cce702)
Start importing Assets/KajamansRoads/Free/Prefabs/l10km_cc4_sl69_t(1212029)_rw12_wh15_n1_RsBtW_MeshV00.prefab using Guid(52005168084e10d4998228ecb47015ee) Importer(2089858483,192608db42251d675da83286b1cce702) (ScriptedImporter) -> (artifact id: '4ada3c7a3c24fe46278dca81643c2509') in 0.0588595 seconds
Number of updated asset objects reloaded before import = 0Number of asset objects unloaded after import = 12

========================================================================
Received Import Request.
  Time since last request: 0.000036 seconds.
  path: Assets/_Unity Essentials/Prefabs/Living Room/SofaArmChair.prefab
  artifactKey: Guid(5b5aa82c8874db14092566fe05c8b462) Importer(2089858483,3d70f49cd1c2eb9ae422958d1c652c6b)
Start importing Assets/_Unity Essentials/Prefabs/Living Room/SofaArmChair.prefab using Guid(5b5aa82c8874db14092566fe05c8b462) Importer(2089858483,3d70f49cd1c2eb9ae422958d1c652c6b) (ScriptedImporter) -> (artifact id: '46449955f1858e7fb887daff8c513883') in 0.0293967 seconds
Number of updated asset objects reloaded before import = 0Number of asset objects unloaded after import = 18

========================================================================
Received Import Request.
  Time since last request: 0.000024 seconds.
  path: Assets/_Unity Essentials/Prefabs/Living Room/Chest_42in_BR001.prefab
  artifactKey: Guid(511d40a6a1b9f78448f879103ce68bb5) Importer(2089858483,3d70f49cd1c2eb9ae422958d1c652c6b)
Start importing Assets/_Unity Essentials/Prefabs/Living Room/Chest_42in_BR001.prefab using Guid(511d40a6a1b9f78448f879103ce68bb5) Importer(2089858483,3d70f49cd1c2eb9ae422958d1c652c6b) (ScriptedImporter) -> (artifact id: 'bb254e0f9bedd183cb0d3b500c039a9f') in 0.0190756 seconds
Number of updated asset objects reloaded before import = 0Number of asset objects unloaded after import = 15

========================================================================
Received Import Request.
  Time since last request: 0.000029 seconds.
  path: Assets/_Unity Essentials/Prefabs/Living Room/TableRectangleMedium.prefab
  artifactKey: Guid(73aeb5eeaf8e2a745bd794506b102133) Importer(2089858483,3d70f49cd1c2eb9ae422958d1c652c6b)
Start importing Assets/_Unity Essentials/Prefabs/Living Room/TableRectangleMedium.prefab using Guid(73aeb5eeaf8e2a745bd794506b102133) Importer(2089858483,3d70f49cd1c2eb9ae422958d1c652c6b) (ScriptedImporter) -> (artifact id: '70c7e438783cee1550d77c4ca422a7ec') in 0.0196613 seconds
Number of updated asset objects reloaded before import = 0Number of asset objects unloaded after import = 15

========================================================================
Received Import Request.
  Time since last request: 0.000028 seconds.
  path: Assets/KajamansRoads/Textures
  artifactKey: Guid(7b672d970279c534f953a87ff3a57b46) Importer(2089858483,192608db42251d675da83286b1cce702)
Start importing Assets/KajamansRoads/Textures using Guid(7b672d970279c534f953a87ff3a57b46) Importer(2089858483,192608db42251d675da83286b1cce702) (ScriptedImporter) -> (artifact id: '9599f1cacb952a393492e5da77d293df') in 0.0224476 seconds
Number of updated asset objects reloaded before import = 0Number of asset objects unloaded after import = 1

========================================================================
Received Import Request.
  Time since last request: 0.000064 seconds.
  path: Assets/_Unity Essentials/Prefabs/Characters/DumpTruck.prefab
  artifactKey: Guid(7ec7972768a5240e09fed7f9a543d943) Importer(2089858483,3d70f49cd1c2eb9ae422958d1c652c6b)
Start importing Assets/_Unity Essentials/Prefabs/Characters/DumpTruck.prefab using Guid(7ec7972768a5240e09fed7f9a543d943) Importer(2089858483,3d70f49cd1c2eb9ae422958d1c652c6b) (ScriptedImporter) -> (artifact id: '884d350576d3ceaeab4e0d2d6a79d78c') in 0.0526971 seconds
Number of updated asset objects reloaded before import = 0Number of asset objects unloaded after import = 64

========================================================================
Received Import Request.
  Time since last request: 0.000030 seconds.
  path: Assets/KajamansRoads/FileNamesDescription.txt
  artifactKey: Guid(6208aa77eb8558d49ae5cc133744e301) Importer(2089858483,192608db42251d675da83286b1cce702)
Start importing Assets/KajamansRoads/FileNamesDescription.txt using Guid(6208aa77eb8558d49ae5cc133744e301) Importer(2089858483,192608db42251d675da83286b1cce702) (ScriptedImporter) -> (artifact id: '1647b8726bd4acc4793646cd61e9b62b') in 0.0509684 seconds
Number of updated asset objects reloaded before import = 0Number of asset objects unloaded after import = 1

========================================================================
Received Import Request.
  Time since last request: 0.000027 seconds.
  path: Assets/_Unity Essentials/Prefabs/My Prefabs/Quad.prefab
  artifactKey: Guid(8067cb1fee865b746a03749b779d0e01) Importer(2089858483,3d70f49cd1c2eb9ae422958d1c652c6b)
Start importing Assets/_Unity Essentials/Prefabs/My Prefabs/Quad.prefab using Guid(8067cb1fee865b746a03749b779d0e01) Importer(2089858483,3d70f49cd1c2eb9ae422958d1c652c6b) (ScriptedImporter) -> (artifact id: '2f6392e1d6efb3e70f68f3c8a04bc812') in 0.0181337 seconds
Number of updated asset objects reloaded before import = 0Number of asset objects unloaded after import = 14

========================================================================
Received Import Request.
  Time since last request: 0.000036 seconds.
  path: Assets/_Unity Essentials/Prefabs/Objects/Speaker_Boombox.prefab
  artifactKey: Guid(b1537290f47c63744ac10546e5a71f18) Importer(2089858483,3d70f49cd1c2eb9ae422958d1c652c6b)
Start importing Assets/_Unity Essentials/Prefabs/Objects/Speaker_Boombox.prefab using Guid(b1537290f47c63744ac10546e5a71f18) Importer(2089858483,3d70f49cd1c2eb9ae422958d1c652c6b) (ScriptedImporter) -> (artifact id: 'a7d80189175511432ed19ed5c298784c') in 0.0520311 seconds
Number of updated asset objects reloaded before import = 0Number of asset objects unloaded after import = 17

========================================================================
Received Import Request.
  Time since last request: 0.000029 seconds.
  path: Assets/_Unity Essentials/Prefabs/Outdoor/Flagstone_3in_BY001.prefab
  artifactKey: Guid(332ac4862cf10f14d807d61068a9a3e4) Importer(2089858483,3d70f49cd1c2eb9ae422958d1c652c6b)
Start importing Assets/_Unity Essentials/Prefabs/Outdoor/Flagstone_3in_BY001.prefab using Guid(332ac4862cf10f14d807d61068a9a3e4) Importer(2089858483,3d70f49cd1c2eb9ae422958d1c652c6b) (ScriptedImporter) -> (artifact id: 'decf4c6b89e922203c27d2d9a03ebb88') in 0.0842486 seconds
Number of updated asset objects reloaded before import = 0Number of asset objects unloaded after import = 15

========================================================================
Received Import Request.
  Time since last request: 0.000030 seconds.
  path: Assets/_Unity Essentials/Fonts/ZCOOLKuaiLe-Regular SDF.asset
  artifactKey: Guid(00b35f3dfd3de4ff28801181587d280e) Importer(2089858483,3d70f49cd1c2eb9ae422958d1c652c6b)
Start importing Assets/_Unity Essentials/Fonts/ZCOOLKuaiLe-Regular SDF.asset using Guid(00b35f3dfd3de4ff28801181587d280e) Importer(2089858483,3d70f49cd1c2eb9ae422958d1c652c6b) (ScriptedImporter) -> (artifact id: 'f8c1089958d17aed0bace71da3241fcc') in 0.0347423 seconds
Number of updated asset objects reloaded before import = 0Number of asset objects unloaded after import = 2

========================================================================
Received Import Request.
  Time since last request: 0.000036 seconds.
  path: Assets/_Unity Essentials/Prefabs/Collectibles/Collectible_PuzzlePiece.prefab
  artifactKey: Guid(fc48f3f3c91664ec79da1750d9db410c) Importer(2089858483,3d70f49cd1c2eb9ae422958d1c652c6b)
Start importing Assets/_Unity Essentials/Prefabs/Collectibles/Collectible_PuzzlePiece.prefab using Guid(fc48f3f3c91664ec79da1750d9db410c) Importer(2089858483,3d70f49cd1c2eb9ae422958d1c652c6b) (ScriptedImporter) -> (artifact id: 'bf91f691d2228ae68c25d046293b067f') in 0.0180963 seconds
Number of updated asset objects reloaded before import = 0Number of asset objects unloaded after import = 11

========================================================================
Received Import Request.
  Time since last request: 0.000028 seconds.
  path: Assets/_Unity Essentials/Prefabs/Outdoor/Playset_Slide_BY001.prefab
  artifactKey: Guid(b4bcda5a493d7f34d9a0ee7834fbbdf1) Importer(2089858483,3d70f49cd1c2eb9ae422958d1c652c6b)
Start importing Assets/_Unity Essentials/Prefabs/Outdoor/Playset_Slide_BY001.prefab using Guid(b4bcda5a493d7f34d9a0ee7834fbbdf1) Importer(2089858483,3d70f49cd1c2eb9ae422958d1c652c6b) (ScriptedImporter) -> (artifact id: '1ed395858e7e0784e3d6c88d95d9994a') in 0.10353 seconds
Number of updated asset objects reloaded before import = 0Number of asset objects unloaded after import = 15

========================================================================
Received Import Request.
  Time since last request: 0.000046 seconds.
  path: Assets/KajamansRoads/Materials/CornMat.mat
  artifactKey: Guid(b075f69b3512eb747b85a1f49a275b6e) Importer(2089858483,192608db42251d675da83286b1cce702)
Start importing Assets/KajamansRoads/Materials/CornMat.mat using Guid(b075f69b3512eb747b85a1f49a275b6e) Importer(2089858483,192608db42251d675da83286b1cce702) (ScriptedImporter) -> (artifact id: '557aa1dd64f217bfc4a670bdbe9e6f78') in 0.0209579 seconds
Number of updated asset objects reloaded before import = 0Number of asset objects unloaded after import = 2

========================================================================
Received Import Request.
  Time since last request: 0.000027 seconds.
  path: Assets/_Unity Essentials/Scripts/CollectibleManager.cs
  artifactKey: Guid(24a27a2540ee7724581b6f292675b1cf) Importer(2089858483,192608db42251d675da83286b1cce702)
Start importing Assets/_Unity Essentials/Scripts/CollectibleManager.cs using Guid(24a27a2540ee7724581b6f292675b1cf) Importer(2089858483,192608db42251d675da83286b1cce702) (ScriptedImporter) -> (artifact id: 'ca975922a1e3c614495a49f04b98dd5a') in 0.0704222 seconds
Number of updated asset objects reloaded before import = 0Number of asset objects unloaded after import = 0

========================================================================
Received Import Request.
  Time since last request: 0.000033 seconds.
  path: Assets/_Unity Essentials/Prefabs/Shapes/Cylinder.prefab
  artifactKey: Guid(385a8caae65aa4892a62166c3d74031a) Importer(2089858483,3d70f49cd1c2eb9ae422958d1c652c6b)
Start importing Assets/_Unity Essentials/Prefabs/Shapes/Cylinder.prefab using Guid(385a8caae65aa4892a62166c3d74031a) Importer(2089858483,3d70f49cd1c2eb9ae422958d1c652c6b) (ScriptedImporter) -> (artifact id: '86d8be18cb8105e62b56788286936b40') in 0.0905471 seconds
Number of updated asset objects reloaded before import = 0Number of asset objects unloaded after import = 8

========================================================================
Received Import Request.
  Time since last request: 0.000036 seconds.
  path: Assets/_Unity Essentials/Tutorials/TutorialCallbacks.asset
  artifactKey: Guid(25807e83b802152438a49f8e07814842) Importer(2089858483,3d70f49cd1c2eb9ae422958d1c652c6b)
Start importing Assets/_Unity Essentials/Tutorials/TutorialCallbacks.asset using Guid(25807e83b802152438a49f8e07814842) Importer(2089858483,3d70f49cd1c2eb9ae422958d1c652c6b) (ScriptedImporter) -> (artifact id: '857cec3f6bfdf26786bd65b023890575') in 0.147863 seconds
Number of updated asset objects reloaded before import = 0Number of asset objects unloaded after import = 0

========================================================================
Received Import Request.
  Time since last request: 0.000031 seconds.
  path: Assets/_Unity Essentials/Prefabs/Tangram Puzzle/Puzzle Variant.prefab
  artifactKey: Guid(02854fdfa4f214c54b95766c25b9f5cf) Importer(2089858483,3d70f49cd1c2eb9ae422958d1c652c6b)
Start importing Assets/_Unity Essentials/Prefabs/Tangram Puzzle/Puzzle Variant.prefab using Guid(02854fdfa4f214c54b95766c25b9f5cf) Importer(2089858483,3d70f49cd1c2eb9ae422958d1c652c6b) (ScriptedImporter) -> (artifact id: 'ca424e96acb239647b208d5652e40a23') in 0.1610367 seconds
Number of updated asset objects reloaded before import = 0Number of asset objects unloaded after import = 86

========================================================================
Received Import Request.
  Time since last request: 0.000037 seconds.
  path: Assets/_Unity Essentials/Sprites/Collectibles/Rock_2D.prefab
  artifactKey: Guid(f3f1b998ef1ca4bee8b13e3024c62cee) Importer(2089858483,3d70f49cd1c2eb9ae422958d1c652c6b)
Start importing Assets/_Unity Essentials/Sprites/Collectibles/Rock_2D.prefab using Guid(f3f1b998ef1ca4bee8b13e3024c62cee) Importer(2089858483,3d70f49cd1c2eb9ae422958d1c652c6b) (ScriptedImporter) -> (artifact id: '5298b4306cebb449d4e985618fbb84b8') in 0.0175248 seconds
Number of updated asset objects reloaded before import = 0Number of asset objects unloaded after import = 14

========================================================================
Received Import Request.
  Time since last request: 0.000029 seconds.
  path: Assets/TextMesh Pro/Resources/Sprite Assets/MixedIndexTest.asset
  artifactKey: Guid(8a731a09451cba54096a9002cd9b9be5) Importer(2089858483,3d70f49cd1c2eb9ae422958d1c652c6b)
Start importing Assets/TextMesh Pro/Resources/Sprite Assets/MixedIndexTest.asset using Guid(8a731a09451cba54096a9002cd9b9be5) Importer(2089858483,3d70f49cd1c2eb9ae422958d1c652c6b) (ScriptedImporter) -> (artifact id: 'b9ee2deacfab44c6a311e80ee42de31a') in 0.0748435 seconds
Number of updated asset objects reloaded before import = 0Number of asset objects unloaded after import = 207

========================================================================
Received Import Request.
  Time since last request: 0.000026 seconds.
  path: Assets/Settings/Performant_PipelineAsset.asset
  artifactKey: Guid(6adc98e15b4ae1c44aebdfe494d0a97d) Importer(2089858483,3d70f49cd1c2eb9ae422958d1c652c6b)
Start importing Assets/Settings/Performant_PipelineAsset.asset using Guid(6adc98e15b4ae1c44aebdfe494d0a97d) Importer(2089858483,3d70f49cd1c2eb9ae422958d1c652c6b) (ScriptedImporter) -> (artifact id: '49410e4eba374a7694d815da1febb689') in 0.0181263 seconds
Number of updated asset objects reloaded before import = 0Number of asset objects unloaded after import = 1

========================================================================
Received Import Request.
  Time since last request: 0.000044 seconds.
  path: Assets/_Unity Essentials/Sprites/Rugs/Rug_9Slice Green.prefab
  artifactKey: Guid(cf885677fcedb4b4e8c48673022a2ebe) Importer(2089858483,3d70f49cd1c2eb9ae422958d1c652c6b)
Start importing Assets/_Unity Essentials/Sprites/Rugs/Rug_9Slice Green.prefab using Guid(cf885677fcedb4b4e8c48673022a2ebe) Importer(2089858483,3d70f49cd1c2eb9ae422958d1c652c6b) (ScriptedImporter) -> (artifact id: '94f811e64c83eae6fe80c6091974e36e') in 0.020384 seconds
Number of updated asset objects reloaded before import = 0Number of asset objects unloaded after import = 7

========================================================================
Received Import Request.
  Time since last request: 0.000028 seconds.
  path: Assets/_Unity Essentials/Prefabs/Kitchen/Knife_Block_14in_KN001.prefab
  artifactKey: Guid(304be88800849b745b500084634ad18f) Importer(2089858483,3d70f49cd1c2eb9ae422958d1c652c6b)
Start importing Assets/_Unity Essentials/Prefabs/Kitchen/Knife_Block_14in_KN001.prefab using Guid(304be88800849b745b500084634ad18f) Importer(2089858483,3d70f49cd1c2eb9ae422958d1c652c6b) (ScriptedImporter) -> (artifact id: '57d3ebd61b2b13b24d7fd0d243dc6dad') in 0.0205319 seconds
Number of updated asset objects reloaded before import = 0Number of asset objects unloaded after import = 15

========================================================================
Received Import Request.
  Time since last request: 0.000045 seconds.
  path: Assets/_Unity Essentials/Tutorials/M_01_Editor/1.1/Step_1.1.3.asset
  artifactKey: Guid(6f2acc13e6762a748b5fd2991c51c17c) Importer(2089858483,3d70f49cd1c2eb9ae422958d1c652c6b)
Start importing Assets/_Unity Essentials/Tutorials/M_01_Editor/1.1/Step_1.1.3.asset using Guid(6f2acc13e6762a748b5fd2991c51c17c) Importer(2089858483,3d70f49cd1c2eb9ae422958d1c652c6b) (ScriptedImporter) -> (artifact id: '4693449ed6940d8a8d278d73718a886f') in 0.0615015 seconds
Number of updated asset objects reloaded before import = 0Number of asset objects unloaded after import = 0

========================================================================
Received Import Request.
  Time since last request: 0.000030 seconds.
  path: Assets/_Unity Essentials/Tutorials/M_01_Editor/1.1/Step_1.1.7.asset
  artifactKey: Guid(a9897844b67d3437d9192664c234b581) Importer(2089858483,3d70f49cd1c2eb9ae422958d1c652c6b)
Start importing Assets/_Unity Essentials/Tutorials/M_01_Editor/1.1/Step_1.1.7.asset using Guid(a9897844b67d3437d9192664c234b581) Importer(2089858483,3d70f49cd1c2eb9ae422958d1c652c6b) (ScriptedImporter) -> (artifact id: '4e49489f89092cb1a8e2eadfdbf550f3') in 0.0345083 seconds
Number of updated asset objects reloaded before import = 0Number of asset objects unloaded after import = 0

========================================================================
Received Import Request.
  Time since last request: 0.000044 seconds.
  path: Assets/_Unity Essentials/Tutorials/M_01_Editor/1.1/Step_1.1.0.asset
  artifactKey: Guid(1444243e0db52b743ba15dce594fada1) Importer(2089858483,3d70f49cd1c2eb9ae422958d1c652c6b)
Start importing Assets/_Unity Essentials/Tutorials/M_01_Editor/1.1/Step_1.1.0.asset using Guid(1444243e0db52b743ba15dce594fada1) Importer(2089858483,3d70f49cd1c2eb9ae422958d1c652c6b) (ScriptedImporter) -> (artifact id: '31476be093f8676b950dcacb2560e8fe') in 0.0181166 seconds
Number of updated asset objects reloaded before import = 0Number of asset objects unloaded after import = 0

========================================================================
Received Import Request.
  Time since last request: 0.000023 seconds.
  path: Assets/_Unity Essentials/Source Files/Lighting/4_LivingRoom_Programming_Scene/LightingData.asset
  artifactKey: Guid(097c90886656b467c8af02edeaead347) Importer(2089858483,3d70f49cd1c2eb9ae422958d1c652c6b)
Start importing Assets/_Unity Essentials/Source Files/Lighting/4_LivingRoom_Programming_Scene/LightingData.asset using Guid(097c90886656b467c8af02edeaead347) Importer(2089858483,3d70f49cd1c2eb9ae422958d1c652c6b) (ScriptedImporter) -> (artifact id: '9e35f7b519644b7ac850cb666e2ef464') in 0.0173483 seconds
Number of updated asset objects reloaded before import = 0Number of asset objects unloaded after import = 1

========================================================================
Received Import Request.
  Time since last request: 0.000024 seconds.
  path: Assets/_Unity Essentials/Tutorials/M_01_Editor/1.2/Step_1.2.11 - Enter the correct code in Play mode.asset
  artifactKey: Guid(4eca66d50db517443bdcbc8cc15453d9) Importer(2089858483,3d70f49cd1c2eb9ae422958d1c652c6b)
Start importing Assets/_Unity Essentials/Tutorials/M_01_Editor/1.2/Step_1.2.11 - Enter the correct code in Play mode.asset using Guid(4eca66d50db517443bdcbc8cc15453d9) Importer(2089858483,3d70f49cd1c2eb9ae422958d1c652c6b) (ScriptedImporter) -> (artifact id: '1b6f9239d4c27d67bffc85b1589b77cd') in 0.0367544 seconds
Number of updated asset objects reloaded before import = 0Number of asset objects unloaded after import = 1

========================================================================
Received Import Request.
  Time since last request: 0.000035 seconds.
  path: Assets/_Unity Essentials/Fonts/Rye-Regular SDF.asset
  artifactKey: Guid(65676bcd85e9549078c824e99548af83) Importer(2089858483,3d70f49cd1c2eb9ae422958d1c652c6b)
Start importing Assets/_Unity Essentials/Fonts/Rye-Regular SDF.asset using Guid(65676bcd85e9549078c824e99548af83) Importer(2089858483,3d70f49cd1c2eb9ae422958d1c652c6b) (ScriptedImporter) -> (artifact id: 'b458fcd2ce0367496dc9e4b6e6334650') in 0.043492 seconds
Number of updated asset objects reloaded before import = 0Number of asset objects unloaded after import = 2

========================================================================
Received Import Request.
  Time since last request: 0.000039 seconds.
  path: Assets/_Unity Essentials/Tutorials/M_01_Editor/1.4/Step_1.4.4 - Move the first large piece.asset
  artifactKey: Guid(536662dd45815844da10fc9f71d44f69) Importer(2089858483,3d70f49cd1c2eb9ae422958d1c652c6b)
Start importing Assets/_Unity Essentials/Tutorials/M_01_Editor/1.4/Step_1.4.4 - Move the first large piece.asset using Guid(536662dd45815844da10fc9f71d44f69) Importer(2089858483,3d70f49cd1c2eb9ae422958d1c652c6b) (ScriptedImporter) -> (artifact id: 'a303c5e42aaa757fe7bf9f8638fbadfe') in 0.018148 seconds
Number of updated asset objects reloaded before import = 0Number of asset objects unloaded after import = 0

========================================================================
Received Import Request.
  Time since last request: 0.000026 seconds.
  path: Assets/_Unity Essentials/Tutorials/M_01_Editor/1.2/Tutorial 1.2 - Master 3D scene navigation.asset
  artifactKey: Guid(72b2e98d374d94b0681ee8ae6e2bf641) Importer(2089858483,3d70f49cd1c2eb9ae422958d1c652c6b)
Start importing Assets/_Unity Essentials/Tutorials/M_01_Editor/1.2/Tutorial 1.2 - Master 3D scene navigation.asset using Guid(72b2e98d374d94b0681ee8ae6e2bf641) Importer(2089858483,3d70f49cd1c2eb9ae422958d1c652c6b) (ScriptedImporter) -> (artifact id: '602f0f7bd3f7822136fafa105d110e0c') in 1.7117519 seconds
Number of updated asset objects reloaded before import = 0Number of asset objects unloaded after import = 262

========================================================================
Received Import Request.
  Time since last request: 0.000034 seconds.
  path: Assets/_Unity Essentials/Tutorials/M_02_3D/2.3/Step_2.3.4.asset
  artifactKey: Guid(ecba7a10d5cc841cd98bea06368dde05) Importer(2089858483,3d70f49cd1c2eb9ae422958d1c652c6b)
Start importing Assets/_Unity Essentials/Tutorials/M_02_3D/2.3/Step_2.3.4.asset using Guid(ecba7a10d5cc841cd98bea06368dde05) Importer(2089858483,3d70f49cd1c2eb9ae422958d1c652c6b) (ScriptedImporter) -> (artifact id: '368ecb9da8a0c26ce3d6af52fc17f3ee') in 0.0244915 seconds
Number of updated asset objects reloaded before import = 0Number of asset objects unloaded after import = 0

========================================================================
Received Import Request.
  Time since last request: 0.000038 seconds.
  path: Assets/_Unity Essentials/Tutorials/M_02_3D/2.1/Step_2.1.6.asset
  artifactKey: Guid(0a02692c5a1c74d2dae6d9226fbf07f1) Importer(2089858483,3d70f49cd1c2eb9ae422958d1c652c6b)
Start importing Assets/_Unity Essentials/Tutorials/M_02_3D/2.1/Step_2.1.6.asset using Guid(0a02692c5a1c74d2dae6d9226fbf07f1) Importer(2089858483,3d70f49cd1c2eb9ae422958d1c652c6b) (ScriptedImporter) -> (artifact id: '48aaf59d72882c75373f1c228faa3e6a') in 0.021468 seconds
Number of updated asset objects reloaded before import = 0Number of asset objects unloaded after import = 0

========================================================================
Received Import Request.
  Time since last request: 0.000028 seconds.
  path: Assets/_Unity Essentials/Tutorials/M_02_3D/2.3/Tut_2.3.asset
  artifactKey: Guid(f37a1d862e54942d18b866a13bd505f2) Importer(2089858483,3d70f49cd1c2eb9ae422958d1c652c6b)
Start importing Assets/_Unity Essentials/Tutorials/M_02_3D/2.3/Tut_2.3.asset using Guid(f37a1d862e54942d18b866a13bd505f2) Importer(2089858483,3d70f49cd1c2eb9ae422958d1c652c6b) (ScriptedImporter) -> (artifact id: '16aab55536bb917875cfc86cc07efd89') in 1.1256025 seconds
Number of updated asset objects reloaded before import = 0Number of asset objects unloaded after import = 262

========================================================================
Received Import Request.
  Time since last request: 0.000033 seconds.
  path: Assets/_Unity Essentials/Tutorials/M_04_Prog/4.2/Step_4.2.7.asset
  artifactKey: Guid(dfe012ccd13eb4945963aebab6a4a2af) Importer(2089858483,3d70f49cd1c2eb9ae422958d1c652c6b)
Start importing Assets/_Unity Essentials/Tutorials/M_04_Prog/4.2/Step_4.2.7.asset using Guid(dfe012ccd13eb4945963aebab6a4a2af) Importer(2089858483,3d70f49cd1c2eb9ae422958d1c652c6b) (ScriptedImporter) -> (artifact id: '30a63a5deaac40128dad0fbf3e958b10') in 0.017765 seconds
Number of updated asset objects reloaded before import = 0Number of asset objects unloaded after import = 0

========================================================================
Received Import Request.
  Time since last request: 0.000048 seconds.
  path: Assets/_Unity Essentials/Tutorials/M_04_Prog/4.3/Step_4.3.10.asset
  artifactKey: Guid(9f2797b87d6054c4c8d6665e4b5502ab) Importer(2089858483,3d70f49cd1c2eb9ae422958d1c652c6b)
Start importing Assets/_Unity Essentials/Tutorials/M_04_Prog/4.3/Step_4.3.10.asset using Guid(9f2797b87d6054c4c8d6665e4b5502ab) Importer(2089858483,3d70f49cd1c2eb9ae422958d1c652c6b) (ScriptedImporter) -> (artifact id: 'bc53e594551582788ce7519e5d5455e1') in 0.0208342 seconds
Number of updated asset objects reloaded before import = 0Number of asset objects unloaded after import = 0

========================================================================
Received Import Request.
  Time since last request: 0.000051 seconds.
  path: Assets/_Unity Essentials/Tutorials/M_04_Prog/4.1/Step_4.1.7.asset
  artifactKey: Guid(5ad4e580b20474a9e91e2332848e01a8) Importer(2089858483,3d70f49cd1c2eb9ae422958d1c652c6b)
Start importing Assets/_Unity Essentials/Tutorials/M_04_Prog/4.1/Step_4.1.7.asset using Guid(5ad4e580b20474a9e91e2332848e01a8) Importer(2089858483,3d70f49cd1c2eb9ae422958d1c652c6b) (ScriptedImporter) -> (artifact id: '48e4dbb665920da6f3dfa5d8a77d203c') in 0.0181648 seconds
Number of updated asset objects reloaded before import = 0Number of asset objects unloaded after import = 0

========================================================================
Received Import Request.
  Time since last request: 0.000038 seconds.
  path: Assets/_Unity Essentials/Tutorials/M_04_Prog/4.3/Step_4.3.11.asset
  artifactKey: Guid(156526276c6584a15b74930ed03e76ad) Importer(2089858483,3d70f49cd1c2eb9ae422958d1c652c6b)
Start importing Assets/_Unity Essentials/Tutorials/M_04_Prog/4.3/Step_4.3.11.asset using Guid(156526276c6584a15b74930ed03e76ad) Importer(2089858483,3d70f49cd1c2eb9ae422958d1c652c6b) (ScriptedImporter) -> (artifact id: '1724c3462d177fc5f39175fe6b495baa') in 0.0202877 seconds
Number of updated asset objects reloaded before import = 0Number of asset objects unloaded after import = 0

========================================================================
Received Import Request.
  Time since last request: 0.000029 seconds.
  path: Assets/KajamansRoads/Free/Obj/l10km_cc4_sl20_t(12123025)_A87113010_Alley.obj
  artifactKey: Guid(fd4a0cb4c013bfe4490ba77940a5a695) Importer(2089858483,192608db42251d675da83286b1cce702)
Start importing Assets/KajamansRoads/Free/Obj/l10km_cc4_sl20_t(12123025)_A87113010_Alley.obj using Guid(fd4a0cb4c013bfe4490ba77940a5a695) Importer(2089858483,192608db42251d675da83286b1cce702) (ScriptedImporter) -> (artifact id: '18351924bdf7bb547a586e066463de49') in 0.0731546 seconds
Number of updated asset objects reloaded before import = 0Number of asset objects unloaded after import = 9

========================================================================
Received Import Request.
  Time since last request: 0.000051 seconds.
  path: Assets/_Unity Essentials/Tutorials/M_04_Prog/4.3/Step_4.3.9.asset
  artifactKey: Guid(9cb41ef30669441a690bd3e42925344a) Importer(2089858483,3d70f49cd1c2eb9ae422958d1c652c6b)
Start importing Assets/_Unity Essentials/Tutorials/M_04_Prog/4.3/Step_4.3.9.asset using Guid(9cb41ef30669441a690bd3e42925344a) Importer(2089858483,3d70f49cd1c2eb9ae422958d1c652c6b) (ScriptedImporter) -> (artifact id: 'e5a700f1dbb47fb0c09baa3dc7060564') in 0.0224666 seconds
Number of updated asset objects reloaded before import = 0Number of asset objects unloaded after import = 0

========================================================================
Received Import Request.
  Time since last request: 0.000088 seconds.
  path: Assets/_Unity Essentials/Tutorials/M_05_2D/5.1/Tut 5.1.asset
  artifactKey: Guid(b2a89bdc812d54141a82f0ff9c4b003b) Importer(2089858483,3d70f49cd1c2eb9ae422958d1c652c6b)
Start importing Assets/_Unity Essentials/Tutorials/M_05_2D/5.1/Tut 5.1.asset using Guid(b2a89bdc812d54141a82f0ff9c4b003b) Importer(2089858483,3d70f49cd1c2eb9ae422958d1c652c6b) (ScriptedImporter) -> (artifact id: 'd4ecc2fcb31392d0444bbe49add62185') in 0.8364406 seconds
Number of updated asset objects reloaded before import = 0Number of asset objects unloaded after import = 262

========================================================================
Received Import Request.
  Time since last request: 0.000042 seconds.
  path: Assets/_Unity Essentials/Tutorials/M_06_Pub/6.2/6.2.3.asset
  artifactKey: Guid(8332aee1ca8524804b3ad22f4819dcd9) Importer(2089858483,3d70f49cd1c2eb9ae422958d1c652c6b)
Start importing Assets/_Unity Essentials/Tutorials/M_06_Pub/6.2/6.2.3.asset using Guid(8332aee1ca8524804b3ad22f4819dcd9) Importer(2089858483,3d70f49cd1c2eb9ae422958d1c652c6b) (ScriptedImporter) -> (artifact id: '56f345b77d28a6e07bed48ec7c04b5a4') in 0.0222021 seconds
Number of updated asset objects reloaded before import = 0Number of asset objects unloaded after import = 1

========================================================================
Received Import Request.
  Time since last request: 0.000043 seconds.
  path: Assets/_Unity Essentials/Tutorials/M_06_Pub/6.3/6.3.2.asset
  artifactKey: Guid(2db3f460220b6db449ba534191d80b87) Importer(2089858483,3d70f49cd1c2eb9ae422958d1c652c6b)
Start importing Assets/_Unity Essentials/Tutorials/M_06_Pub/6.3/6.3.2.asset using Guid(2db3f460220b6db449ba534191d80b87) Importer(2089858483,3d70f49cd1c2eb9ae422958d1c652c6b) (ScriptedImporter) -> (artifact id: '83c2d7ecf861ff9c67df0b66918346fd') in 0.0203018 seconds
Number of updated asset objects reloaded before import = 0Number of asset objects unloaded after import = 0

========================================================================
Received Import Request.
  Time since last request: 0.000023 seconds.
  path: Assets/_Unity Essentials/Tutorials/M_06_Pub/6.4/6.4.1.asset
  artifactKey: Guid(c78273146e6ec834b9a082126dd52b9a) Importer(2089858483,3d70f49cd1c2eb9ae422958d1c652c6b)
Start importing Assets/_Unity Essentials/Tutorials/M_06_Pub/6.4/6.4.1.asset using Guid(c78273146e6ec834b9a082126dd52b9a) Importer(2089858483,3d70f49cd1c2eb9ae422958d1c652c6b) (ScriptedImporter) -> (artifact id: '4cf59904b5b12afb811903ed1bf3e9f6') in 0.0197301 seconds
Number of updated asset objects reloaded before import = 0Number of asset objects unloaded after import = 0

========================================================================
Received Import Request.
  Time since last request: 0.000026 seconds.
  path: Assets/_Unity Essentials/Tutorials/M_06_Pub/6.3/Tut_6.3.asset
  artifactKey: Guid(edea13ca1499bdf44b210ba47d3cbb87) Importer(2089858483,3d70f49cd1c2eb9ae422958d1c652c6b)
Start importing Assets/_Unity Essentials/Tutorials/M_06_Pub/6.3/Tut_6.3.asset using Guid(edea13ca1499bdf44b210ba47d3cbb87) Importer(2089858483,3d70f49cd1c2eb9ae422958d1c652c6b) (ScriptedImporter) -> (artifact id: '516dfa3df63e5ad1b3ca9fd880721575') in 0.8071394 seconds
Number of updated asset objects reloaded before import = 0Number of asset objects unloaded after import = 262

========================================================================
Received Import Request.
  Time since last request: 0.000036 seconds.
  path: Assets/_Unity Essentials/Tutorials/M_04_Prog/4.3/Step_4.3.7.asset
  artifactKey: Guid(f49cfcd838cee4d029afae50591ce36c) Importer(2089858483,3d70f49cd1c2eb9ae422958d1c652c6b)
Start importing Assets/_Unity Essentials/Tutorials/M_04_Prog/4.3/Step_4.3.7.asset using Guid(f49cfcd838cee4d029afae50591ce36c) Importer(2089858483,3d70f49cd1c2eb9ae422958d1c652c6b) (ScriptedImporter) -> (artifact id: 'dea666380e997246ef65727ccc877cbe') in 0.0238891 seconds
Number of updated asset objects reloaded before import = 0Number of asset objects unloaded after import = 0

========================================================================
Received Import Request.
  Time since last request: 0.000038 seconds.
  path: Assets/Settings/High Fidelity_PipelineAsset_ForwardRenderer.asset
  artifactKey: Guid(aeda4e95f8760c1419dbc25ad7d6e82e) Importer(2089858483,192608db42251d675da83286b1cce702)
Start importing Assets/Settings/High Fidelity_PipelineAsset_ForwardRenderer.asset using Guid(aeda4e95f8760c1419dbc25ad7d6e82e) Importer(2089858483,192608db42251d675da83286b1cce702) (ScriptedImporter) -> (artifact id: 'e79d2c8570415cdf3fd6c79845c8765c') in 0.0242611 seconds
Number of updated asset objects reloaded before import = 0Number of asset objects unloaded after import = 1

========================================================================
Received Import Request.
  Time since last request: 0.000028 seconds.
  path: Assets/_Unity Essentials/Tutorials/M_01_Editor/1.1/Tutorial 1.1.asset
  artifactKey: Guid(b849b95645fc3490f9ac73f16a46e846) Importer(2089858483,3d70f49cd1c2eb9ae422958d1c652c6b)
Start importing Assets/_Unity Essentials/Tutorials/M_01_Editor/1.1/Tutorial 1.1.asset using Guid(b849b95645fc3490f9ac73f16a46e846) Importer(2089858483,3d70f49cd1c2eb9ae422958d1c652c6b) (ScriptedImporter) -> (artifact id: '22277930369ed0cb04d844f827266dfd') in 0.6832829 seconds
Number of updated asset objects reloaded before import = 0Number of asset objects unloaded after import = 262

Editor requested this worker to shutdown with reason: balancing worker count downwards
AssetImportWorker is now disconnected from the server
Process exiting
Exiting without the bug reporter. Application will terminate with return code 0