Using pre-set license
Built from '6000.0/staging' branch; Version is '6000.0.56f1 (9c7b5e468860) revision 10255198'; Using compiler version '193933523'; Build Type 'Release'
OS: 'Windows 11  (10.0.22631) 64bit Education' Language: 'en' Physical Memory: 32437 MB
BatchMode: 1, IsHumanControllingUs: 0, StartBugReporterOnCrash: 0, Is64bit: 1
Date: 2025-10-09T12:21:41Z

COMMAND LINE ARGUMENTS:
C:\Program Files\Unity\Hub\Editor\6000.0.56f1\Editor\Unity.exe
-adb2
-batchMode
-noUpm
-name
AssetImportWorker11
-projectPath
C:/Users/02MADDOX.GREENSPOON/Maddox Greenspoon/Repositories/Unity Essentials/Essentials
-logFile
Logs/AssetImportWorker11.log
-srvPort
54701
-job-worker-count
5
-background-job-worker-count
8
-gc-helper-count
1
-name
AssetImport
Successfully changed project path to: C:/Users/02MADDOX.GREENSPOON/Maddox Greenspoon/Repositories/Unity Essentials/Essentials
C:/Users/02MADDOX.GREENSPOON/Maddox Greenspoon/Repositories/Unity Essentials/Essentials
[UnityMemory] Configuration Parameters - Can be set up in boot.config
    "memorysetup-bucket-allocator-granularity=16"
    "memorysetup-bucket-allocator-bucket-count=8"
    "memorysetup-bucket-allocator-block-size=33554432"
    "memorysetup-bucket-allocator-block-count=8"
    "memorysetup-main-allocator-block-size=16777216"
    "memorysetup-thread-allocator-block-size=16777216"
    "memorysetup-gfx-main-allocator-block-size=16777216"
    "memorysetup-gfx-thread-allocator-block-size=16777216"
    "memorysetup-cache-allocator-block-size=4194304"
    "memorysetup-typetree-allocator-block-size=2097152"
    "memorysetup-profiler-bucket-allocator-granularity=16"
    "memorysetup-profiler-bucket-allocator-bucket-count=8"
    "memorysetup-profiler-bucket-allocator-block-size=33554432"
    "memorysetup-profiler-bucket-allocator-block-count=8"
    "memorysetup-profiler-allocator-block-size=16777216"
    "memorysetup-profiler-editor-allocator-block-size=1048576"
    "memorysetup-temp-allocator-size-main=16777216"
    "memorysetup-job-temp-allocator-block-size=2097152"
    "memorysetup-job-temp-allocator-block-size-background=1048576"
    "memorysetup-job-temp-allocator-reduction-small-platforms=262144"
    "memorysetup-allocator-temp-initial-block-size-main=262144"
    "memorysetup-allocator-temp-initial-block-size-worker=262144"
    "memorysetup-temp-allocator-size-background-worker=32768"
    "memorysetup-temp-allocator-size-job-worker=262144"
    "memorysetup-temp-allocator-size-preload-manager=33554432"
    "memorysetup-temp-allocator-size-nav-mesh-worker=65536"
    "memorysetup-temp-allocator-size-audio-worker=65536"
    "memorysetup-temp-allocator-size-cloud-worker=32768"
    "memorysetup-temp-allocator-size-gi-baking-worker=262144"
    "memorysetup-temp-allocator-size-gi-baking-worker=262144"
    "memorysetup-temp-allocator-size-gi-baking-worker=262144"
    "memorysetup-temp-allocator-size-gi-baking-worker=262144"
    "memorysetup-temp-allocator-size-gi-baking-worker=262144"
    "memorysetup-temp-allocator-size-gfx=262144"
Player connection [8220]  Target information:

Player connection [8220]  * "[IP] 10.202.144.9 [Port] 0 [Flags] 2 [Guid] 1724723518 [EditorId] 1724723518 [Version] 1048832 [Id] WindowsEditor(7,GUL-HS-2211SD09) [Debug] 1 [PackageName] WindowsEditor [ProjectName] Editor" 

Player connection [8220]  * "[IP] 192.168.247.1 [Port] 0 [Flags] 2 [Guid] 1724723518 [EditorId] 1724723518 [Version] 1048832 [Id] WindowsEditor(7,GUL-HS-2211SD09) [Debug] 1 [PackageName] WindowsEditor [ProjectName] Editor" 

Player connection [8220]  * "[IP] 192.168.2.1 [Port] 0 [Flags] 2 [Guid] 1724723518 [EditorId] 1724723518 [Version] 1048832 [Id] WindowsEditor(7,GUL-HS-2211SD09) [Debug] 1 [PackageName] WindowsEditor [ProjectName] Editor" 

Player connection [8220]  * "[IP] 192.168.56.1 [Port] 0 [Flags] 2 [Guid] 1724723518 [EditorId] 1724723518 [Version] 1048832 [Id] WindowsEditor(7,GUL-HS-2211SD09) [Debug] 1 [PackageName] WindowsEditor [ProjectName] Editor" 

Player connection [8220] Host joined multi-casting on [225.0.0.222:54997]...
Player connection [8220] Host joined alternative multi-casting on [225.0.0.222:34997]...
JobSystem: Creating JobQueue using job-worker-count value 5
Input System module state changed to: Initialized.
[Physics::Module] Initialized fallback backend.
[Physics::Module] Id: 0xdecafbad
Library Redirect Path: Library/
[Physics::Module] Selected backend.
[Physics::Module] Name: PhysX
[Physics::Module] Id: 0xf2b8ea05
[Physics::Module] SDK Version: 4.1.2
[Physics::Module] Integration Version: 1.0.0
[Physics::Module] Threading Mode: Multi-Threaded
Refreshing native plugins compatible for Editor in 11.42 ms, found 3 plugins.
Preloading 0 native plugins for Editor in 0.00 ms.
Initialize engine version: 6000.0.56f1 (9c7b5e468860)
[Subsystems] Discovering subsystems at path C:/Program Files/Unity/Hub/Editor/6000.0.56f1/Editor/Data/Resources/UnitySubsystems
[Subsystems] Discovering subsystems at path C:/Users/02MADDOX.GREENSPOON/Maddox Greenspoon/Repositories/Unity Essentials/Essentials/Assets
GfxDevice: creating device client; kGfxThreadingModeNonThreaded
Direct3D:
    Version:  Direct3D 11.0 [level 11.1]
    Renderer: NVIDIA T400 4GB (ID=0x1ff2)
    Vendor:   NVIDIA
    VRAM:     3943 MB
    Driver:   32.0.15.7216
Initialize mono
Mono path[0] = 'C:/Program Files/Unity/Hub/Editor/6000.0.56f1/Editor/Data/Managed'
Mono path[1] = 'C:/Program Files/Unity/Hub/Editor/6000.0.56f1/Editor/Data/MonoBleedingEdge/lib/mono/unityjit-win32'
Mono config path = 'C:/Program Files/Unity/Hub/Editor/6000.0.56f1/Editor/Data/MonoBleedingEdge/etc'
Using monoOptions --debugger-agent=transport=dt_socket,embedding=1,server=y,suspend=n,address=127.0.0.1:56772
Begin MonoManager ReloadAssembly
Registering precompiled unity dll's ...
Register platform support module: C:/Program Files/Unity/Hub/Editor/6000.0.56f1/Editor/Data/PlaybackEngines/WebGLSupport/UnityEditor.WebGL.Extensions.dll
Register platform support module: C:/Program Files/Unity/Hub/Editor/6000.0.56f1/Editor/Data/PlaybackEngines/WindowsStandaloneSupport/UnityEditor.WindowsStandalone.Extensions.dll
Register platform support module: C:/Program Files/Unity/Hub/Editor/6000.0.56f1/Editor/Data/PlaybackEngines/MetroSupport/UnityEditor.UWP.Extensions.dll
Registered in 0.008594 seconds.
- Loaded All Assemblies, in  0.534 seconds
Native extension for UWP target not found
Native extension for WindowsStandalone target not found
Native extension for WebGL target not found
Mono: successfully reloaded assembly
- Finished resetting the current domain, in  0.606 seconds
Domain Reload Profiling: 1137ms
	BeginReloadAssembly (169ms)
		ExecutionOrderSort (0ms)
		DisableScriptedObjects (0ms)
		BackupInstance (0ms)
		ReleaseScriptingObjects (0ms)
		CreateAndSetChildDomain (1ms)
	RebuildCommonClasses (50ms)
	RebuildNativeTypeToScriptingClass (18ms)
	initialDomainReloadingComplete (69ms)
	LoadAllAssembliesAndSetupDomain (225ms)
		LoadAssemblies (165ms)
		RebuildTransferFunctionScriptingTraits (0ms)
		AnalyzeDomain (221ms)
			TypeCache.Refresh (219ms)
				TypeCache.ScanAssembly (203ms)
			BuildScriptInfoCaches (0ms)
			ResolveRequiredComponents (1ms)
	FinalizeReload (606ms)
		ReleaseScriptCaches (0ms)
		RebuildScriptCaches (0ms)
		SetupLoadedEditorAssemblies (544ms)
			LogAssemblyErrors (0ms)
			InitializePlatformSupportModulesInManaged (92ms)
			SetLoadedEditorAssemblies (5ms)
			BeforeProcessingInitializeOnLoad (101ms)
			ProcessInitializeOnLoadAttributes (283ms)
			ProcessInitializeOnLoadMethodAttributes (62ms)
			AfterProcessingInitializeOnLoad (0ms)
			EditorAssembliesLoaded (0ms)
		ExecutionOrderSort2 (0ms)
		AwakeInstancesAfterBackupRestoration (0ms)
========================================================================
Worker process is ready to serve import requests
Import Worker Mode flag is 0x00
Begin MonoManager ReloadAssembly
Symbol file LoadedFromMemory is not a mono symbol file
- Loaded All Assemblies, in  1.278 seconds
Refreshing native plugins compatible for Editor in 10.06 ms, found 3 plugins.
Native extension for UWP target not found
Native extension for WindowsStandalone target not found
Native extension for WebGL target not found
Package Manager log level set to [2]
[Package Manager] Failed to launch server process. Reason: Unity was launched with the -noUpm command-line argument
[Package Manager] Unable to send message (not connected to server process).
[Package Manager] Cannot connect to Unity Package Manager local server
Refreshing native plugins compatible for Editor in 7.58 ms, found 3 plugins.
Mono: successfully reloaded assembly
- Finished resetting the current domain, in  1.528 seconds
Domain Reload Profiling: 2788ms
	BeginReloadAssembly (249ms)
		ExecutionOrderSort (0ms)
		DisableScriptedObjects (12ms)
		BackupInstance (0ms)
		ReleaseScriptingObjects (0ms)
		CreateAndSetChildDomain (43ms)
	RebuildCommonClasses (53ms)
	RebuildNativeTypeToScriptingClass (20ms)
	initialDomainReloadingComplete (70ms)
	LoadAllAssembliesAndSetupDomain (868ms)
		LoadAssemblies (577ms)
		RebuildTransferFunctionScriptingTraits (0ms)
		AnalyzeDomain (427ms)
			TypeCache.Refresh (297ms)
				TypeCache.ScanAssembly (270ms)
			BuildScriptInfoCaches (110ms)
			ResolveRequiredComponents (16ms)
	FinalizeReload (1528ms)
		ReleaseScriptCaches (0ms)
		RebuildScriptCaches (0ms)
		SetupLoadedEditorAssemblies (1214ms)
			LogAssemblyErrors (0ms)
			InitializePlatformSupportModulesInManaged (23ms)
			SetLoadedEditorAssemblies (5ms)
			BeforeProcessingInitializeOnLoad (253ms)
			ProcessInitializeOnLoadAttributes (595ms)
			ProcessInitializeOnLoadMethodAttributes (331ms)
			AfterProcessingInitializeOnLoad (6ms)
			EditorAssembliesLoaded (0ms)
		ExecutionOrderSort2 (0ms)
		AwakeInstancesAfterBackupRestoration (11ms)
Launched and connected shader compiler UnityShaderCompiler.exe after 0.16 seconds
Refreshing native plugins compatible for Editor in 7.61 ms, found 3 plugins.
Preloading 0 native plugins for Editor in 0.00 ms.
Unloading 14 Unused Serialized files (Serialized files now loaded: 0)
Unloading 6411 unused Assets / (2.6 MB). Loaded Objects now: 7131.
Memory consumption went from 148.1 MB to 145.5 MB.
Total: 15.235700 ms (FindLiveObjects: 0.690100 ms CreateObjectMapping: 0.869100 ms MarkObjects: 10.939800 ms  DeleteObjects: 2.734800 ms)

========================================================================
Received Import Request.
  Time since last request: 2685.194268 seconds.
  path: Assets/Awb-Free Low Poly Cars/Prefabs/N_Muscle Car_10.prefab
  artifactKey: Guid(d84787863a48b884e8c303159510c801) Importer(2089858483,3d70f49cd1c2eb9ae422958d1c652c6b)
Start importing Assets/Awb-Free Low Poly Cars/Prefabs/N_Muscle Car_10.prefab using Guid(d84787863a48b884e8c303159510c801) Importer(2089858483,3d70f49cd1c2eb9ae422958d1c652c6b) (ScriptedImporter) -> (artifact id: '63e27b62f479d18211efa0017c2a4cb9') in 0.5621718 seconds
Number of updated asset objects reloaded before import = 0Number of asset objects unloaded after import = 30

========================================================================
Received Import Request.
  Time since last request: 0.000022 seconds.
  path: Assets/KajamansRoads/Free/Obj/Materials
  artifactKey: Guid(d794e10d6adf0ab46b887a3b1c5526ce) Importer(2089858483,192608db42251d675da83286b1cce702)
Start importing Assets/KajamansRoads/Free/Obj/Materials using Guid(d794e10d6adf0ab46b887a3b1c5526ce) Importer(2089858483,192608db42251d675da83286b1cce702) (ScriptedImporter) -> (artifact id: 'b6adf7c10c0bf7ffae83b3839f9219e2') in 0.0284343 seconds
Number of updated asset objects reloaded before import = 0Number of asset objects unloaded after import = 1

========================================================================
Received Import Request.
  Time since last request: 0.000029 seconds.
  path: Assets/_Unity Essentials/Prefabs/Rooms/02_Kitchen.prefab
  artifactKey: Guid(74ab8f72987454f0db40e7903d894991) Importer(2089858483,3d70f49cd1c2eb9ae422958d1c652c6b)
Start importing Assets/_Unity Essentials/Prefabs/Rooms/02_Kitchen.prefab using Guid(74ab8f72987454f0db40e7903d894991) Importer(2089858483,3d70f49cd1c2eb9ae422958d1c652c6b) (ScriptedImporter) -> (artifact id: 'b62c3c9e9f04ead8f906bf26d6cd9f0e') in 0.1717597 seconds
Number of updated asset objects reloaded before import = 0Number of asset objects unloaded after import = 1230

========================================================================
Received Import Request.
  Time since last request: 0.000023 seconds.
  path: Assets/BrokenVector/LowPolyRoadPack/Prefabs/Tunnel Curve.prefab
  artifactKey: Guid(72e0f34fa25621649ab63b1abedef4d9) Importer(2089858483,3d70f49cd1c2eb9ae422958d1c652c6b)
Start importing Assets/BrokenVector/LowPolyRoadPack/Prefabs/Tunnel Curve.prefab using Guid(72e0f34fa25621649ab63b1abedef4d9) Importer(2089858483,3d70f49cd1c2eb9ae422958d1c652c6b) (ScriptedImporter) -> (artifact id: '1c9dfad2fa3f6156fef530de9fb4e40c') in 0.1242655 seconds
Number of updated asset objects reloaded before import = 0Number of asset objects unloaded after import = 9

========================================================================
Received Import Request.
  Time since last request: 0.000027 seconds.
  path: Assets/_Unity Essentials/Prefabs/VFX/VFX_Burst.prefab
  artifactKey: Guid(a64312fe794124baa923bcca22ea4631) Importer(2089858483,3d70f49cd1c2eb9ae422958d1c652c6b)
Start importing Assets/_Unity Essentials/Prefabs/VFX/VFX_Burst.prefab using Guid(a64312fe794124baa923bcca22ea4631) Importer(2089858483,3d70f49cd1c2eb9ae422958d1c652c6b) (ScriptedImporter) -> (artifact id: '771833a868259c191633e8354c5e0bd9') in 0.059195 seconds
Number of updated asset objects reloaded before import = 0Number of asset objects unloaded after import = 7

========================================================================
Received Import Request.
  Time since last request: 0.000022 seconds.
  path: Assets/_Unity Essentials/Prefabs/Walls/WallDoorFrame2m.prefab
  artifactKey: Guid(2a0112f4fd798c8459cf0e23c603350d) Importer(2089858483,3d70f49cd1c2eb9ae422958d1c652c6b)
Start importing Assets/_Unity Essentials/Prefabs/Walls/WallDoorFrame2m.prefab using Guid(2a0112f4fd798c8459cf0e23c603350d) Importer(2089858483,3d70f49cd1c2eb9ae422958d1c652c6b) (ScriptedImporter) -> (artifact id: '9fe594f8229d3da3d641f1e99b00c910') in 0.0195225 seconds
Number of updated asset objects reloaded before import = 0Number of asset objects unloaded after import = 18

========================================================================
Received Import Request.
  Time since last request: 0.000032 seconds.
  path: Assets/KajamansRoads/Free/Prefabs/l10km_cc4_sl69_t(1212029)_rw12_wh15_n1_RsBtW_MeshV00_m.prefab
  artifactKey: Guid(6becd15d7262243478b14c339313ad72) Importer(2089858483,192608db42251d675da83286b1cce702)
Start importing Assets/KajamansRoads/Free/Prefabs/l10km_cc4_sl69_t(1212029)_rw12_wh15_n1_RsBtW_MeshV00_m.prefab using Guid(6becd15d7262243478b14c339313ad72) Importer(2089858483,192608db42251d675da83286b1cce702) (ScriptedImporter) -> (artifact id: '9871d3fff6d28ee5de11cb0f0dd621d1') in 0.1837556 seconds
Number of updated asset objects reloaded before import = 0Number of asset objects unloaded after import = 12

========================================================================
Received Import Request.
  Time since last request: 0.000025 seconds.
  path: Assets/KajamansRoads/Free/Prefabs/l10km_cc4_sl20_t(12123025)_rw10_wh3_n3_RsBTW_MeshV00_m.prefab
  artifactKey: Guid(6215070e0f160d74998efe50358b3d5e) Importer(2089858483,192608db42251d675da83286b1cce702)
Start importing Assets/KajamansRoads/Free/Prefabs/l10km_cc4_sl20_t(12123025)_rw10_wh3_n3_RsBTW_MeshV00_m.prefab using Guid(6215070e0f160d74998efe50358b3d5e) Importer(2089858483,192608db42251d675da83286b1cce702) (ScriptedImporter) -> (artifact id: 'dc2ff834a029de9a9f601e4519cd4706') in 0.0380285 seconds
Number of updated asset objects reloaded before import = 0Number of asset objects unloaded after import = 12

========================================================================
Received Import Request.
  Time since last request: 0.000049 seconds.
  path: Assets/KajamansRoads/Free/Prefabs/l10km_cc4_sl20_t(12123025)_A87113010_Alley_m.prefab
  artifactKey: Guid(7a5fccb891a9c954589776539299e74e) Importer(2089858483,3d70f49cd1c2eb9ae422958d1c652c6b)
Start importing Assets/KajamansRoads/Free/Prefabs/l10km_cc4_sl20_t(12123025)_A87113010_Alley_m.prefab using Guid(7a5fccb891a9c954589776539299e74e) Importer(2089858483,3d70f49cd1c2eb9ae422958d1c652c6b) (ScriptedImporter) -> (artifact id: '77edc49a73f562a2666e7d20c3bcf827') in 0.0254501 seconds
Number of updated asset objects reloaded before import = 0Number of asset objects unloaded after import = 8

========================================================================
Received Import Request.
  Time since last request: 0.000025 seconds.
  path: Assets/KajamansRoads/Free/Meshes/l10km_cc4_sl20_t(12123025)_A87113010_Alley.asset
  artifactKey: Guid(0a80fb73f5204284a87dc26ff5f08dd7) Importer(2089858483,3d70f49cd1c2eb9ae422958d1c652c6b)
Start importing Assets/KajamansRoads/Free/Meshes/l10km_cc4_sl20_t(12123025)_A87113010_Alley.asset using Guid(0a80fb73f5204284a87dc26ff5f08dd7) Importer(2089858483,3d70f49cd1c2eb9ae422958d1c652c6b) (ScriptedImporter) -> (artifact id: '6345cd36ad5e8353b967d000e5fa6487') in 0.0221256 seconds
Number of updated asset objects reloaded before import = 0Number of asset objects unloaded after import = 0

========================================================================
Received Import Request.
  Time since last request: 0.000026 seconds.
  path: Assets/_Unity Essentials/Tutorials/M_01_Editor/1.1/Step_1.1.9.asset
  artifactKey: Guid(75203ca6187dcf24a896e12e8770fc29) Importer(2089858483,3d70f49cd1c2eb9ae422958d1c652c6b)
Start importing Assets/_Unity Essentials/Tutorials/M_01_Editor/1.1/Step_1.1.9.asset using Guid(75203ca6187dcf24a896e12e8770fc29) Importer(2089858483,3d70f49cd1c2eb9ae422958d1c652c6b) (ScriptedImporter) -> (artifact id: 'b2cf3941b7d93289a4208402f2669ff8') in 0.0620295 seconds
Number of updated asset objects reloaded before import = 0Number of asset objects unloaded after import = 0

========================================================================
Received Import Request.
  Time since last request: 0.000027 seconds.
  path: Assets/_Unity Essentials/Source Files/Lighting/5_TopDown_2D_Scene/LightingData.asset
  artifactKey: Guid(a285b561272eb4296b8b8d82751f4258) Importer(2089858483,3d70f49cd1c2eb9ae422958d1c652c6b)
Start importing Assets/_Unity Essentials/Source Files/Lighting/5_TopDown_2D_Scene/LightingData.asset using Guid(a285b561272eb4296b8b8d82751f4258) Importer(2089858483,3d70f49cd1c2eb9ae422958d1c652c6b) (ScriptedImporter) -> (artifact id: '8e20a312c99c95fe366788abec40f0e4') in 0.0203571 seconds
Number of updated asset objects reloaded before import = 0Number of asset objects unloaded after import = 1

========================================================================
Received Import Request.
  Time since last request: 0.000040 seconds.
  path: Assets/_Unity Essentials/Tutorials/M_01_Editor/1.1/Step_1.1.8.asset
  artifactKey: Guid(acc177a4af3afd94290d9b4b5d0d6bb9) Importer(2089858483,3d70f49cd1c2eb9ae422958d1c652c6b)
Start importing Assets/_Unity Essentials/Tutorials/M_01_Editor/1.1/Step_1.1.8.asset using Guid(acc177a4af3afd94290d9b4b5d0d6bb9) Importer(2089858483,3d70f49cd1c2eb9ae422958d1c652c6b) (ScriptedImporter) -> (artifact id: 'd5984af78765de3ba73489ae45640e6d') in 0.0178442 seconds
Number of updated asset objects reloaded before import = 0Number of asset objects unloaded after import = 0

========================================================================
Received Import Request.
  Time since last request: 0.000023 seconds.
  path: Assets/_Unity Essentials/Tutorials/M_01_Editor/1.2/Step_1.2.5 - Open the Keyboard shortcut reference sheet.asset
  artifactKey: Guid(58b1db46567a247469bd14c16b5e027a) Importer(2089858483,3d70f49cd1c2eb9ae422958d1c652c6b)
Start importing Assets/_Unity Essentials/Tutorials/M_01_Editor/1.2/Step_1.2.5 - Open the Keyboard shortcut reference sheet.asset using Guid(58b1db46567a247469bd14c16b5e027a) Importer(2089858483,3d70f49cd1c2eb9ae422958d1c652c6b) (ScriptedImporter) -> (artifact id: '701625f76166122b142c8c468e43be4f') in 0.0621272 seconds
Number of updated asset objects reloaded before import = 0Number of asset objects unloaded after import = 2

========================================================================
Received Import Request.
  Time since last request: 0.000019 seconds.
  path: Assets/KajamansRoads/Materials/6RoadMob.mat
  artifactKey: Guid(0c77a9b0ac420b847a6657c467b36680) Importer(2089858483,192608db42251d675da83286b1cce702)
Start importing Assets/KajamansRoads/Materials/6RoadMob.mat using Guid(0c77a9b0ac420b847a6657c467b36680) Importer(2089858483,192608db42251d675da83286b1cce702) (ScriptedImporter) -> (artifact id: '09a4328d43a14db43e56dfe83d4ec3ec') in 0.0359272 seconds
Number of updated asset objects reloaded before import = 0Number of asset objects unloaded after import = 3

========================================================================
Received Import Request.
  Time since last request: 0.000021 seconds.
  path: Assets/BrokenVector/LowPolyRoadPack/Prefabs/SingleLane Straight 1.prefab
  artifactKey: Guid(9b0c19ad39b17024baf069bf79a4f7c5) Importer(2089858483,3d70f49cd1c2eb9ae422958d1c652c6b)
Start importing Assets/BrokenVector/LowPolyRoadPack/Prefabs/SingleLane Straight 1.prefab using Guid(9b0c19ad39b17024baf069bf79a4f7c5) Importer(2089858483,3d70f49cd1c2eb9ae422958d1c652c6b) (ScriptedImporter) -> (artifact id: '5daca2d01b30c2dcfe3218d4a570c921') in 0.0228209 seconds
Number of updated asset objects reloaded before import = 0Number of asset objects unloaded after import = 9

========================================================================
Received Import Request.
  Time since last request: 0.000034 seconds.
  path: Assets/_Unity Essentials/Tutorials/M_01_Editor/1.6/Step_1.6.1 - Complete the quiz.asset
  artifactKey: Guid(5096a491ed40fa54d96c6514e4b80053) Importer(2089858483,3d70f49cd1c2eb9ae422958d1c652c6b)
Start importing Assets/_Unity Essentials/Tutorials/M_01_Editor/1.6/Step_1.6.1 - Complete the quiz.asset using Guid(5096a491ed40fa54d96c6514e4b80053) Importer(2089858483,3d70f49cd1c2eb9ae422958d1c652c6b) (ScriptedImporter) -> (artifact id: 'c85dc158d1b35c009af6144ddeccfa10') in 0.0338965 seconds
Number of updated asset objects reloaded before import = 0Number of asset objects unloaded after import = 0

========================================================================
Received Import Request.
  Time since last request: 0.000024 seconds.
  path: Assets/_Unity Essentials/Tutorials/M_01_Editor/1.4/Step_1.4.8 - Complete your mural.asset
  artifactKey: Guid(e6b1c7d12b59f8243b07e169bccaff74) Importer(2089858483,3d70f49cd1c2eb9ae422958d1c652c6b)
Start importing Assets/_Unity Essentials/Tutorials/M_01_Editor/1.4/Step_1.4.8 - Complete your mural.asset using Guid(e6b1c7d12b59f8243b07e169bccaff74) Importer(2089858483,3d70f49cd1c2eb9ae422958d1c652c6b) (ScriptedImporter) -> (artifact id: '2d5ec1ff697b583c59cea1f60901e3a6') in 0.0185502 seconds
Number of updated asset objects reloaded before import = 0Number of asset objects unloaded after import = 0

========================================================================
Received Import Request.
  Time since last request: 0.000026 seconds.
  path: Assets/_Unity Essentials/Tutorials/M_01_Editor/1.4/Step_1.4.3 - Select the Move tool with global coordinates.asset
  artifactKey: Guid(5111a48037db9412abe3cbfb9ee05e74) Importer(2089858483,3d70f49cd1c2eb9ae422958d1c652c6b)
Start importing Assets/_Unity Essentials/Tutorials/M_01_Editor/1.4/Step_1.4.3 - Select the Move tool with global coordinates.asset using Guid(5111a48037db9412abe3cbfb9ee05e74) Importer(2089858483,3d70f49cd1c2eb9ae422958d1c652c6b) (ScriptedImporter) -> (artifact id: 'd6c9dff0870f29196887f48e2f5e8a3e') in 0.0259084 seconds
Number of updated asset objects reloaded before import = 0Number of asset objects unloaded after import = 0

========================================================================
Received Import Request.
  Time since last request: 0.000029 seconds.
  path: Assets/_Unity Essentials/Tutorials/M_01_Editor/1.5/Step_1.5.1 - Overview.asset
  artifactKey: Guid(1053881642cb65c49a540c0e6bcf3c41) Importer(2089858483,3d70f49cd1c2eb9ae422958d1c652c6b)
Start importing Assets/_Unity Essentials/Tutorials/M_01_Editor/1.5/Step_1.5.1 - Overview.asset using Guid(1053881642cb65c49a540c0e6bcf3c41) Importer(2089858483,3d70f49cd1c2eb9ae422958d1c652c6b) (ScriptedImporter) -> (artifact id: '3f35f4a61700a00c9122ca5009ce430f') in 0.0206297 seconds
Number of updated asset objects reloaded before import = 0Number of asset objects unloaded after import = 0

========================================================================
Received Import Request.
  Time since last request: 0.000032 seconds.
  path: Assets/_Unity Essentials/Tutorials/M_01_Editor/1.3/Step_1.3.1 - Overview.asset
  artifactKey: Guid(3f9d880902ec5214183707e29fb9d1b8) Importer(2089858483,3d70f49cd1c2eb9ae422958d1c652c6b)
Start importing Assets/_Unity Essentials/Tutorials/M_01_Editor/1.3/Step_1.3.1 - Overview.asset using Guid(3f9d880902ec5214183707e29fb9d1b8) Importer(2089858483,3d70f49cd1c2eb9ae422958d1c652c6b) (ScriptedImporter) -> (artifact id: '2712c90d3da75b9ff8f70ddf59f67ac5') in 0.0363939 seconds
Number of updated asset objects reloaded before import = 0Number of asset objects unloaded after import = 1

========================================================================
Received Import Request.
  Time since last request: 0.000025 seconds.
  path: Assets/_Unity Essentials/Tutorials/M_02_3D/2.1/Step_2.1.4.asset
  artifactKey: Guid(c181536c2cad744b082a4c942f7b00c0) Importer(2089858483,3d70f49cd1c2eb9ae422958d1c652c6b)
Start importing Assets/_Unity Essentials/Tutorials/M_02_3D/2.1/Step_2.1.4.asset using Guid(c181536c2cad744b082a4c942f7b00c0) Importer(2089858483,3d70f49cd1c2eb9ae422958d1c652c6b) (ScriptedImporter) -> (artifact id: 'e9b349ed0f84dc508219f459430f5a0f') in 0.028739 seconds
Number of updated asset objects reloaded before import = 0Number of asset objects unloaded after import = 0

========================================================================
Received Import Request.
  Time since last request: 0.000022 seconds.
  path: Assets/_Unity Essentials/Tutorials/M_02_3D/2.1/Step_2.1.5.asset
  artifactKey: Guid(659f127a46c7347f090ca6c07e441f86) Importer(2089858483,3d70f49cd1c2eb9ae422958d1c652c6b)
Start importing Assets/_Unity Essentials/Tutorials/M_02_3D/2.1/Step_2.1.5.asset using Guid(659f127a46c7347f090ca6c07e441f86) Importer(2089858483,3d70f49cd1c2eb9ae422958d1c652c6b) (ScriptedImporter) -> (artifact id: 'de1e7a07b5a2efe5e2dea8b8c04f25ed') in 0.0263477 seconds
Number of updated asset objects reloaded before import = 0Number of asset objects unloaded after import = 0

========================================================================
Received Import Request.
  Time since last request: 0.000032 seconds.
  path: Assets/_Unity Essentials/Tutorials/M_02_3D/2.2/Step_2.2.5.asset
  artifactKey: Guid(427a8dac7542942a38ae7e58d0e0199a) Importer(2089858483,3d70f49cd1c2eb9ae422958d1c652c6b)
Start importing Assets/_Unity Essentials/Tutorials/M_02_3D/2.2/Step_2.2.5.asset using Guid(427a8dac7542942a38ae7e58d0e0199a) Importer(2089858483,3d70f49cd1c2eb9ae422958d1c652c6b) (ScriptedImporter) -> (artifact id: '426f05a5bffd97d2f337b15754b92b6e') in 0.0208992 seconds
Number of updated asset objects reloaded before import = 0Number of asset objects unloaded after import = 0

========================================================================
Received Import Request.
  Time since last request: 0.000031 seconds.
  path: Assets/_Unity Essentials/Tutorials/M_02_3D/2.2/Step_2.2.7.asset
  artifactKey: Guid(d447ed1ca71f846fa9c67e52ff004831) Importer(2089858483,3d70f49cd1c2eb9ae422958d1c652c6b)
Start importing Assets/_Unity Essentials/Tutorials/M_02_3D/2.2/Step_2.2.7.asset using Guid(d447ed1ca71f846fa9c67e52ff004831) Importer(2089858483,3d70f49cd1c2eb9ae422958d1c652c6b) (ScriptedImporter) -> (artifact id: '30803d5c01bdf9b5bdb3252f44521554') in 0.0224002 seconds
Number of updated asset objects reloaded before import = 0Number of asset objects unloaded after import = 0

========================================================================
Received Import Request.
  Time since last request: 0.000036 seconds.
  path: Assets/_Unity Essentials/Tutorials/M_02_3D/2.1/Step_2.1.2.asset
  artifactKey: Guid(3f884c799f13b48d2a93d69d36cbc6ef) Importer(2089858483,3d70f49cd1c2eb9ae422958d1c652c6b)
Start importing Assets/_Unity Essentials/Tutorials/M_02_3D/2.1/Step_2.1.2.asset using Guid(3f884c799f13b48d2a93d69d36cbc6ef) Importer(2089858483,3d70f49cd1c2eb9ae422958d1c652c6b) (ScriptedImporter) -> (artifact id: '4b6285c4c0ddd428d2665b6f29c8d433') in 0.0174809 seconds
Number of updated asset objects reloaded before import = 0Number of asset objects unloaded after import = 0

========================================================================
Received Import Request.
  Time since last request: 0.000018 seconds.
  path: Assets/_Unity Essentials/Tutorials/M_02_3D/2.2/Step_2.2.6.asset
  artifactKey: Guid(a21e69d994b414b258700bda1ceb1906) Importer(2089858483,3d70f49cd1c2eb9ae422958d1c652c6b)
Start importing Assets/_Unity Essentials/Tutorials/M_02_3D/2.2/Step_2.2.6.asset using Guid(a21e69d994b414b258700bda1ceb1906) Importer(2089858483,3d70f49cd1c2eb9ae422958d1c652c6b) (ScriptedImporter) -> (artifact id: '752ebffd722e11b060ff6ab960d247ba') in 0.0169586 seconds
Number of updated asset objects reloaded before import = 0Number of asset objects unloaded after import = 0

========================================================================
Received Import Request.
  Time since last request: 0.000016 seconds.
  path: Assets/_Unity Essentials/Tutorials/M_02_3D/2.1/Step_2.1.1.asset
  artifactKey: Guid(8873db7517f4b214f8f326b63eaea226) Importer(2089858483,3d70f49cd1c2eb9ae422958d1c652c6b)
Start importing Assets/_Unity Essentials/Tutorials/M_02_3D/2.1/Step_2.1.1.asset using Guid(8873db7517f4b214f8f326b63eaea226) Importer(2089858483,3d70f49cd1c2eb9ae422958d1c652c6b) (ScriptedImporter) -> (artifact id: 'f8d6ef54ea67af70672174cc78a9e695') in 0.0237068 seconds
Number of updated asset objects reloaded before import = 0Number of asset objects unloaded after import = 1

========================================================================
Received Import Request.
  Time since last request: 0.000022 seconds.
  path: Assets/_Unity Essentials/Tutorials/M_02_3D/2.2/Step_2.2.1.asset
  artifactKey: Guid(0e5ef816e2a9d4ac894efaff2a85275c) Importer(2089858483,3d70f49cd1c2eb9ae422958d1c652c6b)
Start importing Assets/_Unity Essentials/Tutorials/M_02_3D/2.2/Step_2.2.1.asset using Guid(0e5ef816e2a9d4ac894efaff2a85275c) Importer(2089858483,3d70f49cd1c2eb9ae422958d1c652c6b) (ScriptedImporter) -> (artifact id: '70d5a34206d23192029de4c41a89f58f') in 0.0193891 seconds
Number of updated asset objects reloaded before import = 0Number of asset objects unloaded after import = 0

========================================================================
Received Import Request.
  Time since last request: 0.000044 seconds.
  path: Assets/_Unity Essentials/Tutorials/M_02_3D/2.3/Step_2.3.10.asset
  artifactKey: Guid(b934b5c24c295448795d86f3fcc302e2) Importer(2089858483,3d70f49cd1c2eb9ae422958d1c652c6b)
Start importing Assets/_Unity Essentials/Tutorials/M_02_3D/2.3/Step_2.3.10.asset using Guid(b934b5c24c295448795d86f3fcc302e2) Importer(2089858483,3d70f49cd1c2eb9ae422958d1c652c6b) (ScriptedImporter) -> (artifact id: '453c9d3052f9dae9341a09e3bdca1510') in 0.0295205 seconds
Number of updated asset objects reloaded before import = 0Number of asset objects unloaded after import = 0

========================================================================
Received Import Request.
  Time since last request: 0.000023 seconds.
  path: Assets/_Unity Essentials/Tutorials/M_02_3D/2.2/Step_2.2.11.asset
  artifactKey: Guid(eacf75453f6b645a3805b0aac5f34c15) Importer(2089858483,3d70f49cd1c2eb9ae422958d1c652c6b)
Start importing Assets/_Unity Essentials/Tutorials/M_02_3D/2.2/Step_2.2.11.asset using Guid(eacf75453f6b645a3805b0aac5f34c15) Importer(2089858483,3d70f49cd1c2eb9ae422958d1c652c6b) (ScriptedImporter) -> (artifact id: 'caffbb6c2a0c79181caea93f5b427444') in 0.024061 seconds
Number of updated asset objects reloaded before import = 0Number of asset objects unloaded after import = 0

========================================================================
Received Import Request.
  Time since last request: 0.000029 seconds.
  path: Assets/_Unity Essentials/Tutorials/M_02_3D/2.2/Tut_2.2.asset
  artifactKey: Guid(5135199ef25f7474f92383b8669f0128) Importer(2089858483,3d70f49cd1c2eb9ae422958d1c652c6b)
Start importing Assets/_Unity Essentials/Tutorials/M_02_3D/2.2/Tut_2.2.asset using Guid(5135199ef25f7474f92383b8669f0128) Importer(2089858483,3d70f49cd1c2eb9ae422958d1c652c6b) (ScriptedImporter) -> (artifact id: '3fbb4d6cfe7cfc668ee09eac14f8f307') in 0.9223328 seconds
Number of updated asset objects reloaded before import = 0Number of asset objects unloaded after import = 262

========================================================================
Received Import Request.
  Time since last request: 0.000033 seconds.
  path: Assets/_Unity Essentials/Prefabs/Characters/Car_Taxi.prefab
  artifactKey: Guid(f4323bd36fd7a45dfa3d546c00ab7337) Importer(2089858483,3d70f49cd1c2eb9ae422958d1c652c6b)
Start importing Assets/_Unity Essentials/Prefabs/Characters/Car_Taxi.prefab using Guid(f4323bd36fd7a45dfa3d546c00ab7337) Importer(2089858483,3d70f49cd1c2eb9ae422958d1c652c6b) (ScriptedImporter) -> (artifact id: '94a8bcd17c1b9323e82d071730decef5') in 0.0263735 seconds
Number of updated asset objects reloaded before import = 0Number of asset objects unloaded after import = 64

========================================================================
Received Import Request.
  Time since last request: 0.000035 seconds.
  path: Assets/KajamansRoads/Materials/GrassMat.mat
  artifactKey: Guid(2e831c083c6337f41b2339e23fbaed5e) Importer(2089858483,192608db42251d675da83286b1cce702)
Start importing Assets/KajamansRoads/Materials/GrassMat.mat using Guid(2e831c083c6337f41b2339e23fbaed5e) Importer(2089858483,192608db42251d675da83286b1cce702) (ScriptedImporter) -> (artifact id: 'dae572fdc1d58b37c9865f8718759dee') in 0.0390721 seconds
Number of updated asset objects reloaded before import = 0Number of asset objects unloaded after import = 2

========================================================================
Received Import Request.
  Time since last request: 0.000053 seconds.
  path: Assets/_Unity Essentials/Tutorials/M_02_3D/2.6/Tutorial 2.6.asset
  artifactKey: Guid(6e9bc6de3018c4d3ead34f9d9ea71b87) Importer(2089858483,3d70f49cd1c2eb9ae422958d1c652c6b)
Start importing Assets/_Unity Essentials/Tutorials/M_02_3D/2.6/Tutorial 2.6.asset using Guid(6e9bc6de3018c4d3ead34f9d9ea71b87) Importer(2089858483,3d70f49cd1c2eb9ae422958d1c652c6b) (ScriptedImporter) -> (artifact id: 'c79b5837d04d8b8f1da39c578fac5e02') in 0.8164795 seconds
Number of updated asset objects reloaded before import = 0Number of asset objects unloaded after import = 262

========================================================================
Received Import Request.
  Time since last request: 0.000036 seconds.
  path: Assets/_Unity Essentials/Tutorials/M_04_Prog/4.1/Step_4.1.9.asset
  artifactKey: Guid(a0294ea39fecc4e5db326781594a1cb2) Importer(2089858483,3d70f49cd1c2eb9ae422958d1c652c6b)
Start importing Assets/_Unity Essentials/Tutorials/M_04_Prog/4.1/Step_4.1.9.asset using Guid(a0294ea39fecc4e5db326781594a1cb2) Importer(2089858483,3d70f49cd1c2eb9ae422958d1c652c6b) (ScriptedImporter) -> (artifact id: 'b762d9592de4aeec37afd95f190db3a1') in 0.0273277 seconds
Number of updated asset objects reloaded before import = 0Number of asset objects unloaded after import = 0

========================================================================
Received Import Request.
  Time since last request: 0.000040 seconds.
  path: Assets/KajamansRoads/Free/Meshes/l10km_cc4_sl20_t(12123025)_rw10_wh3_n3_RsBTW_MeshV00.asset
  artifactKey: Guid(47e9acb3c671f804da5ffedf7a4d0b53) Importer(2089858483,3d70f49cd1c2eb9ae422958d1c652c6b)
Start importing Assets/KajamansRoads/Free/Meshes/l10km_cc4_sl20_t(12123025)_rw10_wh3_n3_RsBTW_MeshV00.asset using Guid(47e9acb3c671f804da5ffedf7a4d0b53) Importer(2089858483,3d70f49cd1c2eb9ae422958d1c652c6b) (ScriptedImporter) -> (artifact id: 'fe90069bb5f13b578fa56af569dc94dd') in 0.0265115 seconds
Number of updated asset objects reloaded before import = 0Number of asset objects unloaded after import = 0

========================================================================
Received Import Request.
  Time since last request: 0.000022 seconds.
  path: Assets/_Unity Essentials/Tutorials/M_04_Prog/4.3/Step_4.3.8.asset
  artifactKey: Guid(ecfc50c8e959a42c9baf9685471e8cc8) Importer(2089858483,3d70f49cd1c2eb9ae422958d1c652c6b)
Start importing Assets/_Unity Essentials/Tutorials/M_04_Prog/4.3/Step_4.3.8.asset using Guid(ecfc50c8e959a42c9baf9685471e8cc8) Importer(2089858483,3d70f49cd1c2eb9ae422958d1c652c6b) (ScriptedImporter) -> (artifact id: '31c89f3bb2c763d5380735d97693bfb1') in 0.0230562 seconds
Number of updated asset objects reloaded before import = 0Number of asset objects unloaded after import = 0

========================================================================
Received Import Request.
  Time since last request: 0.000018 seconds.
  path: Assets/_Unity Essentials/Tutorials/M_05_2D/5.1/Step_5.1.8.asset
  artifactKey: Guid(06b33ebdb5ef54b83b83bfb2649eb969) Importer(2089858483,3d70f49cd1c2eb9ae422958d1c652c6b)
Start importing Assets/_Unity Essentials/Tutorials/M_05_2D/5.1/Step_5.1.8.asset using Guid(06b33ebdb5ef54b83b83bfb2649eb969) Importer(2089858483,3d70f49cd1c2eb9ae422958d1c652c6b) (ScriptedImporter) -> (artifact id: 'a33132a5edfe7f445f3b288a84aa2e38') in 0.0175121 seconds
Number of updated asset objects reloaded before import = 0Number of asset objects unloaded after import = 0

========================================================================
Received Import Request.
  Time since last request: 0.000029 seconds.
  path: Assets/_Unity Essentials/Tutorials/M_05_2D/5.2/Step_5.2.2.asset
  artifactKey: Guid(b43509d58fca343679ef486cb7e2f82a) Importer(2089858483,3d70f49cd1c2eb9ae422958d1c652c6b)
Start importing Assets/_Unity Essentials/Tutorials/M_05_2D/5.2/Step_5.2.2.asset using Guid(b43509d58fca343679ef486cb7e2f82a) Importer(2089858483,3d70f49cd1c2eb9ae422958d1c652c6b) (ScriptedImporter) -> (artifact id: 'ff31d3fc920629e70d080b3e47a25e07') in 0.0223519 seconds
Number of updated asset objects reloaded before import = 0Number of asset objects unloaded after import = 1

========================================================================
Received Import Request.
  Time since last request: 0.000036 seconds.
  path: Assets/_Unity Essentials/Tutorials/M_05_2D/5.1/Step_5.1.7.asset
  artifactKey: Guid(39f5aecc0f4224313a3551d0a5a87407) Importer(2089858483,3d70f49cd1c2eb9ae422958d1c652c6b)
Start importing Assets/_Unity Essentials/Tutorials/M_05_2D/5.1/Step_5.1.7.asset using Guid(39f5aecc0f4224313a3551d0a5a87407) Importer(2089858483,3d70f49cd1c2eb9ae422958d1c652c6b) (ScriptedImporter) -> (artifact id: '04f72a61556869d86e8c0a895d128866') in 0.0191454 seconds
Number of updated asset objects reloaded before import = 0Number of asset objects unloaded after import = 0

========================================================================
Received Import Request.
  Time since last request: 0.000045 seconds.
  path: Assets/_Unity Essentials/Tutorials/M_05_2D/5.1/Step_5.1.4.asset
  artifactKey: Guid(de7096fcd8e814b298afe2664dd835f2) Importer(2089858483,3d70f49cd1c2eb9ae422958d1c652c6b)
Start importing Assets/_Unity Essentials/Tutorials/M_05_2D/5.1/Step_5.1.4.asset using Guid(de7096fcd8e814b298afe2664dd835f2) Importer(2089858483,3d70f49cd1c2eb9ae422958d1c652c6b) (ScriptedImporter) -> (artifact id: 'd62f574b6d80449d1453d7231c5ccfb8') in 0.022584 seconds
Number of updated asset objects reloaded before import = 0Number of asset objects unloaded after import = 0

========================================================================
Received Import Request.
  Time since last request: 0.000018 seconds.
  path: Assets/_Unity Essentials/Tutorials/M_06_Pub/Tutorials 6.0.asset
  artifactKey: Guid(e824823da9e9940078971d76017177d7) Importer(2089858483,3d70f49cd1c2eb9ae422958d1c652c6b)
Start importing Assets/_Unity Essentials/Tutorials/M_06_Pub/Tutorials 6.0.asset using Guid(e824823da9e9940078971d76017177d7) Importer(2089858483,3d70f49cd1c2eb9ae422958d1c652c6b) (ScriptedImporter) -> (artifact id: '5149efb55e58092059b15aec2d5a9ac0') in 0.9803794 seconds
Number of updated asset objects reloaded before import = 0Number of asset objects unloaded after import = 271

========================================================================
Received Import Request.
  Time since last request: 0.000028 seconds.
  path: Assets/_Unity Essentials/Tutorials/M_06_Pub/6.1/Step_6.1.3.asset
  artifactKey: Guid(05db7c89ea9d64bc0a3fa384b92a3cbc) Importer(2089858483,3d70f49cd1c2eb9ae422958d1c652c6b)
Start importing Assets/_Unity Essentials/Tutorials/M_06_Pub/6.1/Step_6.1.3.asset using Guid(05db7c89ea9d64bc0a3fa384b92a3cbc) Importer(2089858483,3d70f49cd1c2eb9ae422958d1c652c6b) (ScriptedImporter) -> (artifact id: 'f8e44e230eac77de16e5944a3191bf6a') in 0.0233745 seconds
Number of updated asset objects reloaded before import = 0Number of asset objects unloaded after import = 0

========================================================================
Received Import Request.
  Time since last request: 0.000042 seconds.
  path: Assets/_Unity Essentials/Tutorials/M_05_2D/5.3/Step_5.3.1.asset
  artifactKey: Guid(d3e7744c2bf904a5ea0f2641102cc2a4) Importer(2089858483,3d70f49cd1c2eb9ae422958d1c652c6b)
Start importing Assets/_Unity Essentials/Tutorials/M_05_2D/5.3/Step_5.3.1.asset using Guid(d3e7744c2bf904a5ea0f2641102cc2a4) Importer(2089858483,3d70f49cd1c2eb9ae422958d1c652c6b) (ScriptedImporter) -> (artifact id: '6289f04d109fe4758c6520e6facf4fd5') in 0.0200788 seconds
Number of updated asset objects reloaded before import = 0Number of asset objects unloaded after import = 0

========================================================================
Received Import Request.
  Time since last request: 0.000021 seconds.
  path: Assets/_Unity Essentials/Tutorials/M_06_Pub/6.2/6.2.2.asset
  artifactKey: Guid(d9ec8c0fe37add440a9f1ded138a6d8d) Importer(2089858483,3d70f49cd1c2eb9ae422958d1c652c6b)
Start importing Assets/_Unity Essentials/Tutorials/M_06_Pub/6.2/6.2.2.asset using Guid(d9ec8c0fe37add440a9f1ded138a6d8d) Importer(2089858483,3d70f49cd1c2eb9ae422958d1c652c6b) (ScriptedImporter) -> (artifact id: 'c4d0103091b8f8a81e226514b4aa0ab6') in 0.0187455 seconds
Number of updated asset objects reloaded before import = 0Number of asset objects unloaded after import = 0

========================================================================
Received Import Request.
  Time since last request: 0.000018 seconds.
  path: Assets/BrokenVector/LowPolyRoadPack/Prefabs/Highway Cross Road.prefab
  artifactKey: Guid(58cb49345998e1e4ebc99dfa7af32696) Importer(2089858483,3d70f49cd1c2eb9ae422958d1c652c6b)
Start importing Assets/BrokenVector/LowPolyRoadPack/Prefabs/Highway Cross Road.prefab using Guid(58cb49345998e1e4ebc99dfa7af32696) Importer(2089858483,3d70f49cd1c2eb9ae422958d1c652c6b) (ScriptedImporter) -> (artifact id: '194a6efb53d2418146bf4e46ac9c13ef') in 0.0207383 seconds
Number of updated asset objects reloaded before import = 0Number of asset objects unloaded after import = 9

========================================================================
Received Import Request.
  Time since last request: 0.000033 seconds.
  path: Assets/_Unity Essentials/Prefabs/Rooms/01_Bedroom.prefab
  artifactKey: Guid(cd30d339fb2c94c4cbc61919d6caf170) Importer(2089858483,3d70f49cd1c2eb9ae422958d1c652c6b)
Start importing Assets/_Unity Essentials/Prefabs/Rooms/01_Bedroom.prefab using Guid(cd30d339fb2c94c4cbc61919d6caf170) Importer(2089858483,3d70f49cd1c2eb9ae422958d1c652c6b) (ScriptedImporter) -> (artifact id: 'b987c6fc0f3ff9ef49ba12d6ab3aed8e') in 0.0470119 seconds
Number of updated asset objects reloaded before import = 0Number of asset objects unloaded after import = 338

========================================================================
Received Import Request.
  Time since last request: 0.000078 seconds.
  path: Assets/_Unity Essentials/Prefabs/My Prefabs/Sphere.prefab
  artifactKey: Guid(0b269ccfe2c55b240a2dcba8c6449f6a) Importer(2089858483,3d70f49cd1c2eb9ae422958d1c652c6b)
Start importing Assets/_Unity Essentials/Prefabs/My Prefabs/Sphere.prefab using Guid(0b269ccfe2c55b240a2dcba8c6449f6a) Importer(2089858483,3d70f49cd1c2eb9ae422958d1c652c6b) (ScriptedImporter) -> (artifact id: 'caef86590bc84206762e396445291de9') in 0.026257 seconds
Number of updated asset objects reloaded before import = 0Number of asset objects unloaded after import = 8

========================================================================
Received Import Request.
  Time since last request: 0.000019 seconds.
  path: Assets/KajamansRoads/Free/Prefabs/l20km_cc2_sl30_t(401509)_rw28_wh15_n1_RsBTW_MeshV00.prefab
  artifactKey: Guid(a7e9891f686821e46ade0477d65446f6) Importer(2089858483,3d70f49cd1c2eb9ae422958d1c652c6b)
Start importing Assets/KajamansRoads/Free/Prefabs/l20km_cc2_sl30_t(401509)_rw28_wh15_n1_RsBTW_MeshV00.prefab using Guid(a7e9891f686821e46ade0477d65446f6) Importer(2089858483,3d70f49cd1c2eb9ae422958d1c652c6b) (ScriptedImporter) -> (artifact id: '54ebbaeea504800ae50f6843ba7c8f0e') in 0.0313122 seconds
Number of updated asset objects reloaded before import = 0Number of asset objects unloaded after import = 12

========================================================================
Received Import Request.
  Time since last request: 0.000017 seconds.
  path: Assets/_Unity Essentials/Tutorials/M_02_3D/2.3/Step_2.3.1.asset
  artifactKey: Guid(ceabc04bf1b984a53a8bacd3f6b0fe21) Importer(2089858483,3d70f49cd1c2eb9ae422958d1c652c6b)
Start importing Assets/_Unity Essentials/Tutorials/M_02_3D/2.3/Step_2.3.1.asset using Guid(ceabc04bf1b984a53a8bacd3f6b0fe21) Importer(2089858483,3d70f49cd1c2eb9ae422958d1c652c6b) (ScriptedImporter) -> (artifact id: '6da56b9860815aeebed4fc1ef9a23d1e') in 0.0208341 seconds
Number of updated asset objects reloaded before import = 0Number of asset objects unloaded after import = 0

========================================================================
Received Import Request.
  Time since last request: 0.000021 seconds.
  path: Assets/KajamansRoads/Materials/4RoadMat.mat
  artifactKey: Guid(a56ecb4b0075cf0438f4253f983e3286) Importer(2089858483,192608db42251d675da83286b1cce702)
Start importing Assets/KajamansRoads/Materials/4RoadMat.mat using Guid(a56ecb4b0075cf0438f4253f983e3286) Importer(2089858483,192608db42251d675da83286b1cce702) (ScriptedImporter) -> (artifact id: 'd15af11c3d8a25f0deaed1845a8e1417') in 0.0236696 seconds
Number of updated asset objects reloaded before import = 0Number of asset objects unloaded after import = 3

========================================================================
Received Import Request.
  Time since last request: 0.000038 seconds.
  path: Assets/_Unity Essentials/Prefabs/Outdoor/Chair_Adirondack_36in_BY001.prefab
  artifactKey: Guid(bea4a4fbff7ecaa42a8368839e98dd3e) Importer(2089858483,3d70f49cd1c2eb9ae422958d1c652c6b)
Start importing Assets/_Unity Essentials/Prefabs/Outdoor/Chair_Adirondack_36in_BY001.prefab using Guid(bea4a4fbff7ecaa42a8368839e98dd3e) Importer(2089858483,3d70f49cd1c2eb9ae422958d1c652c6b) (ScriptedImporter) -> (artifact id: '6a629d234c15b61c5dcf739d161b3cea') in 0.0211334 seconds
Number of updated asset objects reloaded before import = 0Number of asset objects unloaded after import = 15

========================================================================
Received Import Request.
  Time since last request: 0.000023 seconds.
  path: Assets/KajamansRoads/Textures/Road_6lane_dark02.png
  artifactKey: Guid(b8c2da5c1a21a2d4db1258e220ecf820) Importer(2089858483,192608db42251d675da83286b1cce702)
Start importing Assets/KajamansRoads/Textures/Road_6lane_dark02.png using Guid(b8c2da5c1a21a2d4db1258e220ecf820) Importer(2089858483,192608db42251d675da83286b1cce702) (ScriptedImporter) -> (artifact id: '61a1b2abe22b507ddfe49b6937578f1a') in 0.0680445 seconds
Number of updated asset objects reloaded before import = 0Number of asset objects unloaded after import = 1

========================================================================
Received Import Request.
  Time since last request: 0.000017 seconds.
  path: Assets/_Unity Essentials/Tutorials/M_04_Prog/4.1/Step_4.1.10.asset
  artifactKey: Guid(8a31ff2ae63ec451f9e6e24f0098180e) Importer(2089858483,3d70f49cd1c2eb9ae422958d1c652c6b)
Start importing Assets/_Unity Essentials/Tutorials/M_04_Prog/4.1/Step_4.1.10.asset using Guid(8a31ff2ae63ec451f9e6e24f0098180e) Importer(2089858483,3d70f49cd1c2eb9ae422958d1c652c6b) (ScriptedImporter) -> (artifact id: 'b08c884cc25aabe52909cd1303da50b1') in 0.0219584 seconds
Number of updated asset objects reloaded before import = 0Number of asset objects unloaded after import = 0

========================================================================
Received Import Request.
  Time since last request: 0.000031 seconds.
  path: Assets/_Unity Essentials/Prefabs/VFX/VFX_2D_Explode.prefab
  artifactKey: Guid(3eed43ae6a7284ee4bf43fb2fec8342b) Importer(2089858483,3d70f49cd1c2eb9ae422958d1c652c6b)
Start importing Assets/_Unity Essentials/Prefabs/VFX/VFX_2D_Explode.prefab using Guid(3eed43ae6a7284ee4bf43fb2fec8342b) Importer(2089858483,3d70f49cd1c2eb9ae422958d1c652c6b) (ScriptedImporter) -> (artifact id: '944f5efcecf885b1d4df142b0a115303') in 0.0218208 seconds
Number of updated asset objects reloaded before import = 0Number of asset objects unloaded after import = 7

========================================================================
Received Import Request.
  Time since last request: 0.000031 seconds.
  path: Assets/KajamansRoads/Free/Meshes/l20km_cc2_sl30_t(401509)_rw28_wh15_n1_RsBTW_MeshV00.text
  artifactKey: Guid(4764e3d4204c72b438121616d9c4f490) Importer(2089858483,192608db42251d675da83286b1cce702)
Start importing Assets/KajamansRoads/Free/Meshes/l20km_cc2_sl30_t(401509)_rw28_wh15_n1_RsBTW_MeshV00.text using Guid(4764e3d4204c72b438121616d9c4f490) Importer(2089858483,192608db42251d675da83286b1cce702) (ScriptedImporter) -> (artifact id: '7e0bfef6001bc6a2550a3ef33d4eacf2') in 0.0208161 seconds
Number of updated asset objects reloaded before import = 0Number of asset objects unloaded after import = 1

========================================================================
Received Import Request.
  Time since last request: 0.000024 seconds.
  path: Assets/_Unity Essentials/Prefabs/Shapes/Ramp.prefab
  artifactKey: Guid(33536709dbec94718966b62059ffe8cc) Importer(2089858483,3d70f49cd1c2eb9ae422958d1c652c6b)
Start importing Assets/_Unity Essentials/Prefabs/Shapes/Ramp.prefab using Guid(33536709dbec94718966b62059ffe8cc) Importer(2089858483,3d70f49cd1c2eb9ae422958d1c652c6b) (ScriptedImporter) -> (artifact id: '277510a54814ae1117a6ac9036274f25') in 0.0195845 seconds
Number of updated asset objects reloaded before import = 0Number of asset objects unloaded after import = 8

Editor requested this worker to shutdown with reason: balancing worker count downwards
AssetImportWorker is now disconnected from the server
Process exiting
Exiting without the bug reporter. Application will terminate with return code 0