Using pre-set license
Built from '6000.0/staging' branch; Version is '6000.0.56f1 (9c7b5e468860) revision 10255198'; Using compiler version '193933523'; Build Type 'Release'
OS: 'Windows 11  (10.0.22631) 64bit Education' Language: 'en' Physical Memory: 32437 MB
BatchMode: 1, IsHumanControllingUs: 0, StartBugReporterOnCrash: 0, Is64bit: 1
Date: 2025-10-09T12:21:41Z

COMMAND LINE ARGUMENTS:
C:\Program Files\Unity\Hub\Editor\6000.0.56f1\Editor\Unity.exe
-adb2
-batchMode
-noUpm
-name
AssetImportWorker10
-projectPath
C:/Users/02MADDOX.GREENSPOON/Maddox Greenspoon/Repositories/Unity Essentials/Essentials
-logFile
Logs/AssetImportWorker10.log
-srvPort
54701
-job-worker-count
5
-background-job-worker-count
8
-gc-helper-count
1
-name
AssetImport
Successfully changed project path to: C:/Users/02MADDOX.GREENSPOON/Maddox Greenspoon/Repositories/Unity Essentials/Essentials
C:/Users/02MADDOX.GREENSPOON/Maddox Greenspoon/Repositories/Unity Essentials/Essentials
[UnityMemory] Configuration Parameters - Can be set up in boot.config
    "memorysetup-bucket-allocator-granularity=16"
    "memorysetup-bucket-allocator-bucket-count=8"
    "memorysetup-bucket-allocator-block-size=33554432"
    "memorysetup-bucket-allocator-block-count=8"
    "memorysetup-main-allocator-block-size=16777216"
    "memorysetup-thread-allocator-block-size=16777216"
    "memorysetup-gfx-main-allocator-block-size=16777216"
    "memorysetup-gfx-thread-allocator-block-size=16777216"
    "memorysetup-cache-allocator-block-size=4194304"
    "memorysetup-typetree-allocator-block-size=2097152"
    "memorysetup-profiler-bucket-allocator-granularity=16"
    "memorysetup-profiler-bucket-allocator-bucket-count=8"
    "memorysetup-profiler-bucket-allocator-block-size=33554432"
    "memorysetup-profiler-bucket-allocator-block-count=8"
    "memorysetup-profiler-allocator-block-size=16777216"
    "memorysetup-profiler-editor-allocator-block-size=1048576"
    "memorysetup-temp-allocator-size-main=16777216"
    "memorysetup-job-temp-allocator-block-size=2097152"
    "memorysetup-job-temp-allocator-block-size-background=1048576"
    "memorysetup-job-temp-allocator-reduction-small-platforms=262144"
    "memorysetup-allocator-temp-initial-block-size-main=262144"
    "memorysetup-allocator-temp-initial-block-size-worker=262144"
    "memorysetup-temp-allocator-size-background-worker=32768"
    "memorysetup-temp-allocator-size-job-worker=262144"
    "memorysetup-temp-allocator-size-preload-manager=33554432"
    "memorysetup-temp-allocator-size-nav-mesh-worker=65536"
    "memorysetup-temp-allocator-size-audio-worker=65536"
    "memorysetup-temp-allocator-size-cloud-worker=32768"
    "memorysetup-temp-allocator-size-gi-baking-worker=262144"
    "memorysetup-temp-allocator-size-gi-baking-worker=262144"
    "memorysetup-temp-allocator-size-gi-baking-worker=262144"
    "memorysetup-temp-allocator-size-gi-baking-worker=262144"
    "memorysetup-temp-allocator-size-gi-baking-worker=262144"
    "memorysetup-temp-allocator-size-gfx=262144"
Player connection [13664]  Target information:

Player connection [13664]  * "[IP] 10.202.144.9 [Port] 0 [Flags] 2 [Guid] 512035 [EditorId] 512035 [Version] 1048832 [Id] WindowsEditor(7,GUL-HS-2211SD09) [Debug] 1 [PackageName] WindowsEditor [ProjectName] Editor" 

Player connection [13664]  * "[IP] 192.168.247.1 [Port] 0 [Flags] 2 [Guid] 512035 [EditorId] 512035 [Version] 1048832 [Id] WindowsEditor(7,GUL-HS-2211SD09) [Debug] 1 [PackageName] WindowsEditor [ProjectName] Editor" 

Player connection [13664]  * "[IP] 192.168.2.1 [Port] 0 [Flags] 2 [Guid] 512035 [EditorId] 512035 [Version] 1048832 [Id] WindowsEditor(7,GUL-HS-2211SD09) [Debug] 1 [PackageName] WindowsEditor [ProjectName] Editor" 

Player connection [13664]  * "[IP] 192.168.56.1 [Port] 0 [Flags] 2 [Guid] 512035 [EditorId] 512035 [Version] 1048832 [Id] WindowsEditor(7,GUL-HS-2211SD09) [Debug] 1 [PackageName] WindowsEditor [ProjectName] Editor" 

Player connection [13664] Host joined multi-casting on [225.0.0.222:54997]...
Player connection [13664] Host joined alternative multi-casting on [225.0.0.222:34997]...
JobSystem: Creating JobQueue using job-worker-count value 5
Input System module state changed to: Initialized.
[Physics::Module] Initialized fallback backend.
[Physics::Module] Id: 0xdecafbad
Library Redirect Path: Library/
[Physics::Module] Selected backend.
[Physics::Module] Name: PhysX
[Physics::Module] Id: 0xf2b8ea05
[Physics::Module] SDK Version: 4.1.2
[Physics::Module] Integration Version: 1.0.0
[Physics::Module] Threading Mode: Multi-Threaded
Refreshing native plugins compatible for Editor in 8.19 ms, found 3 plugins.
Preloading 0 native plugins for Editor in 0.00 ms.
Initialize engine version: 6000.0.56f1 (9c7b5e468860)
[Subsystems] Discovering subsystems at path C:/Program Files/Unity/Hub/Editor/6000.0.56f1/Editor/Data/Resources/UnitySubsystems
[Subsystems] Discovering subsystems at path C:/Users/02MADDOX.GREENSPOON/Maddox Greenspoon/Repositories/Unity Essentials/Essentials/Assets
GfxDevice: creating device client; kGfxThreadingModeNonThreaded
Direct3D:
    Version:  Direct3D 11.0 [level 11.1]
    Renderer: NVIDIA T400 4GB (ID=0x1ff2)
    Vendor:   NVIDIA
    VRAM:     3943 MB
    Driver:   32.0.15.7216
Initialize mono
Mono path[0] = 'C:/Program Files/Unity/Hub/Editor/6000.0.56f1/Editor/Data/Managed'
Mono path[1] = 'C:/Program Files/Unity/Hub/Editor/6000.0.56f1/Editor/Data/MonoBleedingEdge/lib/mono/unityjit-win32'
Mono config path = 'C:/Program Files/Unity/Hub/Editor/6000.0.56f1/Editor/Data/MonoBleedingEdge/etc'
Using monoOptions --debugger-agent=transport=dt_socket,embedding=1,server=y,suspend=n,address=127.0.0.1:56784
Begin MonoManager ReloadAssembly
Registering precompiled unity dll's ...
Register platform support module: C:/Program Files/Unity/Hub/Editor/6000.0.56f1/Editor/Data/PlaybackEngines/WebGLSupport/UnityEditor.WebGL.Extensions.dll
Register platform support module: C:/Program Files/Unity/Hub/Editor/6000.0.56f1/Editor/Data/PlaybackEngines/WindowsStandaloneSupport/UnityEditor.WindowsStandalone.Extensions.dll
Register platform support module: C:/Program Files/Unity/Hub/Editor/6000.0.56f1/Editor/Data/PlaybackEngines/MetroSupport/UnityEditor.UWP.Extensions.dll
Registered in 0.007399 seconds.
- Loaded All Assemblies, in  0.533 seconds
Native extension for UWP target not found
Native extension for WindowsStandalone target not found
Native extension for WebGL target not found
Mono: successfully reloaded assembly
- Finished resetting the current domain, in  0.581 seconds
Domain Reload Profiling: 1112ms
	BeginReloadAssembly (167ms)
		ExecutionOrderSort (0ms)
		DisableScriptedObjects (0ms)
		BackupInstance (0ms)
		ReleaseScriptingObjects (0ms)
		CreateAndSetChildDomain (1ms)
	RebuildCommonClasses (50ms)
	RebuildNativeTypeToScriptingClass (23ms)
	initialDomainReloadingComplete (72ms)
	LoadAllAssembliesAndSetupDomain (219ms)
		LoadAssemblies (164ms)
		RebuildTransferFunctionScriptingTraits (0ms)
		AnalyzeDomain (215ms)
			TypeCache.Refresh (213ms)
				TypeCache.ScanAssembly (196ms)
			BuildScriptInfoCaches (0ms)
			ResolveRequiredComponents (0ms)
	FinalizeReload (582ms)
		ReleaseScriptCaches (0ms)
		RebuildScriptCaches (0ms)
		SetupLoadedEditorAssemblies (516ms)
			LogAssemblyErrors (0ms)
			InitializePlatformSupportModulesInManaged (106ms)
			SetLoadedEditorAssemblies (6ms)
			BeforeProcessingInitializeOnLoad (112ms)
			ProcessInitializeOnLoadAttributes (221ms)
			ProcessInitializeOnLoadMethodAttributes (70ms)
			AfterProcessingInitializeOnLoad (0ms)
			EditorAssembliesLoaded (0ms)
		ExecutionOrderSort2 (0ms)
		AwakeInstancesAfterBackupRestoration (0ms)
========================================================================
Worker process is ready to serve import requests
Import Worker Mode flag is 0x00
Begin MonoManager ReloadAssembly
Symbol file LoadedFromMemory is not a mono symbol file
- Loaded All Assemblies, in  1.313 seconds
Refreshing native plugins compatible for Editor in 6.32 ms, found 3 plugins.
Native extension for UWP target not found
Native extension for WindowsStandalone target not found
Native extension for WebGL target not found
Package Manager log level set to [2]
[Package Manager] Failed to launch server process. Reason: Unity was launched with the -noUpm command-line argument
[Package Manager] Unable to send message (not connected to server process).
[Package Manager] Cannot connect to Unity Package Manager local server
Refreshing native plugins compatible for Editor in 8.21 ms, found 3 plugins.
Mono: successfully reloaded assembly
- Finished resetting the current domain, in  1.522 seconds
Domain Reload Profiling: 2826ms
	BeginReloadAssembly (269ms)
		ExecutionOrderSort (0ms)
		DisableScriptedObjects (12ms)
		BackupInstance (0ms)
		ReleaseScriptingObjects (0ms)
		CreateAndSetChildDomain (53ms)
	RebuildCommonClasses (53ms)
	RebuildNativeTypeToScriptingClass (17ms)
	initialDomainReloadingComplete (84ms)
	LoadAllAssembliesAndSetupDomain (881ms)
		LoadAssemblies (600ms)
		RebuildTransferFunctionScriptingTraits (0ms)
		AnalyzeDomain (422ms)
			TypeCache.Refresh (286ms)
				TypeCache.ScanAssembly (258ms)
			BuildScriptInfoCaches (114ms)
			ResolveRequiredComponents (18ms)
	FinalizeReload (1522ms)
		ReleaseScriptCaches (0ms)
		RebuildScriptCaches (0ms)
		SetupLoadedEditorAssemblies (1175ms)
			LogAssemblyErrors (0ms)
			InitializePlatformSupportModulesInManaged (32ms)
			SetLoadedEditorAssemblies (8ms)
			BeforeProcessingInitializeOnLoad (243ms)
			ProcessInitializeOnLoadAttributes (597ms)
			ProcessInitializeOnLoadMethodAttributes (288ms)
			AfterProcessingInitializeOnLoad (7ms)
			EditorAssembliesLoaded (0ms)
		ExecutionOrderSort2 (0ms)
		AwakeInstancesAfterBackupRestoration (9ms)
Launched and connected shader compiler UnityShaderCompiler.exe after 0.05 seconds
Refreshing native plugins compatible for Editor in 6.18 ms, found 3 plugins.
Preloading 0 native plugins for Editor in 0.00 ms.
Unloading 14 Unused Serialized files (Serialized files now loaded: 0)
Unloading 6411 unused Assets / (2.6 MB). Loaded Objects now: 7131.
Memory consumption went from 151.9 MB to 149.3 MB.
Total: 15.737900 ms (FindLiveObjects: 0.847700 ms CreateObjectMapping: 1.015800 ms MarkObjects: 11.229400 ms  DeleteObjects: 2.643400 ms)

========================================================================
Received Import Request.
  Time since last request: 2684.710332 seconds.
  path: Assets/_Unity Essentials/Prefabs/Outdoor/Chair_34in_BY001.prefab
  artifactKey: Guid(8d921d965a0240d4f88f5660fcf9f2b6) Importer(2089858483,3d70f49cd1c2eb9ae422958d1c652c6b)
Start importing Assets/_Unity Essentials/Prefabs/Outdoor/Chair_34in_BY001.prefab using Guid(8d921d965a0240d4f88f5660fcf9f2b6) Importer(2089858483,3d70f49cd1c2eb9ae422958d1c652c6b) (ScriptedImporter) -> (artifact id: '57e9731561fd68b4a135f477d8925764') in 0.6726267 seconds
Number of updated asset objects reloaded before import = 0Number of asset objects unloaded after import = 15

========================================================================
Received Import Request.
  Time since last request: 0.000021 seconds.
  path: Assets/_Unity Essentials/Prefabs/Outdoor/Tree_30ft_BY001.prefab
  artifactKey: Guid(086a7f85a162826419325a5b9ce8fb85) Importer(2089858483,3d70f49cd1c2eb9ae422958d1c652c6b)
Start importing Assets/_Unity Essentials/Prefabs/Outdoor/Tree_30ft_BY001.prefab using Guid(086a7f85a162826419325a5b9ce8fb85) Importer(2089858483,3d70f49cd1c2eb9ae422958d1c652c6b) (ScriptedImporter) -> (artifact id: '19feb6a6e9166d007e63df262fd8072e') in 0.1553841 seconds
Number of updated asset objects reloaded before import = 0Number of asset objects unloaded after import = 15

========================================================================
Received Import Request.
  Time since last request: 0.000036 seconds.
  path: Assets/_Unity Essentials/Prefabs/Objects/Books.prefab
  artifactKey: Guid(c0eb883bd26d649448815aba284af5a2) Importer(2089858483,3d70f49cd1c2eb9ae422958d1c652c6b)
Start importing Assets/_Unity Essentials/Prefabs/Objects/Books.prefab using Guid(c0eb883bd26d649448815aba284af5a2) Importer(2089858483,3d70f49cd1c2eb9ae422958d1c652c6b) (ScriptedImporter) -> (artifact id: '820051bd0f030ff149112cfe035fcec2') in 0.0725537 seconds
Number of updated asset objects reloaded before import = 0Number of asset objects unloaded after import = 45

========================================================================
Received Import Request.
  Time since last request: 0.000023 seconds.
  path: Assets/Awb-Free Low Poly Cars/Prefabs/Pick Up_11.prefab
  artifactKey: Guid(eb1d6cef4963f9948a2d46b477134dfb) Importer(2089858483,3d70f49cd1c2eb9ae422958d1c652c6b)
Start importing Assets/Awb-Free Low Poly Cars/Prefabs/Pick Up_11.prefab using Guid(eb1d6cef4963f9948a2d46b477134dfb) Importer(2089858483,3d70f49cd1c2eb9ae422958d1c652c6b) (ScriptedImporter) -> (artifact id: '050a9b9f813e45aa5546bb47368e9fda') in 0.0868909 seconds
Number of updated asset objects reloaded before import = 0Number of asset objects unloaded after import = 30

========================================================================
Received Import Request.
  Time since last request: 0.000031 seconds.
  path: Assets/KajamansRoads/Textures/GravelRoad_01.png
  artifactKey: Guid(3c9c9bb54551e2842b86a08e686feaba) Importer(2089858483,192608db42251d675da83286b1cce702)
Start importing Assets/KajamansRoads/Textures/GravelRoad_01.png using Guid(3c9c9bb54551e2842b86a08e686feaba) Importer(2089858483,192608db42251d675da83286b1cce702) (ScriptedImporter) -> (artifact id: '435eaf92d5bd5e9af8bf30c30cdd8753') in 0.3244396 seconds
Number of updated asset objects reloaded before import = 0Number of asset objects unloaded after import = 1

========================================================================
Received Import Request.
  Time since last request: 0.000024 seconds.
  path: Assets/_Unity Essentials/Prefabs/Walls/WallCornerOuter.prefab
  artifactKey: Guid(a942236057a1d3e4f99eec0e8fc4f5b8) Importer(2089858483,3d70f49cd1c2eb9ae422958d1c652c6b)
Start importing Assets/_Unity Essentials/Prefabs/Walls/WallCornerOuter.prefab using Guid(a942236057a1d3e4f99eec0e8fc4f5b8) Importer(2089858483,3d70f49cd1c2eb9ae422958d1c652c6b) (ScriptedImporter) -> (artifact id: '2e6fedb25051f659c172b1808f6349e8') in 0.0438857 seconds
Number of updated asset objects reloaded before import = 0Number of asset objects unloaded after import = 17

========================================================================
Received Import Request.
  Time since last request: 0.000032 seconds.
  path: Assets/_Unity Essentials/Prefabs/Floor/Floor2m (4) Variant.prefab
  artifactKey: Guid(96d694fd544694c6d847cfd8a434d036) Importer(2089858483,3d70f49cd1c2eb9ae422958d1c652c6b)
Start importing Assets/_Unity Essentials/Prefabs/Floor/Floor2m (4) Variant.prefab using Guid(96d694fd544694c6d847cfd8a434d036) Importer(2089858483,3d70f49cd1c2eb9ae422958d1c652c6b) (ScriptedImporter) -> (artifact id: 'a47ee792c974e104b7126ef1c7509ef4') in 0.1332952 seconds
Number of updated asset objects reloaded before import = 0Number of asset objects unloaded after import = 18

========================================================================
Received Import Request.
  Time since last request: 0.000022 seconds.
  path: Assets/_Unity Essentials/Prefabs/Walls/WallWindowBay4m.prefab
  artifactKey: Guid(94dee45fe843aa543b410fcaa3596d89) Importer(2089858483,3d70f49cd1c2eb9ae422958d1c652c6b)
Start importing Assets/_Unity Essentials/Prefabs/Walls/WallWindowBay4m.prefab using Guid(94dee45fe843aa543b410fcaa3596d89) Importer(2089858483,3d70f49cd1c2eb9ae422958d1c652c6b) (ScriptedImporter) -> (artifact id: 'b5393f383c8619f95953e3c3d7d93c17') in 0.0249004 seconds
Number of updated asset objects reloaded before import = 0Number of asset objects unloaded after import = 72

========================================================================
Received Import Request.
  Time since last request: 0.000032 seconds.
  path: Assets/_Unity Essentials/Prefabs/Outdoor/Flagstone_3in_BY002.prefab
  artifactKey: Guid(9db660db52666c940a3f1c47437682d5) Importer(2089858483,3d70f49cd1c2eb9ae422958d1c652c6b)
Start importing Assets/_Unity Essentials/Prefabs/Outdoor/Flagstone_3in_BY002.prefab using Guid(9db660db52666c940a3f1c47437682d5) Importer(2089858483,3d70f49cd1c2eb9ae422958d1c652c6b) (ScriptedImporter) -> (artifact id: '50b3e74d1c0c7acab2349bab953870a2') in 0.024781 seconds
Number of updated asset objects reloaded before import = 0Number of asset objects unloaded after import = 15

========================================================================
Received Import Request.
  Time since last request: 0.000023 seconds.
  path: Assets/_Unity Essentials/Prefabs/My Prefabs/Block_Tower.prefab
  artifactKey: Guid(b4733dc44040ec642aa483fa503a4185) Importer(2089858483,3d70f49cd1c2eb9ae422958d1c652c6b)
Start importing Assets/_Unity Essentials/Prefabs/My Prefabs/Block_Tower.prefab using Guid(b4733dc44040ec642aa483fa503a4185) Importer(2089858483,3d70f49cd1c2eb9ae422958d1c652c6b) (ScriptedImporter) -> (artifact id: '08b49a0c2b7f9dc84ebd888c032f1332') in 0.0354801 seconds
Number of updated asset objects reloaded before import = 0Number of asset objects unloaded after import = 160

========================================================================
Received Import Request.
  Time since last request: 0.000021 seconds.
  path: Assets/_Unity Essentials/Prefabs/Shapes/Cone.prefab
  artifactKey: Guid(0cbdb594186a74def890e287a4f059ab) Importer(2089858483,3d70f49cd1c2eb9ae422958d1c652c6b)
Start importing Assets/_Unity Essentials/Prefabs/Shapes/Cone.prefab using Guid(0cbdb594186a74def890e287a4f059ab) Importer(2089858483,3d70f49cd1c2eb9ae422958d1c652c6b) (ScriptedImporter) -> (artifact id: 'f23b9cb14392bea6f0528386484467f3') in 0.0181806 seconds
Number of updated asset objects reloaded before import = 0Number of asset objects unloaded after import = 8

========================================================================
Received Import Request.
  Time since last request: 0.000020 seconds.
  path: Assets/KajamansRoads/Free/Meshes/l20km_cc2_sl30_t(401509)_rw28_wh15_n1_RsBTW_MeshV00.asset
  artifactKey: Guid(3b1e9a1c3c2d8434e9886f058cfe2987) Importer(2089858483,3d70f49cd1c2eb9ae422958d1c652c6b)
Start importing Assets/KajamansRoads/Free/Meshes/l20km_cc2_sl30_t(401509)_rw28_wh15_n1_RsBTW_MeshV00.asset using Guid(3b1e9a1c3c2d8434e9886f058cfe2987) Importer(2089858483,3d70f49cd1c2eb9ae422958d1c652c6b) (ScriptedImporter) -> (artifact id: '80f3370c81117656f811358b716e7656') in 0.0259235 seconds
Number of updated asset objects reloaded before import = 0Number of asset objects unloaded after import = 0

========================================================================
Received Import Request.
  Time since last request: 0.000034 seconds.
  path: Assets/_Unity Essentials/Tutorials/M_01_Editor/1.1/Step_1.1.5.asset
  artifactKey: Guid(e30883cd598943142a7d22d2a9bbe6b1) Importer(2089858483,3d70f49cd1c2eb9ae422958d1c652c6b)
Start importing Assets/_Unity Essentials/Tutorials/M_01_Editor/1.1/Step_1.1.5.asset using Guid(e30883cd598943142a7d22d2a9bbe6b1) Importer(2089858483,3d70f49cd1c2eb9ae422958d1c652c6b) (ScriptedImporter) -> (artifact id: 'db7c77d9c6c497ab748a62c77ea8599e') in 0.0643955 seconds
Number of updated asset objects reloaded before import = 0Number of asset objects unloaded after import = 0

========================================================================
Received Import Request.
  Time since last request: 0.000017 seconds.
  path: Assets/_Unity Essentials/Prefabs/Outdoor/Tube Slide/TubeSlide_Top Variant.prefab
  artifactKey: Guid(07b9be9a70dda4c62bd18502f03e1b5a) Importer(2089858483,3d70f49cd1c2eb9ae422958d1c652c6b)
Start importing Assets/_Unity Essentials/Prefabs/Outdoor/Tube Slide/TubeSlide_Top Variant.prefab using Guid(07b9be9a70dda4c62bd18502f03e1b5a) Importer(2089858483,3d70f49cd1c2eb9ae422958d1c652c6b) (ScriptedImporter) -> (artifact id: 'd8dbdebe6faa79ee0d66e3c47af78509') in 0.0287388 seconds
Number of updated asset objects reloaded before import = 0Number of asset objects unloaded after import = 101

========================================================================
Received Import Request.
  Time since last request: 0.000025 seconds.
  path: Assets/_Unity Essentials/Tutorials/M_01_Editor/1.2/Step_1.2.3 -  Frame the four playground areas.asset
  artifactKey: Guid(5536e7acbd746be4da2eaf7d548e5501) Importer(2089858483,3d70f49cd1c2eb9ae422958d1c652c6b)
Start importing Assets/_Unity Essentials/Tutorials/M_01_Editor/1.2/Step_1.2.3 -  Frame the four playground areas.asset using Guid(5536e7acbd746be4da2eaf7d548e5501) Importer(2089858483,3d70f49cd1c2eb9ae422958d1c652c6b) (ScriptedImporter) -> (artifact id: '04c95c838a0793543c2dde71b7e4dac2') in 0.0315087 seconds
Number of updated asset objects reloaded before import = 0Number of asset objects unloaded after import = 0

========================================================================
Received Import Request.
  Time since last request: 0.000026 seconds.
  path: Assets/_Unity Essentials/Tutorials/M_01_Editor/1.2/Step_1.2.12 - Review and proceed to the next tutorial.asset
  artifactKey: Guid(123d6d2515cddd7429976e1c5ffd247d) Importer(2089858483,3d70f49cd1c2eb9ae422958d1c652c6b)
Start importing Assets/_Unity Essentials/Tutorials/M_01_Editor/1.2/Step_1.2.12 - Review and proceed to the next tutorial.asset using Guid(123d6d2515cddd7429976e1c5ffd247d) Importer(2089858483,3d70f49cd1c2eb9ae422958d1c652c6b) (ScriptedImporter) -> (artifact id: '5aeb6434d5d91c3c6ca3173e0398a4f2') in 0.0413832 seconds
Number of updated asset objects reloaded before import = 0Number of asset objects unloaded after import = 0

========================================================================
Received Import Request.
  Time since last request: 0.000044 seconds.
  path: Assets/_Unity Essentials/Source Files/Lighting/0_MainMenu_Scene/LightingData.asset
  artifactKey: Guid(4673e1ee991c54cffa6c79aec5134e1c) Importer(2089858483,3d70f49cd1c2eb9ae422958d1c652c6b)
Start importing Assets/_Unity Essentials/Source Files/Lighting/0_MainMenu_Scene/LightingData.asset using Guid(4673e1ee991c54cffa6c79aec5134e1c) Importer(2089858483,3d70f49cd1c2eb9ae422958d1c652c6b) (ScriptedImporter) -> (artifact id: '71abc35553dd74d2402afdc6cbf54d2f') in 0.0215833 seconds
Number of updated asset objects reloaded before import = 0Number of asset objects unloaded after import = 1

========================================================================
Received Import Request.
  Time since last request: 0.000020 seconds.
  path: Assets/BrokenVector/LowPolyRoadPack/Prefabs/Road Curve.prefab
  artifactKey: Guid(834e3b05077e0b445961489bb25da1c7) Importer(2089858483,3d70f49cd1c2eb9ae422958d1c652c6b)
Start importing Assets/BrokenVector/LowPolyRoadPack/Prefabs/Road Curve.prefab using Guid(834e3b05077e0b445961489bb25da1c7) Importer(2089858483,3d70f49cd1c2eb9ae422958d1c652c6b) (ScriptedImporter) -> (artifact id: '11a4bd515089706d7997d077d771ce44') in 0.0197223 seconds
Number of updated asset objects reloaded before import = 0Number of asset objects unloaded after import = 9

========================================================================
Received Import Request.
  Time since last request: 0.000022 seconds.
  path: Assets/_Unity Essentials/Tutorials/M_01_Editor/1.4/Step_1.4.5 - Rotate the first piece.asset
  artifactKey: Guid(db56a8e4d1d60ff47a1fd73f625968bb) Importer(2089858483,3d70f49cd1c2eb9ae422958d1c652c6b)
Start importing Assets/_Unity Essentials/Tutorials/M_01_Editor/1.4/Step_1.4.5 - Rotate the first piece.asset using Guid(db56a8e4d1d60ff47a1fd73f625968bb) Importer(2089858483,3d70f49cd1c2eb9ae422958d1c652c6b) (ScriptedImporter) -> (artifact id: '765d1e1347e9ee96198afa0734e90406') in 0.0183324 seconds
Number of updated asset objects reloaded before import = 0Number of asset objects unloaded after import = 0

========================================================================
Received Import Request.
  Time since last request: 0.000024 seconds.
  path: Assets/_Unity Essentials/Tutorials/M_01_Editor/1.4/Step_1.4.10 - Save your scene.asset
  artifactKey: Guid(1a13eabd069775541a20fc8b546d634b) Importer(2089858483,3d70f49cd1c2eb9ae422958d1c652c6b)
Start importing Assets/_Unity Essentials/Tutorials/M_01_Editor/1.4/Step_1.4.10 - Save your scene.asset using Guid(1a13eabd069775541a20fc8b546d634b) Importer(2089858483,3d70f49cd1c2eb9ae422958d1c652c6b) (ScriptedImporter) -> (artifact id: '044c05f649804c3beb38f38b10be3fa0') in 0.0176976 seconds
Number of updated asset objects reloaded before import = 0Number of asset objects unloaded after import = 0

========================================================================
Received Import Request.
  Time since last request: 0.000046 seconds.
  path: Assets/_Unity Essentials/Tutorials/M_01_Editor/1.5/Step_1.5.5 -  Proceed to the next tutorial.asset
  artifactKey: Guid(de0d364ac79e5054eabeb5b91b4e5bac) Importer(2089858483,3d70f49cd1c2eb9ae422958d1c652c6b)
Start importing Assets/_Unity Essentials/Tutorials/M_01_Editor/1.5/Step_1.5.5 -  Proceed to the next tutorial.asset using Guid(de0d364ac79e5054eabeb5b91b4e5bac) Importer(2089858483,3d70f49cd1c2eb9ae422958d1c652c6b) (ScriptedImporter) -> (artifact id: 'cd181c1eeec22e47fda06416de58339e') in 0.0281578 seconds
Number of updated asset objects reloaded before import = 0Number of asset objects unloaded after import = 0

========================================================================
Received Import Request.
  Time since last request: 0.000030 seconds.
  path: Assets/_Unity Essentials/Tutorials/M_01_Editor/1.4/Tutorial 1.4 - Share your work.asset
  artifactKey: Guid(54fc4581e127a4188984dc2026b4eb04) Importer(2089858483,3d70f49cd1c2eb9ae422958d1c652c6b)
Start importing Assets/_Unity Essentials/Tutorials/M_01_Editor/1.4/Tutorial 1.4 - Share your work.asset using Guid(54fc4581e127a4188984dc2026b4eb04) Importer(2089858483,3d70f49cd1c2eb9ae422958d1c652c6b) (ScriptedImporter) -> (artifact id: '4bde22a28f09b0cf5aea810f1646db9c') in 1.5137224 seconds
Number of updated asset objects reloaded before import = 0Number of asset objects unloaded after import = 262

========================================================================
Received Import Request.
  Time since last request: 0.000023 seconds.
  path: Assets/_Unity Essentials/Tutorials/M_02_3D/2.3/Step_2.3.7.asset
  artifactKey: Guid(c81c5947741a441e7bffca9cbe5ceedd) Importer(2089858483,3d70f49cd1c2eb9ae422958d1c652c6b)
Start importing Assets/_Unity Essentials/Tutorials/M_02_3D/2.3/Step_2.3.7.asset using Guid(c81c5947741a441e7bffca9cbe5ceedd) Importer(2089858483,3d70f49cd1c2eb9ae422958d1c652c6b) (ScriptedImporter) -> (artifact id: '77043b32a6f8b0ce5246873239477893') in 0.0247671 seconds
Number of updated asset objects reloaded before import = 0Number of asset objects unloaded after import = 0

========================================================================
Received Import Request.
  Time since last request: 0.000033 seconds.
  path: Assets/_Unity Essentials/Tutorials/M_01_Editor/1.3/Step_1.3.3 - Frame, Orbit, Zoom through the rings course.asset
  artifactKey: Guid(776ed9e9464aec5418bce693e70f14cb) Importer(2089858483,3d70f49cd1c2eb9ae422958d1c652c6b)
Start importing Assets/_Unity Essentials/Tutorials/M_01_Editor/1.3/Step_1.3.3 - Frame, Orbit, Zoom through the rings course.asset using Guid(776ed9e9464aec5418bce693e70f14cb) Importer(2089858483,3d70f49cd1c2eb9ae422958d1c652c6b) (ScriptedImporter) -> (artifact id: 'b61c4095325a0dec7c6215c86cd3f86b') in 0.0201869 seconds
Number of updated asset objects reloaded before import = 0Number of asset objects unloaded after import = 0

========================================================================
Received Import Request.
  Time since last request: 0.000015 seconds.
  path: Assets/_Unity Essentials/Tutorials/M_02_3D/2.4/Step_2.4.6.asset
  artifactKey: Guid(55e4edb2ccdb74686a43f5cce540eb7f) Importer(2089858483,3d70f49cd1c2eb9ae422958d1c652c6b)
Start importing Assets/_Unity Essentials/Tutorials/M_02_3D/2.4/Step_2.4.6.asset using Guid(55e4edb2ccdb74686a43f5cce540eb7f) Importer(2089858483,3d70f49cd1c2eb9ae422958d1c652c6b) (ScriptedImporter) -> (artifact id: '703930a5ae08d64eced6817c9e49e553') in 0.0265507 seconds
Number of updated asset objects reloaded before import = 0Number of asset objects unloaded after import = 0

========================================================================
Received Import Request.
  Time since last request: 0.000026 seconds.
  path: Assets/_Unity Essentials/Tutorials/M_01_Editor/1.5/Step_1.5.2 - Easy - Q and E.asset
  artifactKey: Guid(6d6af956109966c46b3c912ae8ec64e3) Importer(2089858483,3d70f49cd1c2eb9ae422958d1c652c6b)
Start importing Assets/_Unity Essentials/Tutorials/M_01_Editor/1.5/Step_1.5.2 - Easy - Q and E.asset using Guid(6d6af956109966c46b3c912ae8ec64e3) Importer(2089858483,3d70f49cd1c2eb9ae422958d1c652c6b) (ScriptedImporter) -> (artifact id: '7822053ef1273af0819fbc7058eb6890') in 0.0205609 seconds
Number of updated asset objects reloaded before import = 0Number of asset objects unloaded after import = 0

========================================================================
Received Import Request.
  Time since last request: 0.000024 seconds.
  path: Assets/_Unity Essentials/Tutorials/M_02_3D/2.2/Step_2.2.3.asset
  artifactKey: Guid(49a79a1aa6bd149f093a40af6eb8cfc3) Importer(2089858483,3d70f49cd1c2eb9ae422958d1c652c6b)
Start importing Assets/_Unity Essentials/Tutorials/M_02_3D/2.2/Step_2.2.3.asset using Guid(49a79a1aa6bd149f093a40af6eb8cfc3) Importer(2089858483,3d70f49cd1c2eb9ae422958d1c652c6b) (ScriptedImporter) -> (artifact id: '6a7d91f1733c7ec800b51e986596cd01') in 0.0453819 seconds
Number of updated asset objects reloaded before import = 0Number of asset objects unloaded after import = 0

========================================================================
Received Import Request.
  Time since last request: 0.000047 seconds.
  path: Assets/_Unity Essentials/Source Files/Scenes/Empty Scene.unity
  artifactKey: Guid(e6ab7485518b540d1a3a2a9a837535dd) Importer(2089858483,3d70f49cd1c2eb9ae422958d1c652c6b)
Start importing Assets/_Unity Essentials/Source Files/Scenes/Empty Scene.unity using Guid(e6ab7485518b540d1a3a2a9a837535dd) Importer(2089858483,3d70f49cd1c2eb9ae422958d1c652c6b) (ScriptedImporter)Opening scene 'Assets/_Unity Essentials/Source Files/Scenes/Empty Scene.unity additively'
Loaded scene 'Assets/_Unity Essentials/Source Files/Scenes/Empty Scene.unity'
	Deserialize:            0.782 ms
	Integration:            0.860 ms
	Integration of assets:  0.004 ms
	Thread Wait Time:       0.012 ms
	Total Operation Time:   1.657 ms
 -> (artifact id: '2f9ab90fb2708825501b13b3736e5465') in 0.0588823 seconds
Number of updated asset objects reloaded before import = 0Number of asset objects unloaded after import = 1

========================================================================
Received Import Request.
  Time since last request: 0.000019 seconds.
  path: Assets/_Unity Essentials/Tutorials/M_04_Prog/4.1/Step_4.1.4.asset
  artifactKey: Guid(6910e093c2e5047f3b927442c61312b7) Importer(2089858483,3d70f49cd1c2eb9ae422958d1c652c6b)
Start importing Assets/_Unity Essentials/Tutorials/M_04_Prog/4.1/Step_4.1.4.asset using Guid(6910e093c2e5047f3b927442c61312b7) Importer(2089858483,3d70f49cd1c2eb9ae422958d1c652c6b) (ScriptedImporter) -> (artifact id: 'edf33c77da02a9039ba107779f2e14dc') in 0.0190096 seconds
Number of updated asset objects reloaded before import = 0Number of asset objects unloaded after import = 0

========================================================================
Received Import Request.
  Time since last request: 0.000027 seconds.
  path: Assets/_Unity Essentials/Tutorials/M_03_Audio/3.1/Step_3.1.6.asset
  artifactKey: Guid(462a53847ae1840778a02aaf0c36ad7c) Importer(2089858483,3d70f49cd1c2eb9ae422958d1c652c6b)
Start importing Assets/_Unity Essentials/Tutorials/M_03_Audio/3.1/Step_3.1.6.asset using Guid(462a53847ae1840778a02aaf0c36ad7c) Importer(2089858483,3d70f49cd1c2eb9ae422958d1c652c6b) (ScriptedImporter) -> (artifact id: 'a5a98c832e858bcaaf25e9016eadc36d') in 0.0216064 seconds
Number of updated asset objects reloaded before import = 0Number of asset objects unloaded after import = 0

========================================================================
Received Import Request.
  Time since last request: 0.000034 seconds.
  path: Assets/_Unity Essentials/Tutorials/M_03_Audio/3.1/Step_3.1.8.asset
  artifactKey: Guid(bb30e85c712ac4442ad137c667563d7d) Importer(2089858483,3d70f49cd1c2eb9ae422958d1c652c6b)
Start importing Assets/_Unity Essentials/Tutorials/M_03_Audio/3.1/Step_3.1.8.asset using Guid(bb30e85c712ac4442ad137c667563d7d) Importer(2089858483,3d70f49cd1c2eb9ae422958d1c652c6b) (ScriptedImporter) -> (artifact id: 'fc3e5414591628e1ea067ab2213e828b') in 0.0242779 seconds
Number of updated asset objects reloaded before import = 0Number of asset objects unloaded after import = 0

========================================================================
Received Import Request.
  Time since last request: 0.000029 seconds.
  path: Assets/_Unity Essentials/Tutorials/M_04_Prog/4.1/Step_4.1.0.asset
  artifactKey: Guid(f5622cd4c6830435b8f7e49dd0afd025) Importer(2089858483,3d70f49cd1c2eb9ae422958d1c652c6b)
Start importing Assets/_Unity Essentials/Tutorials/M_04_Prog/4.1/Step_4.1.0.asset using Guid(f5622cd4c6830435b8f7e49dd0afd025) Importer(2089858483,3d70f49cd1c2eb9ae422958d1c652c6b) (ScriptedImporter) -> (artifact id: '2c913c151d14355a799ed871836fa382') in 0.0265719 seconds
Number of updated asset objects reloaded before import = 0Number of asset objects unloaded after import = 0

========================================================================
Received Import Request.
  Time since last request: 0.000019 seconds.
  path: Assets/_Unity Essentials/Tutorials/M_03_Audio/3.1/Step_3.1.2.asset
  artifactKey: Guid(4956341279efa4e1faea00f1a90c1506) Importer(2089858483,3d70f49cd1c2eb9ae422958d1c652c6b)
Start importing Assets/_Unity Essentials/Tutorials/M_03_Audio/3.1/Step_3.1.2.asset using Guid(4956341279efa4e1faea00f1a90c1506) Importer(2089858483,3d70f49cd1c2eb9ae422958d1c652c6b) (ScriptedImporter) -> (artifact id: '6be97b0cd544da3e89a4bda26ba90c6d') in 0.0262967 seconds
Number of updated asset objects reloaded before import = 0Number of asset objects unloaded after import = 0

========================================================================
Received Import Request.
  Time since last request: 0.000021 seconds.
  path: Assets/_Unity Essentials/Tutorials/M_02_3D/2.6/Step_2.6.1.asset
  artifactKey: Guid(9d65d330ae6f6449c98378e66179e8bc) Importer(2089858483,3d70f49cd1c2eb9ae422958d1c652c6b)
Start importing Assets/_Unity Essentials/Tutorials/M_02_3D/2.6/Step_2.6.1.asset using Guid(9d65d330ae6f6449c98378e66179e8bc) Importer(2089858483,3d70f49cd1c2eb9ae422958d1c652c6b) (ScriptedImporter) -> (artifact id: 'a466beecae05bc321906ab835b6a17ed') in 0.0200542 seconds
Number of updated asset objects reloaded before import = 0Number of asset objects unloaded after import = 0

========================================================================
Received Import Request.
  Time since last request: 0.000048 seconds.
  path: Assets/_Unity Essentials/Tutorials/M_04_Prog/4.1/Step_4.1.1.asset
  artifactKey: Guid(ec0b8b60dfff876499782cfff0d26dd0) Importer(2089858483,3d70f49cd1c2eb9ae422958d1c652c6b)
Start importing Assets/_Unity Essentials/Tutorials/M_04_Prog/4.1/Step_4.1.1.asset using Guid(ec0b8b60dfff876499782cfff0d26dd0) Importer(2089858483,3d70f49cd1c2eb9ae422958d1c652c6b) (ScriptedImporter) -> (artifact id: '433ef88d0abae206636d251db2a06367') in 0.024908 seconds
Number of updated asset objects reloaded before import = 0Number of asset objects unloaded after import = 0

========================================================================
Received Import Request.
  Time since last request: 0.000039 seconds.
  path: Assets/_Unity Essentials/Tutorials/M_04_Prog/4.2/Step_4.2.9.asset
  artifactKey: Guid(4503e5054fa764f91bee405f8b7dd44e) Importer(2089858483,3d70f49cd1c2eb9ae422958d1c652c6b)
Start importing Assets/_Unity Essentials/Tutorials/M_04_Prog/4.2/Step_4.2.9.asset using Guid(4503e5054fa764f91bee405f8b7dd44e) Importer(2089858483,3d70f49cd1c2eb9ae422958d1c652c6b) (ScriptedImporter) -> (artifact id: '2397ca2b3762ff110ad87330dc973b20') in 0.0315837 seconds
Number of updated asset objects reloaded before import = 0Number of asset objects unloaded after import = 0

========================================================================
Received Import Request.
  Time since last request: 0.000020 seconds.
  path: Assets/_Unity Essentials/Tutorials/M_04_Prog/4.2/Step_4.2.8.asset
  artifactKey: Guid(4ec95cc66856244d8b0a5a9a3f2e7e9b) Importer(2089858483,3d70f49cd1c2eb9ae422958d1c652c6b)
Start importing Assets/_Unity Essentials/Tutorials/M_04_Prog/4.2/Step_4.2.8.asset using Guid(4ec95cc66856244d8b0a5a9a3f2e7e9b) Importer(2089858483,3d70f49cd1c2eb9ae422958d1c652c6b) (ScriptedImporter) -> (artifact id: '37988472bde86d023166ba5e8ef08b37') in 0.0220024 seconds
Number of updated asset objects reloaded before import = 0Number of asset objects unloaded after import = 0

========================================================================
Received Import Request.
  Time since last request: 0.000020 seconds.
  path: Assets/_Unity Essentials/Tutorials/M_04_Prog/4.3/Step_4.3.3.asset
  artifactKey: Guid(f10d9cf5ee16f4e2ca96e6103218cc5b) Importer(2089858483,3d70f49cd1c2eb9ae422958d1c652c6b)
Start importing Assets/_Unity Essentials/Tutorials/M_04_Prog/4.3/Step_4.3.3.asset using Guid(f10d9cf5ee16f4e2ca96e6103218cc5b) Importer(2089858483,3d70f49cd1c2eb9ae422958d1c652c6b) (ScriptedImporter) -> (artifact id: 'c6a3f573c38a8947095dca22827bb9d9') in 0.0204058 seconds
Number of updated asset objects reloaded before import = 0Number of asset objects unloaded after import = 0

========================================================================
Received Import Request.
  Time since last request: 0.000021 seconds.
  path: Assets/_Unity Essentials/Tutorials/M_04_Prog/4.3/Step_4.3.1.asset
  artifactKey: Guid(6d21b7d4cb5aa466eb11a7d7a044dbde) Importer(2089858483,3d70f49cd1c2eb9ae422958d1c652c6b)
Start importing Assets/_Unity Essentials/Tutorials/M_04_Prog/4.3/Step_4.3.1.asset using Guid(6d21b7d4cb5aa466eb11a7d7a044dbde) Importer(2089858483,3d70f49cd1c2eb9ae422958d1c652c6b) (ScriptedImporter) -> (artifact id: 'a8e7a9e09622ea05018054fee93512d5') in 0.0229668 seconds
Number of updated asset objects reloaded before import = 0Number of asset objects unloaded after import = 0

========================================================================
Received Import Request.
  Time since last request: 0.000067 seconds.
  path: Assets/_Unity Essentials/Tutorials/M_04_Prog/4.3/Step_4.3.5.asset
  artifactKey: Guid(199b02a1d9dd24a82952d08f4d06516e) Importer(2089858483,3d70f49cd1c2eb9ae422958d1c652c6b)
Start importing Assets/_Unity Essentials/Tutorials/M_04_Prog/4.3/Step_4.3.5.asset using Guid(199b02a1d9dd24a82952d08f4d06516e) Importer(2089858483,3d70f49cd1c2eb9ae422958d1c652c6b) (ScriptedImporter) -> (artifact id: '3597a76987a6f88a024b8c4df869f407') in 0.0203469 seconds
Number of updated asset objects reloaded before import = 0Number of asset objects unloaded after import = 0

========================================================================
Received Import Request.
  Time since last request: 0.000024 seconds.
  path: Assets/_Unity Essentials/Tutorials/M_04_Prog/4.2/Step_4.2.4.asset
  artifactKey: Guid(26d930d5856be4468a8f628ad8517751) Importer(2089858483,3d70f49cd1c2eb9ae422958d1c652c6b)
Start importing Assets/_Unity Essentials/Tutorials/M_04_Prog/4.2/Step_4.2.4.asset using Guid(26d930d5856be4468a8f628ad8517751) Importer(2089858483,3d70f49cd1c2eb9ae422958d1c652c6b) (ScriptedImporter) -> (artifact id: 'd0f5c6934d22f5624e6649874559816c') in 0.0207915 seconds
Number of updated asset objects reloaded before import = 0Number of asset objects unloaded after import = 1

========================================================================
Received Import Request.
  Time since last request: 0.000023 seconds.
  path: Assets/BrokenVector/LowPolyRoadPack/Prefabs/Highway Cross Freeway.prefab
  artifactKey: Guid(d1e269106cb165145985fd4f36cd816f) Importer(2089858483,3d70f49cd1c2eb9ae422958d1c652c6b)
Start importing Assets/BrokenVector/LowPolyRoadPack/Prefabs/Highway Cross Freeway.prefab using Guid(d1e269106cb165145985fd4f36cd816f) Importer(2089858483,3d70f49cd1c2eb9ae422958d1c652c6b) (ScriptedImporter) -> (artifact id: 'fcb8cceadd23860033aa59ea2c940660') in 0.0234755 seconds
Number of updated asset objects reloaded before import = 0Number of asset objects unloaded after import = 10

========================================================================
Received Import Request.
  Time since last request: 0.000022 seconds.
  path: Assets/_Unity Essentials/Tutorials/M_05_2D/5.1/Step_5.1.1.asset
  artifactKey: Guid(3092106e63f0e4bb1a45bcf3852d0c9f) Importer(2089858483,3d70f49cd1c2eb9ae422958d1c652c6b)
Start importing Assets/_Unity Essentials/Tutorials/M_05_2D/5.1/Step_5.1.1.asset using Guid(3092106e63f0e4bb1a45bcf3852d0c9f) Importer(2089858483,3d70f49cd1c2eb9ae422958d1c652c6b) (ScriptedImporter) -> (artifact id: 'a2f9806980790b90d4f85ac483d69f31') in 0.0198944 seconds
Number of updated asset objects reloaded before import = 0Number of asset objects unloaded after import = 0

========================================================================
Received Import Request.
  Time since last request: 0.000048 seconds.
  path: Assets/_Unity Essentials/Tutorials/M_04_Prog/4.4/Tut_4.4.asset
  artifactKey: Guid(d4dbcbc5a9ba9f742a2b2a15285c613a) Importer(2089858483,3d70f49cd1c2eb9ae422958d1c652c6b)
Start importing Assets/_Unity Essentials/Tutorials/M_04_Prog/4.4/Tut_4.4.asset using Guid(d4dbcbc5a9ba9f742a2b2a15285c613a) Importer(2089858483,3d70f49cd1c2eb9ae422958d1c652c6b) (ScriptedImporter) -> (artifact id: '81746229394a25d3d1ae275bda18753d') in 0.833036 seconds
Number of updated asset objects reloaded before import = 0Number of asset objects unloaded after import = 262

========================================================================
Received Import Request.
  Time since last request: 0.000054 seconds.
  path: Assets/_Unity Essentials/Tutorials/M_05_2D/5.3/Step_5.3.4.asset
  artifactKey: Guid(9ad35ad599f75e14d8c5f9f9ceb0e503) Importer(2089858483,3d70f49cd1c2eb9ae422958d1c652c6b)
Start importing Assets/_Unity Essentials/Tutorials/M_05_2D/5.3/Step_5.3.4.asset using Guid(9ad35ad599f75e14d8c5f9f9ceb0e503) Importer(2089858483,3d70f49cd1c2eb9ae422958d1c652c6b) (ScriptedImporter) -> (artifact id: '017bc69df302ea3f9d5db1ade7d9b2fa') in 0.0229844 seconds
Number of updated asset objects reloaded before import = 0Number of asset objects unloaded after import = 0

========================================================================
Received Import Request.
  Time since last request: 0.000054 seconds.
  path: Assets/_Unity Essentials/Tutorials/M_06_Pub/6.4/6.4.3.asset
  artifactKey: Guid(009b19c4368f24547b32e0723771cc75) Importer(2089858483,3d70f49cd1c2eb9ae422958d1c652c6b)
Start importing Assets/_Unity Essentials/Tutorials/M_06_Pub/6.4/6.4.3.asset using Guid(009b19c4368f24547b32e0723771cc75) Importer(2089858483,3d70f49cd1c2eb9ae422958d1c652c6b) (ScriptedImporter) -> (artifact id: '72cb98ab815330341f4824b14f5855ae') in 0.0197874 seconds
Number of updated asset objects reloaded before import = 0Number of asset objects unloaded after import = 0

========================================================================
Received Import Request.
  Time since last request: 0.000024 seconds.
  path: Assets/_Unity Essentials/Tutorials/M_06_Pub/6.4/6.4.4.asset
  artifactKey: Guid(23874ede94c94514cb585ec6051cfb82) Importer(2089858483,3d70f49cd1c2eb9ae422958d1c652c6b)
Start importing Assets/_Unity Essentials/Tutorials/M_06_Pub/6.4/6.4.4.asset using Guid(23874ede94c94514cb585ec6051cfb82) Importer(2089858483,3d70f49cd1c2eb9ae422958d1c652c6b) (ScriptedImporter) -> (artifact id: 'd45a6be9869b3c9a49ff7a24c982e7cd') in 0.0212333 seconds
Number of updated asset objects reloaded before import = 0Number of asset objects unloaded after import = 1

========================================================================
Received Import Request.
  Time since last request: 0.000019 seconds.
  path: Assets/_Unity Essentials/Tutorials/M_06_Pub/6.2/Tut 6.2.asset
  artifactKey: Guid(e724a911bee784ee3b860ca40a45f5f3) Importer(2089858483,3d70f49cd1c2eb9ae422958d1c652c6b)
Start importing Assets/_Unity Essentials/Tutorials/M_06_Pub/6.2/Tut 6.2.asset using Guid(e724a911bee784ee3b860ca40a45f5f3) Importer(2089858483,3d70f49cd1c2eb9ae422958d1c652c6b) (ScriptedImporter) -> (artifact id: '2ccd198d6383ed4ccd750ff68b1b07e8') in 0.8469124 seconds
Number of updated asset objects reloaded before import = 0Number of asset objects unloaded after import = 262

========================================================================
Received Import Request.
  Time since last request: 0.000027 seconds.
  path: Assets/_Unity Essentials/Fonts/Lora-Regular SDF.asset
  artifactKey: Guid(46d4660eedeaf406995fa1afed253fe0) Importer(2089858483,3d70f49cd1c2eb9ae422958d1c652c6b)
Start importing Assets/_Unity Essentials/Fonts/Lora-Regular SDF.asset using Guid(46d4660eedeaf406995fa1afed253fe0) Importer(2089858483,3d70f49cd1c2eb9ae422958d1c652c6b) (ScriptedImporter) -> (artifact id: '576f35aa967a9309016bb199556d8eaa') in 0.0452228 seconds
Number of updated asset objects reloaded before import = 0Number of asset objects unloaded after import = 2

========================================================================
Received Import Request.
  Time since last request: 0.000030 seconds.
  path: Assets/KajamansRoads
  artifactKey: Guid(631ae97dbab4fd34ab3c73254cfcacd0) Importer(2089858483,192608db42251d675da83286b1cce702)
Start importing Assets/KajamansRoads using Guid(631ae97dbab4fd34ab3c73254cfcacd0) Importer(2089858483,192608db42251d675da83286b1cce702) (ScriptedImporter) -> (artifact id: 'fbbf9c58c1c47b538f378e89e8e91f3e') in 0.0188895 seconds
Number of updated asset objects reloaded before import = 0Number of asset objects unloaded after import = 1

========================================================================
Received Import Request.
  Time since last request: 0.000017 seconds.
  path: Assets/_Unity Essentials/Tutorials/M_02_3D/2.3/Step_2.3.12.asset
  artifactKey: Guid(5d40d8a940d224d548e64f73d4d90298) Importer(2089858483,3d70f49cd1c2eb9ae422958d1c652c6b)
Start importing Assets/_Unity Essentials/Tutorials/M_02_3D/2.3/Step_2.3.12.asset using Guid(5d40d8a940d224d548e64f73d4d90298) Importer(2089858483,3d70f49cd1c2eb9ae422958d1c652c6b) (ScriptedImporter) -> (artifact id: '155707bcb8364091685166f62ef8ec76') in 0.0205768 seconds
Number of updated asset objects reloaded before import = 0Number of asset objects unloaded after import = 1

========================================================================
Received Import Request.
  Time since last request: 0.000029 seconds.
  path: Assets/BrokenVector/LowPolyRoadPack/Prefabs/Road Cross SIngleLane.prefab
  artifactKey: Guid(7037b12e33ea2dc4a98a52fc649b62f2) Importer(2089858483,3d70f49cd1c2eb9ae422958d1c652c6b)
Start importing Assets/BrokenVector/LowPolyRoadPack/Prefabs/Road Cross SIngleLane.prefab using Guid(7037b12e33ea2dc4a98a52fc649b62f2) Importer(2089858483,3d70f49cd1c2eb9ae422958d1c652c6b) (ScriptedImporter) -> (artifact id: 'e16aa0a15acdcda1e1085d40c25cb504') in 0.0239464 seconds
Number of updated asset objects reloaded before import = 0Number of asset objects unloaded after import = 9

========================================================================
Received Import Request.
  Time since last request: 0.000024 seconds.
  path: Assets/Settings/URP-HighFidelity-Renderer.asset
  artifactKey: Guid(c40be3174f62c4acf8c1216858c64956) Importer(2089858483,3d70f49cd1c2eb9ae422958d1c652c6b)
Start importing Assets/Settings/URP-HighFidelity-Renderer.asset using Guid(c40be3174f62c4acf8c1216858c64956) Importer(2089858483,3d70f49cd1c2eb9ae422958d1c652c6b) (ScriptedImporter) -> (artifact id: '0a9f2ee662847ce44e6d072defef6b69') in 0.0207267 seconds
Number of updated asset objects reloaded before import = 0Number of asset objects unloaded after import = 1

========================================================================
Received Import Request.
  Time since last request: 0.000053 seconds.
  path: Assets/BrokenVector/LowPolyRoadPack/Prefabs/SingleLane Cross SingleLane.prefab
  artifactKey: Guid(4ad77816d1959bd49a799a1fdeb67987) Importer(2089858483,3d70f49cd1c2eb9ae422958d1c652c6b)
Start importing Assets/BrokenVector/LowPolyRoadPack/Prefabs/SingleLane Cross SingleLane.prefab using Guid(4ad77816d1959bd49a799a1fdeb67987) Importer(2089858483,3d70f49cd1c2eb9ae422958d1c652c6b) (ScriptedImporter) -> (artifact id: 'f7bf7504ed6a3d47cd02ec8d6edd5588') in 0.0226518 seconds
Number of updated asset objects reloaded before import = 0Number of asset objects unloaded after import = 9

Editor requested this worker to shutdown with reason: balancing worker count downwards
AssetImportWorker is now disconnected from the server
Process exiting
Exiting without the bug reporter. Application will terminate with return code 0