Using pre-set license
Built from '6000.0/staging' branch; Version is '6000.0.56f1 (9c7b5e468860) revision 10255198'; Using compiler version '193933523'; Build Type 'Release'
OS: 'Windows 11  (10.0.22631) 64bit Education' Language: 'en' Physical Memory: 32437 MB
BatchMode: 1, IsHumanControllingUs: 0, StartBugReporterOnCrash: 0, Is64bit: 1
Date: 2025-10-09T12:21:41Z

COMMAND LINE ARGUMENTS:
C:\Program Files\Unity\Hub\Editor\6000.0.56f1\Editor\Unity.exe
-adb2
-batchMode
-noUpm
-name
AssetImportWorker12
-projectPath
C:/Users/02MADDOX.GREENSPOON/Maddox Greenspoon/Repositories/Unity Essentials/Essentials
-logFile
Logs/AssetImportWorker12.log
-srvPort
54701
-job-worker-count
5
-background-job-worker-count
8
-gc-helper-count
1
-name
AssetImport
Successfully changed project path to: C:/Users/02MADDOX.GREENSPOON/Maddox Greenspoon/Repositories/Unity Essentials/Essentials
C:/Users/02MADDOX.GREENSPOON/Maddox Greenspoon/Repositories/Unity Essentials/Essentials
[UnityMemory] Configuration Parameters - Can be set up in boot.config
    "memorysetup-bucket-allocator-granularity=16"
    "memorysetup-bucket-allocator-bucket-count=8"
    "memorysetup-bucket-allocator-block-size=33554432"
    "memorysetup-bucket-allocator-block-count=8"
    "memorysetup-main-allocator-block-size=16777216"
    "memorysetup-thread-allocator-block-size=16777216"
    "memorysetup-gfx-main-allocator-block-size=16777216"
    "memorysetup-gfx-thread-allocator-block-size=16777216"
    "memorysetup-cache-allocator-block-size=4194304"
    "memorysetup-typetree-allocator-block-size=2097152"
    "memorysetup-profiler-bucket-allocator-granularity=16"
    "memorysetup-profiler-bucket-allocator-bucket-count=8"
    "memorysetup-profiler-bucket-allocator-block-size=33554432"
    "memorysetup-profiler-bucket-allocator-block-count=8"
    "memorysetup-profiler-allocator-block-size=16777216"
    "memorysetup-profiler-editor-allocator-block-size=1048576"
    "memorysetup-temp-allocator-size-main=16777216"
    "memorysetup-job-temp-allocator-block-size=2097152"
    "memorysetup-job-temp-allocator-block-size-background=1048576"
    "memorysetup-job-temp-allocator-reduction-small-platforms=262144"
    "memorysetup-allocator-temp-initial-block-size-main=262144"
    "memorysetup-allocator-temp-initial-block-size-worker=262144"
    "memorysetup-temp-allocator-size-background-worker=32768"
    "memorysetup-temp-allocator-size-job-worker=262144"
    "memorysetup-temp-allocator-size-preload-manager=33554432"
    "memorysetup-temp-allocator-size-nav-mesh-worker=65536"
    "memorysetup-temp-allocator-size-audio-worker=65536"
    "memorysetup-temp-allocator-size-cloud-worker=32768"
    "memorysetup-temp-allocator-size-gi-baking-worker=262144"
    "memorysetup-temp-allocator-size-gi-baking-worker=262144"
    "memorysetup-temp-allocator-size-gi-baking-worker=262144"
    "memorysetup-temp-allocator-size-gi-baking-worker=262144"
    "memorysetup-temp-allocator-size-gi-baking-worker=262144"
    "memorysetup-temp-allocator-size-gfx=262144"
Player connection [4832]  Target information:

Player connection [4832]  * "[IP] 10.202.144.9 [Port] 0 [Flags] 2 [Guid] 1536590891 [EditorId] 1536590891 [Version] 1048832 [Id] WindowsEditor(7,GUL-HS-2211SD09) [Debug] 1 [PackageName] WindowsEditor [ProjectName] Editor" 

Player connection [4832]  * "[IP] 192.168.247.1 [Port] 0 [Flags] 2 [Guid] 1536590891 [EditorId] 1536590891 [Version] 1048832 [Id] WindowsEditor(7,GUL-HS-2211SD09) [Debug] 1 [PackageName] WindowsEditor [ProjectName] Editor" 

Player connection [4832]  * "[IP] 192.168.2.1 [Port] 0 [Flags] 2 [Guid] 1536590891 [EditorId] 1536590891 [Version] 1048832 [Id] WindowsEditor(7,GUL-HS-2211SD09) [Debug] 1 [PackageName] WindowsEditor [ProjectName] Editor" 

Player connection [4832]  * "[IP] 192.168.56.1 [Port] 0 [Flags] 2 [Guid] 1536590891 [EditorId] 1536590891 [Version] 1048832 [Id] WindowsEditor(7,GUL-HS-2211SD09) [Debug] 1 [PackageName] WindowsEditor [ProjectName] Editor" 

Player connection [4832] Host joined multi-casting on [225.0.0.222:54997]...
Player connection [4832] Host joined alternative multi-casting on [225.0.0.222:34997]...
JobSystem: Creating JobQueue using job-worker-count value 5
Input System module state changed to: Initialized.
[Physics::Module] Initialized fallback backend.
[Physics::Module] Id: 0xdecafbad
Library Redirect Path: Library/
[Physics::Module] Selected backend.
[Physics::Module] Name: PhysX
[Physics::Module] Id: 0xf2b8ea05
[Physics::Module] SDK Version: 4.1.2
[Physics::Module] Integration Version: 1.0.0
[Physics::Module] Threading Mode: Multi-Threaded
Refreshing native plugins compatible for Editor in 8.99 ms, found 3 plugins.
Preloading 0 native plugins for Editor in 0.00 ms.
Initialize engine version: 6000.0.56f1 (9c7b5e468860)
[Subsystems] Discovering subsystems at path C:/Program Files/Unity/Hub/Editor/6000.0.56f1/Editor/Data/Resources/UnitySubsystems
[Subsystems] Discovering subsystems at path C:/Users/02MADDOX.GREENSPOON/Maddox Greenspoon/Repositories/Unity Essentials/Essentials/Assets
GfxDevice: creating device client; kGfxThreadingModeNonThreaded
Direct3D:
    Version:  Direct3D 11.0 [level 11.1]
    Renderer: NVIDIA T400 4GB (ID=0x1ff2)
    Vendor:   NVIDIA
    VRAM:     3943 MB
    Driver:   32.0.15.7216
Initialize mono
Mono path[0] = 'C:/Program Files/Unity/Hub/Editor/6000.0.56f1/Editor/Data/Managed'
Mono path[1] = 'C:/Program Files/Unity/Hub/Editor/6000.0.56f1/Editor/Data/MonoBleedingEdge/lib/mono/unityjit-win32'
Mono config path = 'C:/Program Files/Unity/Hub/Editor/6000.0.56f1/Editor/Data/MonoBleedingEdge/etc'
Using monoOptions --debugger-agent=transport=dt_socket,embedding=1,server=y,suspend=n,address=127.0.0.1:56796
Begin MonoManager ReloadAssembly
Registering precompiled unity dll's ...
Register platform support module: C:/Program Files/Unity/Hub/Editor/6000.0.56f1/Editor/Data/PlaybackEngines/WebGLSupport/UnityEditor.WebGL.Extensions.dll
Register platform support module: C:/Program Files/Unity/Hub/Editor/6000.0.56f1/Editor/Data/PlaybackEngines/WindowsStandaloneSupport/UnityEditor.WindowsStandalone.Extensions.dll
Register platform support module: C:/Program Files/Unity/Hub/Editor/6000.0.56f1/Editor/Data/PlaybackEngines/MetroSupport/UnityEditor.UWP.Extensions.dll
Registered in 0.005878 seconds.
- Loaded All Assemblies, in  0.545 seconds
Native extension for UWP target not found
Native extension for WindowsStandalone target not found
Native extension for WebGL target not found
Mono: successfully reloaded assembly
- Finished resetting the current domain, in  0.641 seconds
Domain Reload Profiling: 1184ms
	BeginReloadAssembly (168ms)
		ExecutionOrderSort (0ms)
		DisableScriptedObjects (0ms)
		BackupInstance (0ms)
		ReleaseScriptingObjects (0ms)
		CreateAndSetChildDomain (1ms)
	RebuildCommonClasses (56ms)
	RebuildNativeTypeToScriptingClass (20ms)
	initialDomainReloadingComplete (72ms)
	LoadAllAssembliesAndSetupDomain (227ms)
		LoadAssemblies (164ms)
		RebuildTransferFunctionScriptingTraits (0ms)
		AnalyzeDomain (222ms)
			TypeCache.Refresh (221ms)
				TypeCache.ScanAssembly (203ms)
			BuildScriptInfoCaches (0ms)
			ResolveRequiredComponents (1ms)
	FinalizeReload (642ms)
		ReleaseScriptCaches (0ms)
		RebuildScriptCaches (0ms)
		SetupLoadedEditorAssemblies (573ms)
			LogAssemblyErrors (0ms)
			InitializePlatformSupportModulesInManaged (134ms)
			SetLoadedEditorAssemblies (5ms)
			BeforeProcessingInitializeOnLoad (113ms)
			ProcessInitializeOnLoadAttributes (218ms)
			ProcessInitializeOnLoadMethodAttributes (102ms)
			AfterProcessingInitializeOnLoad (0ms)
			EditorAssembliesLoaded (0ms)
		ExecutionOrderSort2 (0ms)
		AwakeInstancesAfterBackupRestoration (0ms)
========================================================================
Worker process is ready to serve import requests
Import Worker Mode flag is 0x00
Begin MonoManager ReloadAssembly
Symbol file LoadedFromMemory is not a mono symbol file
- Loaded All Assemblies, in  1.303 seconds
Refreshing native plugins compatible for Editor in 13.93 ms, found 3 plugins.
Native extension for UWP target not found
Native extension for WindowsStandalone target not found
Native extension for WebGL target not found
Package Manager log level set to [2]
[Package Manager] Failed to launch server process. Reason: Unity was launched with the -noUpm command-line argument
[Package Manager] Unable to send message (not connected to server process).
[Package Manager] Cannot connect to Unity Package Manager local server
Refreshing native plugins compatible for Editor in 6.85 ms, found 3 plugins.
Mono: successfully reloaded assembly
- Finished resetting the current domain, in  1.551 seconds
Domain Reload Profiling: 2845ms
	BeginReloadAssembly (268ms)
		ExecutionOrderSort (0ms)
		DisableScriptedObjects (14ms)
		BackupInstance (0ms)
		ReleaseScriptingObjects (0ms)
		CreateAndSetChildDomain (39ms)
	RebuildCommonClasses (66ms)
	RebuildNativeTypeToScriptingClass (18ms)
	initialDomainReloadingComplete (95ms)
	LoadAllAssembliesAndSetupDomain (846ms)
		LoadAssemblies (573ms)
		RebuildTransferFunctionScriptingTraits (0ms)
		AnalyzeDomain (409ms)
			TypeCache.Refresh (270ms)
				TypeCache.ScanAssembly (244ms)
			BuildScriptInfoCaches (120ms)
			ResolveRequiredComponents (15ms)
	FinalizeReload (1552ms)
		ReleaseScriptCaches (0ms)
		RebuildScriptCaches (0ms)
		SetupLoadedEditorAssemblies (1147ms)
			LogAssemblyErrors (0ms)
			InitializePlatformSupportModulesInManaged (27ms)
			SetLoadedEditorAssemblies (4ms)
			BeforeProcessingInitializeOnLoad (210ms)
			ProcessInitializeOnLoadAttributes (603ms)
			ProcessInitializeOnLoadMethodAttributes (297ms)
			AfterProcessingInitializeOnLoad (6ms)
			EditorAssembliesLoaded (1ms)
		ExecutionOrderSort2 (0ms)
		AwakeInstancesAfterBackupRestoration (11ms)
Launched and connected shader compiler UnityShaderCompiler.exe after 0.18 seconds
Refreshing native plugins compatible for Editor in 8.95 ms, found 3 plugins.
Preloading 0 native plugins for Editor in 0.00 ms.
Unloading 14 Unused Serialized files (Serialized files now loaded: 0)
Unloading 6411 unused Assets / (3.4 MB). Loaded Objects now: 7131.
Memory consumption went from 152.0 MB to 148.7 MB.
Total: 97.864500 ms (FindLiveObjects: 0.659900 ms CreateObjectMapping: 2.117400 ms MarkObjects: 10.575000 ms  DeleteObjects: 84.510400 ms)

========================================================================
Received Import Request.
  Time since last request: 2685.486668 seconds.
  path: Assets/_Unity Essentials/Prefabs/Outdoor/Playset_Swings_BY001.prefab
  artifactKey: Guid(07df911d89d4d4ce885ce9a7418f9561) Importer(2089858483,3d70f49cd1c2eb9ae422958d1c652c6b)
Start importing Assets/_Unity Essentials/Prefabs/Outdoor/Playset_Swings_BY001.prefab using Guid(07df911d89d4d4ce885ce9a7418f9561) Importer(2089858483,3d70f49cd1c2eb9ae422958d1c652c6b) (ScriptedImporter) -> (artifact id: '37ddde6de239d2c0de6fc97ecf6e743f') in 0.7439359 seconds
Number of updated asset objects reloaded before import = 0Number of asset objects unloaded after import = 15

========================================================================
Received Import Request.
  Time since last request: 0.000023 seconds.
  path: Assets/KajamansRoads/Materials/DirtRoadMat.mat
  artifactKey: Guid(0e2c7a3736bbcf6429b6c142c6bb36bc) Importer(2089858483,192608db42251d675da83286b1cce702)
Start importing Assets/KajamansRoads/Materials/DirtRoadMat.mat using Guid(0e2c7a3736bbcf6429b6c142c6bb36bc) Importer(2089858483,192608db42251d675da83286b1cce702) (ScriptedImporter) -> (artifact id: 'b7283b75a9e7db4c98e89596e5edbb47') in 0.192257 seconds
Number of updated asset objects reloaded before import = 0Number of asset objects unloaded after import = 3

========================================================================
Received Import Request.
  Time since last request: 0.000030 seconds.
  path: Assets/_Unity Essentials/Prefabs/Walls/WallDoor2m_Green.prefab
  artifactKey: Guid(33555277bcde74d3489dab8ac391b3b1) Importer(2089858483,3d70f49cd1c2eb9ae422958d1c652c6b)
Start importing Assets/_Unity Essentials/Prefabs/Walls/WallDoor2m_Green.prefab using Guid(33555277bcde74d3489dab8ac391b3b1) Importer(2089858483,3d70f49cd1c2eb9ae422958d1c652c6b) (ScriptedImporter) -> (artifact id: '3d75fb1eb391d9b37fbe9f77aacb8347') in 0.0991258 seconds
Number of updated asset objects reloaded before import = 0Number of asset objects unloaded after import = 83

========================================================================
Received Import Request.
  Time since last request: 0.005195 seconds.
  path: Assets/_Unity Essentials/Prefabs/Living Room/CoffeeTable_48in_BY001.prefab
  artifactKey: Guid(3017a300061e0614bb6b5e2db02ae7ad) Importer(2089858483,3d70f49cd1c2eb9ae422958d1c652c6b)
Start importing Assets/_Unity Essentials/Prefabs/Living Room/CoffeeTable_48in_BY001.prefab using Guid(3017a300061e0614bb6b5e2db02ae7ad) Importer(2089858483,3d70f49cd1c2eb9ae422958d1c652c6b) (ScriptedImporter) -> (artifact id: '2f36327787fac03982f4313c663ceb5e') in 0.0992762 seconds
Number of updated asset objects reloaded before import = 0Number of asset objects unloaded after import = 15

========================================================================
Received Import Request.
  Time since last request: 0.000052 seconds.
  path: Assets/_Unity Essentials/Prefabs/Walls/WallWindow2m.prefab
  artifactKey: Guid(7a6f862ca8c727d4c8a3ef7bc92f4b5d) Importer(2089858483,3d70f49cd1c2eb9ae422958d1c652c6b)
Start importing Assets/_Unity Essentials/Prefabs/Walls/WallWindow2m.prefab using Guid(7a6f862ca8c727d4c8a3ef7bc92f4b5d) Importer(2089858483,3d70f49cd1c2eb9ae422958d1c652c6b) (ScriptedImporter) -> (artifact id: '46b6969b057098b9e98f5661be13ec19') in 0.0271884 seconds
Number of updated asset objects reloaded before import = 0Number of asset objects unloaded after import = 52

========================================================================
Received Import Request.
  Time since last request: 0.000024 seconds.
  path: Assets/_Unity Essentials/Prefabs/Walls/WallDoor2m.prefab
  artifactKey: Guid(bfa974a01b4cbd94eb18f3e7956f9aca) Importer(2089858483,3d70f49cd1c2eb9ae422958d1c652c6b)
Start importing Assets/_Unity Essentials/Prefabs/Walls/WallDoor2m.prefab using Guid(bfa974a01b4cbd94eb18f3e7956f9aca) Importer(2089858483,3d70f49cd1c2eb9ae422958d1c652c6b) (ScriptedImporter) -> (artifact id: '9d12d37b25e8b2db8a832d3f17d61e32') in 0.0259283 seconds
Number of updated asset objects reloaded before import = 0Number of asset objects unloaded after import = 54

========================================================================
Received Import Request.
  Time since last request: 0.000024 seconds.
  path: Assets/_Unity Essentials/Fonts/Merriweather-Regular SDF.asset
  artifactKey: Guid(34d502a6faf2f43dba2c17ee976b7018) Importer(2089858483,3d70f49cd1c2eb9ae422958d1c652c6b)
Start importing Assets/_Unity Essentials/Fonts/Merriweather-Regular SDF.asset using Guid(34d502a6faf2f43dba2c17ee976b7018) Importer(2089858483,3d70f49cd1c2eb9ae422958d1c652c6b) (ScriptedImporter) -> (artifact id: 'c898dd84e5f81b526d77ad4e4f9b513c') in 0.0501137 seconds
Number of updated asset objects reloaded before import = 0Number of asset objects unloaded after import = 2

========================================================================
Received Import Request.
  Time since last request: 0.000028 seconds.
  path: Assets/_Unity Essentials/Prefabs/Floor/Floor2m.prefab
  artifactKey: Guid(5666bfa8093f4924ba013107051783da) Importer(2089858483,3d70f49cd1c2eb9ae422958d1c652c6b)
Start importing Assets/_Unity Essentials/Prefabs/Floor/Floor2m.prefab using Guid(5666bfa8093f4924ba013107051783da) Importer(2089858483,3d70f49cd1c2eb9ae422958d1c652c6b) (ScriptedImporter) -> (artifact id: '340c7fe0354c8ac57e05cc124e472512') in 0.0209121 seconds
Number of updated asset objects reloaded before import = 0Number of asset objects unloaded after import = 10

========================================================================
Received Import Request.
  Time since last request: 0.000034 seconds.
  path: Assets/_Unity Essentials/Prefabs/Kitchen/Boiling_Pot.prefab
  artifactKey: Guid(162fd2a86dffb40c7a4ff6dc18d84822) Importer(2089858483,3d70f49cd1c2eb9ae422958d1c652c6b)
Start importing Assets/_Unity Essentials/Prefabs/Kitchen/Boiling_Pot.prefab using Guid(162fd2a86dffb40c7a4ff6dc18d84822) Importer(2089858483,3d70f49cd1c2eb9ae422958d1c652c6b) (ScriptedImporter) -> (artifact id: '83534d4b9df31724dfbb682594cadca7') in 0.0306195 seconds
Number of updated asset objects reloaded before import = 0Number of asset objects unloaded after import = 24

========================================================================
Received Import Request.
  Time since last request: 0.000021 seconds.
  path: Assets/_Unity Essentials/Prefabs/Outdoor/Tube Slide/TubeSlide_Middle Variant.prefab
  artifactKey: Guid(f7599e94c0a8f49b8b43fb5a4631606d) Importer(2089858483,3d70f49cd1c2eb9ae422958d1c652c6b)
Start importing Assets/_Unity Essentials/Prefabs/Outdoor/Tube Slide/TubeSlide_Middle Variant.prefab using Guid(f7599e94c0a8f49b8b43fb5a4631606d) Importer(2089858483,3d70f49cd1c2eb9ae422958d1c652c6b) (ScriptedImporter) -> (artifact id: 'df9ab25c074e31eb65b940da30f04710') in 0.0249079 seconds
Number of updated asset objects reloaded before import = 0Number of asset objects unloaded after import = 28

========================================================================
Received Import Request.
  Time since last request: 0.000018 seconds.
  path: Assets/_Unity Essentials/Tutorials/M_04_Prog/Tutorials 4.0.asset
  artifactKey: Guid(caed960f8c2b34daa82ebbe4bd6ec808) Importer(2089858483,3d70f49cd1c2eb9ae422958d1c652c6b)
Start importing Assets/_Unity Essentials/Tutorials/M_04_Prog/Tutorials 4.0.asset using Guid(caed960f8c2b34daa82ebbe4bd6ec808) Importer(2089858483,3d70f49cd1c2eb9ae422958d1c652c6b) (ScriptedImporter) -> (artifact id: 'aec11bb824633413ac9236c1794ba45d') in 2.3458202 seconds
Number of updated asset objects reloaded before import = 0Number of asset objects unloaded after import = 271

========================================================================
Received Import Request.
  Time since last request: 0.000080 seconds.
  path: Assets/_Unity Essentials/Tutorials/M_02_3D/2.4/Step_2.4.5.asset
  artifactKey: Guid(4647aeb1c6b4d404ba1d8bfbc77b0f4a) Importer(2089858483,3d70f49cd1c2eb9ae422958d1c652c6b)
Start importing Assets/_Unity Essentials/Tutorials/M_02_3D/2.4/Step_2.4.5.asset using Guid(4647aeb1c6b4d404ba1d8bfbc77b0f4a) Importer(2089858483,3d70f49cd1c2eb9ae422958d1c652c6b) (ScriptedImporter) -> (artifact id: '2dcf4b50f732afbd358b234c52aa1a8d') in 0.0227578 seconds
Number of updated asset objects reloaded before import = 0Number of asset objects unloaded after import = 0

========================================================================
Received Import Request.
  Time since last request: 0.000034 seconds.
  path: Assets/_Unity Essentials/Tutorials/M_02_3D/2.4/Step_2.4.3.asset
  artifactKey: Guid(8da95f2d2549c489cb1d0639a2fcab3c) Importer(2089858483,3d70f49cd1c2eb9ae422958d1c652c6b)
Start importing Assets/_Unity Essentials/Tutorials/M_02_3D/2.4/Step_2.4.3.asset using Guid(8da95f2d2549c489cb1d0639a2fcab3c) Importer(2089858483,3d70f49cd1c2eb9ae422958d1c652c6b) (ScriptedImporter) -> (artifact id: '58e1dd30f71f5f1726828064e6205d16') in 0.0201013 seconds
Number of updated asset objects reloaded before import = 0Number of asset objects unloaded after import = 0

========================================================================
Received Import Request.
  Time since last request: 0.000028 seconds.
  path: Assets/_Unity Essentials/Tutorials/M_02_3D/2.3/Step_2.3.3.asset
  artifactKey: Guid(11c65e36feedf4cc0915906f9577d64d) Importer(2089858483,3d70f49cd1c2eb9ae422958d1c652c6b)
Start importing Assets/_Unity Essentials/Tutorials/M_02_3D/2.3/Step_2.3.3.asset using Guid(11c65e36feedf4cc0915906f9577d64d) Importer(2089858483,3d70f49cd1c2eb9ae422958d1c652c6b) (ScriptedImporter) -> (artifact id: 'ed81e41acab38a81eeceaa5ae61eb2f7') in 0.0379931 seconds
Number of updated asset objects reloaded before import = 0Number of asset objects unloaded after import = 0

========================================================================
Received Import Request.
  Time since last request: 0.000022 seconds.
  path: Assets/_Unity Essentials/Tutorials/M_02_3D/2.3/Step_2.3.8.asset
  artifactKey: Guid(9ea4afc85247a4ff2bcd57865c8f71ad) Importer(2089858483,3d70f49cd1c2eb9ae422958d1c652c6b)
Start importing Assets/_Unity Essentials/Tutorials/M_02_3D/2.3/Step_2.3.8.asset using Guid(9ea4afc85247a4ff2bcd57865c8f71ad) Importer(2089858483,3d70f49cd1c2eb9ae422958d1c652c6b) (ScriptedImporter) -> (artifact id: '98d39c163ea3b60981ba7ca22440c570') in 0.0192644 seconds
Number of updated asset objects reloaded before import = 0Number of asset objects unloaded after import = 0

========================================================================
Received Import Request.
  Time since last request: 0.000026 seconds.
  path: Assets/KajamansRoads/Free/Obj/Materials/group2Mat.mat
  artifactKey: Guid(eb1935a972591ff43a0c43240a5ed657) Importer(2089858483,192608db42251d675da83286b1cce702)
Start importing Assets/KajamansRoads/Free/Obj/Materials/group2Mat.mat using Guid(eb1935a972591ff43a0c43240a5ed657) Importer(2089858483,192608db42251d675da83286b1cce702) (ScriptedImporter) -> (artifact id: 'cdf6a73050efc192d81d80ce6453aa6c') in 0.0854715 seconds
Number of updated asset objects reloaded before import = 0Number of asset objects unloaded after import = 1

========================================================================
Received Import Request.
  Time since last request: 0.000031 seconds.
  path: Assets/_Unity Essentials/Tutorials/M_03_Audio/3.2 - Audio MTTT/Step_3.2.2.asset
  artifactKey: Guid(2ba49db4a07761841a4be3b4c3491f4f) Importer(2089858483,3d70f49cd1c2eb9ae422958d1c652c6b)
Start importing Assets/_Unity Essentials/Tutorials/M_03_Audio/3.2 - Audio MTTT/Step_3.2.2.asset using Guid(2ba49db4a07761841a4be3b4c3491f4f) Importer(2089858483,3d70f49cd1c2eb9ae422958d1c652c6b) (ScriptedImporter) -> (artifact id: '5c6e8e741c9f63eb630488b14576166f') in 0.0203782 seconds
Number of updated asset objects reloaded before import = 0Number of asset objects unloaded after import = 0

========================================================================
Received Import Request.
  Time since last request: 0.000023 seconds.
  path: Assets/_Unity Essentials/Tutorials/M_03_Audio/3.1/Step_3.1.3.asset
  artifactKey: Guid(a04457414e93e497da27a2308db18e2d) Importer(2089858483,3d70f49cd1c2eb9ae422958d1c652c6b)
Start importing Assets/_Unity Essentials/Tutorials/M_03_Audio/3.1/Step_3.1.3.asset using Guid(a04457414e93e497da27a2308db18e2d) Importer(2089858483,3d70f49cd1c2eb9ae422958d1c652c6b) (ScriptedImporter) -> (artifact id: '6d58b92f9a26b58c7d7320c9b27b77be') in 0.0204699 seconds
Number of updated asset objects reloaded before import = 0Number of asset objects unloaded after import = 0

========================================================================
Received Import Request.
  Time since last request: 0.000019 seconds.
  path: Assets/_Unity Essentials/Tutorials/M_02_3D/2.6/Step_2.6.2.asset
  artifactKey: Guid(5f7e980df311144b98a874d3820610ce) Importer(2089858483,3d70f49cd1c2eb9ae422958d1c652c6b)
Start importing Assets/_Unity Essentials/Tutorials/M_02_3D/2.6/Step_2.6.2.asset using Guid(5f7e980df311144b98a874d3820610ce) Importer(2089858483,3d70f49cd1c2eb9ae422958d1c652c6b) (ScriptedImporter) -> (artifact id: '0addfbeadaa8c51d663d2e545b5d0ac3') in 0.0264022 seconds
Number of updated asset objects reloaded before import = 0Number of asset objects unloaded after import = 1

========================================================================
Received Import Request.
  Time since last request: 0.000020 seconds.
  path: Assets/_Unity Essentials/Tutorials/M_03_Audio/3.1/Step_3.1.5.asset
  artifactKey: Guid(af63fb48f4d83408ab43de001a85f553) Importer(2089858483,3d70f49cd1c2eb9ae422958d1c652c6b)
Start importing Assets/_Unity Essentials/Tutorials/M_03_Audio/3.1/Step_3.1.5.asset using Guid(af63fb48f4d83408ab43de001a85f553) Importer(2089858483,3d70f49cd1c2eb9ae422958d1c652c6b) (ScriptedImporter) -> (artifact id: '25d54406341fc34a37289a3dd1ca7a0a') in 0.0193982 seconds
Number of updated asset objects reloaded before import = 0Number of asset objects unloaded after import = 0

========================================================================
Received Import Request.
  Time since last request: 0.000031 seconds.
  path: Assets/_Unity Essentials/Tutorials/M_03_Audio/3.2 - Audio MTTT/Step_3.2.4.asset
  artifactKey: Guid(09596bc6ee8ce3a4ba9d5872ecd467dd) Importer(2089858483,3d70f49cd1c2eb9ae422958d1c652c6b)
Start importing Assets/_Unity Essentials/Tutorials/M_03_Audio/3.2 - Audio MTTT/Step_3.2.4.asset using Guid(09596bc6ee8ce3a4ba9d5872ecd467dd) Importer(2089858483,3d70f49cd1c2eb9ae422958d1c652c6b) (ScriptedImporter) -> (artifact id: 'baea492c6263f0aee221fc07a02da669') in 0.0216604 seconds
Number of updated asset objects reloaded before import = 0Number of asset objects unloaded after import = 0

========================================================================
Received Import Request.
  Time since last request: 0.000020 seconds.
  path: Assets/_Unity Essentials/Tutorials/M_04_Prog/4.1/Step_4.1.2.asset
  artifactKey: Guid(a2867451ce973614188ef66074bee38c) Importer(2089858483,3d70f49cd1c2eb9ae422958d1c652c6b)
Start importing Assets/_Unity Essentials/Tutorials/M_04_Prog/4.1/Step_4.1.2.asset using Guid(a2867451ce973614188ef66074bee38c) Importer(2089858483,3d70f49cd1c2eb9ae422958d1c652c6b) (ScriptedImporter) -> (artifact id: 'fc1b8f55294da696ff4250ba6d844c0b') in 0.0240352 seconds
Number of updated asset objects reloaded before import = 0Number of asset objects unloaded after import = 1

========================================================================
Received Import Request.
  Time since last request: 0.000027 seconds.
  path: Assets/_Unity Essentials/Tutorials/M_03_Audio/3.1/Step_3.1.1.asset
  artifactKey: Guid(282877439deb9451bb80c018532f7114) Importer(2089858483,3d70f49cd1c2eb9ae422958d1c652c6b)
Start importing Assets/_Unity Essentials/Tutorials/M_03_Audio/3.1/Step_3.1.1.asset using Guid(282877439deb9451bb80c018532f7114) Importer(2089858483,3d70f49cd1c2eb9ae422958d1c652c6b) (ScriptedImporter) -> (artifact id: 'dc6e59028a1041fb4f194c43e7ed43a7') in 0.0209767 seconds
Number of updated asset objects reloaded before import = 0Number of asset objects unloaded after import = 0

========================================================================
Received Import Request.
  Time since last request: 0.000026 seconds.
  path: Assets/_Unity Essentials/Tutorials/M_04_Prog/4.2/Step_4.2.2.asset
  artifactKey: Guid(a8c044f641c884eaea50eb2c03079d84) Importer(2089858483,3d70f49cd1c2eb9ae422958d1c652c6b)
Start importing Assets/_Unity Essentials/Tutorials/M_04_Prog/4.2/Step_4.2.2.asset using Guid(a8c044f641c884eaea50eb2c03079d84) Importer(2089858483,3d70f49cd1c2eb9ae422958d1c652c6b) (ScriptedImporter) -> (artifact id: '505cee2bd5f09a970daeaeeca68393ab') in 0.0167819 seconds
Number of updated asset objects reloaded before import = 0Number of asset objects unloaded after import = 0

========================================================================
Received Import Request.
  Time since last request: 0.000050 seconds.
  path: Assets/_Unity Essentials/Tutorials/M_04_Prog/4.2/Step_4.2.6.asset
  artifactKey: Guid(41a9127a1465e472bb8931046e60e053) Importer(2089858483,3d70f49cd1c2eb9ae422958d1c652c6b)
Start importing Assets/_Unity Essentials/Tutorials/M_04_Prog/4.2/Step_4.2.6.asset using Guid(41a9127a1465e472bb8931046e60e053) Importer(2089858483,3d70f49cd1c2eb9ae422958d1c652c6b) (ScriptedImporter) -> (artifact id: 'dd353b94dc2b7b09a684ac0663d2e2dd') in 0.0208142 seconds
Number of updated asset objects reloaded before import = 0Number of asset objects unloaded after import = 0

========================================================================
Received Import Request.
  Time since last request: 0.000029 seconds.
  path: Assets/_Unity Essentials/Tutorials/M_04_Prog/4.3/Step_4.3.12.asset
  artifactKey: Guid(d2e3faf3d4c3a4603b4969872a483f86) Importer(2089858483,3d70f49cd1c2eb9ae422958d1c652c6b)
Start importing Assets/_Unity Essentials/Tutorials/M_04_Prog/4.3/Step_4.3.12.asset using Guid(d2e3faf3d4c3a4603b4969872a483f86) Importer(2089858483,3d70f49cd1c2eb9ae422958d1c652c6b) (ScriptedImporter) -> (artifact id: 'a9dccf4fdcbb4c5124907f13d0331de5') in 0.0189467 seconds
Number of updated asset objects reloaded before import = 0Number of asset objects unloaded after import = 0

========================================================================
Received Import Request.
  Time since last request: 0.000021 seconds.
  path: Assets/_Unity Essentials/Tutorials/M_04_Prog/4.1/Tut 4.1.asset
  artifactKey: Guid(97ed548fe019e487c8196755312795f5) Importer(2089858483,3d70f49cd1c2eb9ae422958d1c652c6b)
Start importing Assets/_Unity Essentials/Tutorials/M_04_Prog/4.1/Tut 4.1.asset using Guid(97ed548fe019e487c8196755312795f5) Importer(2089858483,3d70f49cd1c2eb9ae422958d1c652c6b) (ScriptedImporter) -> (artifact id: 'fa386d347cfa8533cd601c20937c0ddb') in 0.8795257 seconds
Number of updated asset objects reloaded before import = 0Number of asset objects unloaded after import = 262

========================================================================
Received Import Request.
  Time since last request: 0.000030 seconds.
  path: Assets/_Unity Essentials/Tutorials/M_05_2D/5.5/Step_5.5.2.asset
  artifactKey: Guid(8f981685700a67d4e9cc9858501c685c) Importer(2089858483,3d70f49cd1c2eb9ae422958d1c652c6b)
Start importing Assets/_Unity Essentials/Tutorials/M_05_2D/5.5/Step_5.5.2.asset using Guid(8f981685700a67d4e9cc9858501c685c) Importer(2089858483,3d70f49cd1c2eb9ae422958d1c652c6b) (ScriptedImporter) -> (artifact id: '62516f6deef43c1bcbd5ff3734413b71') in 0.0232864 seconds
Number of updated asset objects reloaded before import = 0Number of asset objects unloaded after import = 1

========================================================================
Received Import Request.
  Time since last request: 0.000036 seconds.
  path: Assets/_Unity Essentials/Tutorials/M_05_2D/5.2/Step_5.2.4.asset
  artifactKey: Guid(50b0a418a01da493298c3a1eca18c652) Importer(2089858483,3d70f49cd1c2eb9ae422958d1c652c6b)
Start importing Assets/_Unity Essentials/Tutorials/M_05_2D/5.2/Step_5.2.4.asset using Guid(50b0a418a01da493298c3a1eca18c652) Importer(2089858483,3d70f49cd1c2eb9ae422958d1c652c6b) (ScriptedImporter) -> (artifact id: '61a851884d72036fa013edbd2e57dc43') in 0.0185297 seconds
Number of updated asset objects reloaded before import = 0Number of asset objects unloaded after import = 0

========================================================================
Received Import Request.
  Time since last request: 0.000023 seconds.
  path: Assets/_Unity Essentials/Tutorials/M_05_2D/5.4/Tut_5.4.asset
  artifactKey: Guid(9a98d58d3cba3b44ea25ee320ce2eefd) Importer(2089858483,3d70f49cd1c2eb9ae422958d1c652c6b)
Start importing Assets/_Unity Essentials/Tutorials/M_05_2D/5.4/Tut_5.4.asset using Guid(9a98d58d3cba3b44ea25ee320ce2eefd) Importer(2089858483,3d70f49cd1c2eb9ae422958d1c652c6b) (ScriptedImporter) -> (artifact id: '499ee8c57827a8776e46cdf26b8e4077') in 0.8644537 seconds
Number of updated asset objects reloaded before import = 0Number of asset objects unloaded after import = 262

========================================================================
Received Import Request.
  Time since last request: 0.000026 seconds.
  path: Assets/_Unity Essentials/Sprites/Collectibles/Star_2D.prefab
  artifactKey: Guid(7ab3a4f3d38ad4e2e84cabbb4aec3530) Importer(2089858483,3d70f49cd1c2eb9ae422958d1c652c6b)
Start importing Assets/_Unity Essentials/Sprites/Collectibles/Star_2D.prefab using Guid(7ab3a4f3d38ad4e2e84cabbb4aec3530) Importer(2089858483,3d70f49cd1c2eb9ae422958d1c652c6b) (ScriptedImporter) -> (artifact id: 'c3501102d1a95e06b0477610154b4b9f') in 0.0249226 seconds
Number of updated asset objects reloaded before import = 0Number of asset objects unloaded after import = 14

========================================================================
Received Import Request.
  Time since last request: 0.000034 seconds.
  path: Assets/_Unity Essentials/Prefabs/Kitchen/Cooktop_30in_Gas_KN001.prefab
  artifactKey: Guid(4e0b8dcfc3ec33846a8b4c0b13dc022e) Importer(2089858483,3d70f49cd1c2eb9ae422958d1c652c6b)
Start importing Assets/_Unity Essentials/Prefabs/Kitchen/Cooktop_30in_Gas_KN001.prefab using Guid(4e0b8dcfc3ec33846a8b4c0b13dc022e) Importer(2089858483,3d70f49cd1c2eb9ae422958d1c652c6b) (ScriptedImporter) -> (artifact id: 'ff1bf9ccffb8efc32b40f3262d05bb6e') in 0.0552352 seconds
Number of updated asset objects reloaded before import = 0Number of asset objects unloaded after import = 33

========================================================================
Received Import Request.
  Time since last request: 0.000016 seconds.
  path: Assets/_Unity Essentials/Tutorials/M_01_Editor/1.1/Step_1.1.6.asset
  artifactKey: Guid(be45c855e1a58de49a4771b6a9e08235) Importer(2089858483,3d70f49cd1c2eb9ae422958d1c652c6b)
Start importing Assets/_Unity Essentials/Tutorials/M_01_Editor/1.1/Step_1.1.6.asset using Guid(be45c855e1a58de49a4771b6a9e08235) Importer(2089858483,3d70f49cd1c2eb9ae422958d1c652c6b) (ScriptedImporter) -> (artifact id: 'bc5363fa636bcbdd213fd07bf6841340') in 0.0194887 seconds
Number of updated asset objects reloaded before import = 0Number of asset objects unloaded after import = 0

========================================================================
Received Import Request.
  Time since last request: 0.000048 seconds.
  path: Assets/_Unity Essentials/Prefabs/VFX/VFX_Splatter.prefab
  artifactKey: Guid(919783951ffab4c9ea8860c54de9543c) Importer(2089858483,3d70f49cd1c2eb9ae422958d1c652c6b)
Start importing Assets/_Unity Essentials/Prefabs/VFX/VFX_Splatter.prefab using Guid(919783951ffab4c9ea8860c54de9543c) Importer(2089858483,3d70f49cd1c2eb9ae422958d1c652c6b) (ScriptedImporter) -> (artifact id: '9ca0cdf7e8d2f35fda245a2ea12715f4') in 0.0198995 seconds
Number of updated asset objects reloaded before import = 0Number of asset objects unloaded after import = 7

========================================================================
Received Import Request.
  Time since last request: 0.000019 seconds.
  path: Assets/KajamansRoads/Free
  artifactKey: Guid(d87f82d568bd0c046b56315a8719cc5d) Importer(2089858483,192608db42251d675da83286b1cce702)
Start importing Assets/KajamansRoads/Free using Guid(d87f82d568bd0c046b56315a8719cc5d) Importer(2089858483,192608db42251d675da83286b1cce702) (ScriptedImporter) -> (artifact id: 'ef8c7aaf504c3f6498666cdeb7b943e5') in 0.0218948 seconds
Number of updated asset objects reloaded before import = 0Number of asset objects unloaded after import = 1

========================================================================
Received Import Request.
  Time since last request: 0.000046 seconds.
  path: Assets/_Unity Essentials/Scenes/6_Bonus_Custom_Scene.unity
  artifactKey: Guid(9f23fd4a84396415f878719f61b600b0) Importer(2089858483,3d70f49cd1c2eb9ae422958d1c652c6b)
Start importing Assets/_Unity Essentials/Scenes/6_Bonus_Custom_Scene.unity using Guid(9f23fd4a84396415f878719f61b600b0) Importer(2089858483,3d70f49cd1c2eb9ae422958d1c652c6b) (ScriptedImporter)Opening scene 'Assets/_Unity Essentials/Scenes/6_Bonus_Custom_Scene.unity additively'
LightingSettings: switching bake backend from 1 to 2.
Loaded scene 'Assets/_Unity Essentials/Scenes/6_Bonus_Custom_Scene.unity'
	Deserialize:            2.194 ms
	Integration:            49.505 ms
	Integration of assets:  0.014 ms
	Thread Wait Time:       0.013 ms
	Total Operation Time:   51.727 ms
 -> (artifact id: 'f8b2e9fd23f7802fd0a4d06ed76e92ae') in 0.1226225 seconds
Number of updated asset objects reloaded before import = 0Number of asset objects unloaded after import = 434

========================================================================
Received Import Request.
  Time since last request: 0.000026 seconds.
  path: Assets/_Unity Essentials/Tutorials/M_02_3D/2.5/Step_2.5.4.asset
  artifactKey: Guid(5a0cd41474b35094db760be662589ba2) Importer(2089858483,3d70f49cd1c2eb9ae422958d1c652c6b)
Start importing Assets/_Unity Essentials/Tutorials/M_02_3D/2.5/Step_2.5.4.asset using Guid(5a0cd41474b35094db760be662589ba2) Importer(2089858483,3d70f49cd1c2eb9ae422958d1c652c6b) (ScriptedImporter) -> (artifact id: 'f7f767be366f992555cbaf21df2ffe2f') in 0.0199516 seconds
Number of updated asset objects reloaded before import = 0Number of asset objects unloaded after import = 0

========================================================================
Received Import Request.
  Time since last request: 0.000029 seconds.
  path: Assets/BrokenVector/LowPolyRoadPack/Prefabs/Parkinglot Center 3.prefab
  artifactKey: Guid(baf7bb04094c1fe4d994d728999eae1b) Importer(2089858483,3d70f49cd1c2eb9ae422958d1c652c6b)
Start importing Assets/BrokenVector/LowPolyRoadPack/Prefabs/Parkinglot Center 3.prefab using Guid(baf7bb04094c1fe4d994d728999eae1b) Importer(2089858483,3d70f49cd1c2eb9ae422958d1c652c6b) (ScriptedImporter) -> (artifact id: '3c4bb9d062f3bdf85f2ae7a03d981424') in 0.0228882 seconds
Number of updated asset objects reloaded before import = 0Number of asset objects unloaded after import = 9

========================================================================
Received Import Request.
  Time since last request: 0.000035 seconds.
  path: Assets/_Unity Essentials/Tutorials/M_02_3D/2.2/Step_2.2.2.asset
  artifactKey: Guid(e0f7c4380f27e4c93ada34b39d38ebf8) Importer(2089858483,3d70f49cd1c2eb9ae422958d1c652c6b)
Start importing Assets/_Unity Essentials/Tutorials/M_02_3D/2.2/Step_2.2.2.asset using Guid(e0f7c4380f27e4c93ada34b39d38ebf8) Importer(2089858483,3d70f49cd1c2eb9ae422958d1c652c6b) (ScriptedImporter) -> (artifact id: 'e1ea4146996be3bd90d50e2945f8b3a3') in 0.0224034 seconds
Number of updated asset objects reloaded before import = 0Number of asset objects unloaded after import = 0

========================================================================
Received Import Request.
  Time since last request: 0.000020 seconds.
  path: Assets/_Unity Essentials/Tutorials/M_05_2D/5.4/Step_5.4.4.asset
  artifactKey: Guid(1c45d2fcb78cb6a459e5328ff3a0d0dc) Importer(2089858483,3d70f49cd1c2eb9ae422958d1c652c6b)
Start importing Assets/_Unity Essentials/Tutorials/M_05_2D/5.4/Step_5.4.4.asset using Guid(1c45d2fcb78cb6a459e5328ff3a0d0dc) Importer(2089858483,3d70f49cd1c2eb9ae422958d1c652c6b) (ScriptedImporter) -> (artifact id: '96a4f811243930a258ce60ce5cfdc1d4') in 0.0199779 seconds
Number of updated asset objects reloaded before import = 0Number of asset objects unloaded after import = 0

========================================================================
Received Import Request.
  Time since last request: 0.000019 seconds.
  path: Assets/_Unity Essentials/Tutorials/M_02_3D/2.3/Step_2.3.5.asset
  artifactKey: Guid(f3781ed2906c940cba909a28bb4552a6) Importer(2089858483,3d70f49cd1c2eb9ae422958d1c652c6b)
Start importing Assets/_Unity Essentials/Tutorials/M_02_3D/2.3/Step_2.3.5.asset using Guid(f3781ed2906c940cba909a28bb4552a6) Importer(2089858483,3d70f49cd1c2eb9ae422958d1c652c6b) (ScriptedImporter) -> (artifact id: '5fe5572aa3a8a4209b0bdfbf6148a43b') in 0.0177773 seconds
Number of updated asset objects reloaded before import = 0Number of asset objects unloaded after import = 0

Editor requested this worker to shutdown with reason: balancing worker count downwards
AssetImportWorker is now disconnected from the server
Process exiting
Exiting without the bug reporter. Application will terminate with return code 0